Archive member included to satisfy reference by file (symbol)

C:\Users\Sijin\Documents\SiLabs\BLE-Guide\BLE-soc-basic\platform\radio\rail_lib\autogen\librail_release\librail_module_efr32xg13_gcc_release.a(rail_pti.o)
                              ./pti.o (RAIL_ConfigPti)
C:\Users\Sijin\Documents\SiLabs\BLE-Guide\BLE-soc-basic\platform\radio\rail_lib\autogen\librail_release\librail_module_efr32xg13_gcc_release.a(rail_rf_hal.o)
                              C:\Users\Sijin\Documents\SiLabs\BLE-Guide\BLE-soc-basic\platform\radio\rail_lib\autogen\librail_release\librail_module_efr32xg13_gcc_release.a(rail_pti.o) (RAILINT_d2275ce494141a43924ec452d3ba7576)
C:\Users\Sijin\Documents\SiLabs\BLE-Guide\BLE-soc-basic\platform\radio\rail_lib\autogen\librail_release\librail_module_efr32xg13_gcc_release.a(rail_ieee802154_rf_hal.o)
                              C:\Users\Sijin\Documents\SiLabs\BLE-Guide\BLE-soc-basic\platform\radio\rail_lib\autogen\librail_release\librail_module_efr32xg13_gcc_release.a(rail_rf_hal.o) (RAILINT_d4473776f83cbc0e517010e932869722)
C:\Users\Sijin\Documents\SiLabs\BLE-Guide\BLE-soc-basic\platform\radio\rail_lib\autogen\librail_release\librail_module_efr32xg13_gcc_release.a(rail_ble_rf_hal.o)
                              C:\Users\Sijin\Documents\SiLabs\BLE-Guide\BLE-soc-basic\platform\radio\rail_lib\autogen\librail_release\librail_module_efr32xg13_gcc_release.a(rail_rf_hal.o) (RAILINT_b1bc1368cb0ab6c3a512d68344391b7e)
C:\Users\Sijin\Documents\SiLabs\BLE-Guide\BLE-soc-basic\platform\radio\rail_lib\autogen\librail_release\librail_module_efr32xg13_gcc_release.a(rail_singleprotocol.o)
                              C:\Users\Sijin\Documents\SiLabs\BLE-Guide\BLE-soc-basic\platform\radio\rail_lib\autogen\librail_release\librail_module_efr32xg13_gcc_release.a(rail_rf_hal.o) (RAIL_ActiveHandle)
C:\Users\Sijin\Documents\SiLabs\BLE-Guide\BLE-soc-basic\platform\radio\rail_lib\autogen\librail_release\librail_module_efr32xg13_gcc_release.a(rail_rf.o)
                              C:\Users\Sijin\Documents\SiLabs\BLE-Guide\BLE-soc-basic\platform\radio\rail_lib\autogen\librail_release\librail_module_efr32xg13_gcc_release.a(rail_singleprotocol.o) (RAILINT_59121321a1358ecc506fdb12a688e30c)
C:\Users\Sijin\Documents\SiLabs\BLE-Guide\BLE-soc-basic\platform\radio\rail_lib\autogen\librail_release\librail_module_efr32xg13_gcc_release.a(rail_rx.o)
                              C:\Users\Sijin\Documents\SiLabs\BLE-Guide\BLE-soc-basic\platform\radio\rail_lib\autogen\librail_release\librail_module_efr32xg13_gcc_release.a(rail_rf_hal.o) (RAILINT_b5e0637c62bb3b836502f3f63757d920)
C:\Users\Sijin\Documents\SiLabs\BLE-Guide\BLE-soc-basic\platform\radio\rail_lib\autogen\librail_release\librail_module_efr32xg13_gcc_release.a(rail_tx.o)
                              C:\Users\Sijin\Documents\SiLabs\BLE-Guide\BLE-soc-basic\platform\radio\rail_lib\autogen\librail_release\librail_module_efr32xg13_gcc_release.a(rail_singleprotocol.o) (RAILINT_59a1e3a8f29d5e090128a9d6830a6ec9)
C:\Users\Sijin\Documents\SiLabs\BLE-Guide\BLE-soc-basic\platform\radio\rail_lib\autogen\librail_release\librail_module_efr32xg13_gcc_release.a(rail_calibration.o)
                              C:\Users\Sijin\Documents\SiLabs\BLE-Guide\BLE-soc-basic\platform\radio\rail_lib\autogen\librail_release\librail_module_efr32xg13_gcc_release.a(rail_rf_hal.o) (RAILINT_3f0b6529856489702e1c986caf70e7aa)
C:\Users\Sijin\Documents\SiLabs\BLE-Guide\BLE-soc-basic\platform\radio\rail_lib\autogen\librail_release\librail_module_efr32xg13_gcc_release.a(rail_data.o)
                              C:\Users\Sijin\Documents\SiLabs\BLE-Guide\BLE-soc-basic\platform\radio\rail_lib\autogen\librail_release\librail_module_efr32xg13_gcc_release.a(rail_rf_hal.o) (RAILCb_SetupRxFifo)
C:\Users\Sijin\Documents\SiLabs\BLE-Guide\BLE-soc-basic\platform\radio\rail_lib\autogen\librail_release\librail_module_efr32xg13_gcc_release.a(rail_assert.o)
                              C:\Users\Sijin\Documents\SiLabs\BLE-Guide\BLE-soc-basic\platform\radio\rail_lib\autogen\librail_release\librail_module_efr32xg13_gcc_release.a(rail_rf_hal.o) (RAILINT_999bd22c50df2f99ce048cba68f11c3a)
C:\Users\Sijin\Documents\SiLabs\BLE-Guide\BLE-soc-basic\platform\radio\rail_lib\autogen\librail_release\librail_module_efr32xg13_gcc_release.a(rail_rssi.o)
                              C:\Users\Sijin\Documents\SiLabs\BLE-Guide\BLE-soc-basic\platform\radio\rail_lib\autogen\librail_release\librail_module_efr32xg13_gcc_release.a(rail_singleprotocol.o) (RAILINT_2ae173a878096855d408617a125c7b42)
C:\Users\Sijin\Documents\SiLabs\BLE-Guide\BLE-soc-basic\platform\radio\rail_lib\autogen\librail_release\librail_module_efr32xg13_gcc_release.a(rail_timer.o)
                              C:\Users\Sijin\Documents\SiLabs\BLE-Guide\BLE-soc-basic\platform\radio\rail_lib\autogen\librail_release\librail_module_efr32xg13_gcc_release.a(rail_singleprotocol.o) (RAILINT_b6e199795dd44eee119efd9607ebf619)
[...]
Memory Configuration

Name             Origin             Length             Attributes
FLASH_BOOTLOADER 0x0fe10000         0x00004000         xr
FLASH            0x00000000         0x00080000         xr
RAM              0x20000000         0x00010000         xrw
*default*        0x00000000         0xffffffff

Linker script and memory map

LOAD c:/siliconlabs/simplicitystudio/v4/developer/toolchains/gnu_arm/7.2_2017q4/bin/../lib/gcc/arm-none-eabi/7.2.1/thumb/v7e-m/fpv4-sp/softfp/crti.o
LOAD c:/siliconlabs/simplicitystudio/v4/developer/toolchains/gnu_arm/7.2_2017q4/bin/../lib/gcc/arm-none-eabi/7.2.1/thumb/v7e-m/fpv4-sp/softfp/crtbegin.o
LOAD c:/siliconlabs/simplicitystudio/v4/developer/toolchains/gnu_arm/7.2_2017q4/bin/../lib/gcc/arm-none-eabi/7.2.1/../../../../arm-none-eabi/lib/thumb/v7e-m/fpv4-sp/softfp/crt0.o
START GROUP
LOAD ./app/bluetooth/common/util/infrastructure.o
LOAD ./app.o
LOAD ./application_properties.o
LOAD ./gatt_db.o
LOAD ./init_app.o
LOAD ./init_board_efr32xg1.o
LOAD ./init_mcu_efr32xg1.o
LOAD ./main.o
LOAD ./pti.o
LOAD ./hardware/kit/common/bsp/bsp_stk.o
LOAD ./hardware/kit/common/drivers/mx25flash_spi.o
LOAD ./hardware/kit/common/drivers/retargetio.o
LOAD ./hardware/kit/common/drivers/retargetserial.o
LOAD ./platform/Device/SiliconLabs/BGM13/Source/GCC/startup_bgm13.o
LOAD ./platform/Device/SiliconLabs/BGM13/Source/system_bgm13.o
LOAD ./platform/emdrv/sleep/src/sleep.o
LOAD ./platform/emlib/src/em_adc.o
LOAD ./platform/emlib/src/em_assert.o
LOAD ./platform/emlib/src/em_burtc.o
LOAD ./platform/emlib/src/em_cmu.o
LOAD ./platform/emlib/src/em_core.o
LOAD ./platform/emlib/src/em_cryotimer.o
LOAD ./platform/emlib/src/em_crypto.o
LOAD ./platform/emlib/src/em_emu.o
LOAD ./platform/emlib/src/em_gpio.o
LOAD ./platform/emlib/src/em_i2c.o
LOAD ./platform/emlib/src/em_msc.o
LOAD ./platform/emlib/src/em_rmu.o
LOAD ./platform/emlib/src/em_rtcc.o
LOAD ./platform/emlib/src/em_se.o
LOAD ./platform/emlib/src/em_system.o
LOAD ./platform/emlib/src/em_timer.o
LOAD ./platform/emlib/src/em_usart.o
LOAD C:\Users\Sijin\Documents\SiLabs\BLE-Guide\BLE-soc-basic\platform\radio\rail_lib\autogen\librail_release\librail_module_efr32xg13_gcc_release.a
LOAD C:\Users\Sijin\Documents\SiLabs\BLE-Guide\BLE-soc-basic\protocol\bluetooth\lib\EFR32BG13P\GCC\libbluetooth.a
LOAD C:\Users\Sijin\Documents\SiLabs\BLE-Guide\BLE-soc-basic\protocol\bluetooth\lib\EFR32BG13P\GCC\binapploader.o
LOAD C:\Users\Sijin\Documents\SiLabs\BLE-Guide\BLE-soc-basic\protocol\bluetooth\lib\EFR32BG13P\GCC\libmbedtls.a
LOAD C:\Users\Sijin\Documents\SiLabs\BLE-Guide\BLE-soc-basic\platform\radio\rail_lib\autogen\librail_release\librail_config_bgm13s32f512ga_gcc.a
LOAD C:\Users\Sijin\Documents\SiLabs\BLE-Guide\BLE-soc-basic\protocol\bluetooth\lib\EFR32BG13P\GCC\libpsstore.a
LOAD c:/siliconlabs/simplicitystudio/v4/developer/toolchains/gnu_arm/7.2_2017q4/bin/../lib/gcc/arm-none-eabi/7.2.1/../../../../arm-none-eabi/lib/thumb/v7e-m/fpv4-sp/softfp\libm.a
END GROUP
START GROUP
LOAD c:/siliconlabs/simplicitystudio/v4/developer/toolchains/gnu_arm/7.2_2017q4/bin/../lib/gcc/arm-none-eabi/7.2.1/thumb/v7e-m/fpv4-sp/softfp\libgcc.a
LOAD c:/siliconlabs/simplicitystudio/v4/developer/toolchains/gnu_arm/7.2_2017q4/bin/../lib/gcc/arm-none-eabi/7.2.1/../../../../arm-none-eabi/lib/thumb/v7e-m/fpv4-sp/softfp\libc_nano.a
LOAD c:/siliconlabs/simplicitystudio/v4/developer/toolchains/gnu_arm/7.2_2017q4/bin/../lib/gcc/arm-none-eabi/7.2.1/../../../../arm-none-eabi/lib/thumb/v7e-m/fpv4-sp/softfp\libnosys.a
END GROUP
START GROUP
LOAD c:/siliconlabs/simplicitystudio/v4/developer/toolchains/gnu_arm/7.2_2017q4/bin/../lib/gcc/arm-none-eabi/7.2.1/thumb/v7e-m/fpv4-sp/softfp\libgcc.a
LOAD c:/siliconlabs/simplicitystudio/v4/developer/toolchains/gnu_arm/7.2_2017q4/bin/../lib/gcc/arm-none-eabi/7.2.1/../../../../arm-none-eabi/lib/thumb/v7e-m/fpv4-sp/softfp\libg_nano.a
LOAD c:/siliconlabs/simplicitystudio/v4/developer/toolchains/gnu_arm/7.2_2017q4/bin/../lib/gcc/arm-none-eabi/7.2.1/../../../../arm-none-eabi/lib/thumb/v7e-m/fpv4-sp/softfp\libc_nano.a
END GROUP
START GROUP
LOAD c:/siliconlabs/simplicitystudio/v4/developer/toolchains/gnu_arm/7.2_2017q4/bin/../lib/gcc/arm-none-eabi/7.2.1/thumb/v7e-m/fpv4-sp/softfp\libgcc.a
LOAD c:/siliconlabs/simplicitystudio/v4/developer/toolchains/gnu_arm/7.2_2017q4/bin/../lib/gcc/arm-none-eabi/7.2.1/../../../../arm-none-eabi/lib/thumb/v7e-m/fpv4-sp/softfp\libc_nano.a
END GROUP
LOAD c:/siliconlabs/simplicitystudio/v4/developer/toolchains/gnu_arm/7.2_2017q4/bin/../lib/gcc/arm-none-eabi/7.2.1/thumb/v7e-m/fpv4-sp/softfp/crtend.o
LOAD c:/siliconlabs/simplicitystudio/v4/developer/toolchains/gnu_arm/7.2_2017q4/bin/../lib/gcc/arm-none-eabi/7.2.1/thumb/v7e-m/fpv4-sp/softfp/crtn.o

.text_bootloader
                0x0fe10000        0x0
 *(.binbootloader*)
                0x0fe10000                . = ALIGN (0x4000)

.text_apploader
                0x00000000     0xa7c0
 *(.binapploader*)
 .binapploader  0x00000000     0xa7c0 C:\Users\Sijin\Documents\SiLabs\BLE-Guide\BLE-soc-basic\protocol\bluetooth\lib\EFR32BG13P\GCC\binapploader.o

.text_signature
                0x0000a7c0       0x40
                0x0000a800                . = ALIGN (0x800)
 *fill*         0x0000a7c0       0x40 
                0x0000a800                __text_start__ = .

.text_application
                0x0000a800    0x228f8
 *(.vectors)
 .vectors       0x0000a800       0xfc ./platform/Device/SiliconLabs/BGM13/Source/GCC/startup_bgm13.o
                0x0000a800                __Vectors
                0x0000a8fc                __Vectors_End = .
                0x000000fc                __Vectors_Size = (__Vectors_End - __Vectors)
                0x0000a8fc                __end__ = .
 *(.application_properties)
 .application_properties
                0x0000a8fc       0x40 ./application_properties.o
                0x0000a8fc                applicationProperties
 *(.gecko_configuration)
 *(.xo_configuration)
 *(.gatt_header)
 .gatt_header   0x0000a93c       0x34 ./gatt_db.o
                0x0000a93c                bg_gattdb_data
 *(.gatt_data)
 .gatt_data     0x0000a970      0x2fe ./gatt_db.o
                0x0000a970                bg_gattdb_data_adv_uuid128_map
                0x0000a974                bg_gattdb_data_adv_uuid16_map
                0x0000a978                bg_gattdb_data_attributes_dynamic_mapping_map
                0x0000a988                bg_gattdb_data_attributes_map
                0x0000aae4                bg_gattdb_data_attribute_field_0
                0x0000aae8                bg_gattdb_data_attribute_field_1
                0x0000aaf0                bg_gattdb_data_attribute_field_2
                0x0000aaf8                bg_gattdb_data_attribute_field_4
                0x0000ab00                bg_gattdb_data_attribute_field_5
                0x0000ab08                bg_gattdb_data_attribute_field_6
                0x0000ab10                bg_gattdb_data_attribute_field_7
                0x0000ab18                bg_gattdb_data_attribute_field_8
                0x0000ab1c                bg_gattdb_data_attribute_field_9
                0x0000ab24                bg_gattdb_data_attribute_field_10
                0x0000ab2c                bg_gattdb_data_attribute_field_11
                0x0000ab34                bg_gattdb_data_attribute_field_12
                0x0000ab38                bg_gattdb_data_attribute_field_13
                0x0000ab3c                bg_gattdb_data_attribute_field_14
                0x0000ab44                bg_gattdb_data_attribute_field_15
                0x0000ab54                bg_gattdb_data_attribute_field_16
                0x0000ab5c                bg_gattdb_data_attribute_field_17
                0x0000ab68                bg_gattdb_data_attribute_field_18
                0x0000ab70                bg_gattdb_data_attribute_field_19
                0x0000ab78                bg_gattdb_data_attribute_field_20
                0x0000ab8c                bg_gattdb_data_attribute_field_21
                0x0000aba4                bg_gattdb_data_attribute_field_22
                0x0000abac                bg_gattdb_data_attribute_field_23
                0x0000abc0                bg_gattdb_data_attribute_field_24
                0x0000abd8                bg_gattdb_data_attribute_field_25
                0x0000abe0                bg_gattdb_data_attribute_field_26
                0x0000abf8                bg_gattdb_data_attribute_field_27
                0x0000ac00                bg_gattdb_data_uuidtable_128_map
                0x0000ac50                bg_gattdb_data_uuidtable_16_map
 *(.text*)
 *fill*         0x0000ac6e        0x2 
 .text          0x0000ac70       0x40 c:/siliconlabs/simplicitystudio/v4/developer/toolchains/gnu_arm/7.2_2017q4/bin/../lib/gcc/arm-none-eabi/7.2.1/thumb/v7e-m/fpv4-sp/softfp/crtbegin.o
 .text          0x0000acb0       0x74 c:/siliconlabs/simplicitystudio/v4/developer/toolchains/gnu_arm/7.2_2017q4/bin/../lib/gcc/arm-none-eabi/7.2.1/../../../../arm-none-eabi/lib/thumb/v7e-m/fpv4-sp/softfp/crt0.o
                0x0000acb0                _start
                0x0000acb0                _mainCRTStartup
 .text.appMain  0x0000ad24      0x3a0 ./app.o
                0x0000ad24                appMain
 .text.initApp  0x0000b0c4       0x30 ./init_app.o
                0x0000b0c4                initApp
 .text.initBoard
                0x0000b0f4       0x44 ./init_board_efr32xg1.o
                0x0000b0f4                initBoard
 .text.initMcu  0x0000b138      0x148 ./init_mcu_efr32xg1.o
                0x0000b138                initMcu
 .text.startup.main
                0x0000b280       0x1c ./main.o
                0x0000b280                main
 .text.configEnablePti
                0x0000b29c       0x30 ./pti.o
                0x0000b29c                configEnablePti
 .text.MX25_init
                0x0000b2cc       0xa4 ./hardware/kit/common/drivers/mx25flash_spi.o
                0x0000b2cc                MX25_init
 .text.MX25_deinit
                0x0000b370       0x54 ./hardware/kit/common/drivers/mx25flash_spi.o
                0x0000b370                MX25_deinit
 .text.MX25_DP  0x0000b3c4       0x60 ./hardware/kit/common/drivers/mx25flash_spi.o
                0x0000b3c4                MX25_DP
 .text._close   0x0000b424        0x4 ./hardware/kit/common/drivers/retargetio.o
                0x0000b424                _close
 .text._exit    0x0000b428        0x4 ./hardware/kit/common/drivers/retargetio.o
                0x0000b428                _exit
 .text._fstat   0x0000b42c        0xc ./hardware/kit/common/drivers/retargetio.o
                0x0000b42c                _fstat
 .text._isatty  0x0000b438        0x4 ./hardware/kit/common/drivers/retargetio.o
                0x0000b438                _isatty
 .text._lseek   0x0000b43c        0x4 ./hardware/kit/common/drivers/retargetio.o
                0x0000b43c                _lseek
 .text._read    0x0000b440       0x2c ./hardware/kit/common/drivers/retargetio.o
                0x0000b440                _read
 .text._sbrk    0x0000b46c       0x1c ./hardware/kit/common/drivers/retargetio.o
                0x0000b46c                _sbrk
 .text._write   0x0000b488       0x1c ./hardware/kit/common/drivers/retargetio.o
                0x0000b488                _write
 .text.USART0_RX_IRQHandler
                0x0000b4a4       0x54 ./hardware/kit/common/drivers/retargetserial.o
                0x0000b4a4                USART0_RX_IRQHandler
 .text.RETARGET_SerialInit
                0x0000b4f8       0xc8 ./hardware/kit/common/drivers/retargetserial.o
                0x0000b4f8                RETARGET_SerialInit
 .text.RETARGET_ReadChar
                0x0000b5c0       0x68 ./hardware/kit/common/drivers/retargetserial.o
                0x0000b5c0                RETARGET_ReadChar
 .text.RETARGET_WriteChar
                0x0000b628       0x48 ./hardware/kit/common/drivers/retargetserial.o
                0x0000b628                RETARGET_WriteChar
 .text.RETARGET_SerialFlush
                0x0000b670       0x10 ./hardware/kit/common/drivers/retargetserial.o
                0x0000b670                RETARGET_SerialFlush
 .text.Default_Handler
                0x0000b680        0x4 ./platform/Device/SiliconLabs/BGM13/Source/GCC/startup_bgm13.o
                0x0000b680                DebugMon_Handler
                0x0000b680                USART0_TX_IRQHandler
                0x0000b680                I2C0_IRQHandler
                0x0000b680                HardFault_Handler
                0x0000b680                SysTick_Handler
                0x0000b680                USART1_RX_IRQHandler
                0x0000b680                PendSV_Handler
                0x0000b680                NMI_Handler
                0x0000b680                I2C1_IRQHandler
                0x0000b680                WTIMER0_IRQHandler
                0x0000b680                CRYPTO0_IRQHandler
                0x0000b680                WDOG0_IRQHandler
                0x0000b680                USART1_TX_IRQHandler
                0x0000b680                SMU_IRQHandler
                0x0000b680                MSC_IRQHandler
                0x0000b680                ADC0_IRQHandler
                0x0000b680                UsageFault_Handler
                0x0000b680                WDOG1_IRQHandler
                0x0000b680                LEUART0_IRQHandler
                0x0000b680                FPUEH_IRQHandler
                0x0000b680                GPIO_EVEN_IRQHandler
                0x0000b680                VDAC0_IRQHandler
                0x0000b680                LDMA_IRQHandler
                0x0000b680                CSEN_IRQHandler
                0x0000b680                CRYPTO1_IRQHandler
                0x0000b680                TIMER0_IRQHandler
                0x0000b680                LETIMER0_IRQHandler
                0x0000b680                TIMER1_IRQHandler
                0x0000b680                TRNG0_IRQHandler
                0x0000b680                USART2_RX_IRQHandler
                0x0000b680                Default_Handler
                0x0000b680                EMU_IRQHandler
                0x0000b680                CRYOTIMER_IRQHandler
                0x0000b680                PCNT0_IRQHandler
                0x0000b680                ACMP0_IRQHandler
                0x0000b680                MemManage_Handler
                0x0000b680                SVC_Handler
                0x0000b680                RTCC_IRQHandler
                0x0000b680                CMU_IRQHandler
                0x0000b680                GPIO_ODD_IRQHandler
                0x0000b680                LESENSE_IRQHandler
                0x0000b680                BusFault_Handler
                0x0000b680                USART2_TX_IRQHandler
                0x0000b680                IDAC0_IRQHandler
 .text.Reset_Handler
                0x0000b684       0x2c ./platform/Device/SiliconLabs/BGM13/Source/GCC/startup_bgm13.o
                0x0000b684                Reset_Handler
 .text.SystemMaxCoreClockGet
                0x0000b6b0        0x8 ./platform/Device/SiliconLabs/BGM13/Source/system_bgm13.o
                0x0000b6b0                SystemMaxCoreClockGet
 .text.SystemHFClockGet
                0x0000b6b8       0x50 ./platform/Device/SiliconLabs/BGM13/Source/system_bgm13.o
                0x0000b6b8                SystemHFClockGet
 .text.SystemCoreClockGet
                0x0000b708       0x24 ./platform/Device/SiliconLabs/BGM13/Source/system_bgm13.o
                0x0000b708                SystemCoreClockGet
 .text.SystemHFXOClockGet
                0x0000b72c        0xc ./platform/Device/SiliconLabs/BGM13/Source/system_bgm13.o
                0x0000b72c                SystemHFXOClockGet
 .text.SystemHFXOClockSet
                0x0000b738       0x3c ./platform/Device/SiliconLabs/BGM13/Source/system_bgm13.o
                0x0000b738                SystemHFXOClockSet
 .text.SystemInit
                0x0000b774       0x1c ./platform/Device/SiliconLabs/BGM13/Source/system_bgm13.o
                0x0000b774                SystemInit
 .text.SystemLFRCOClockGet
                0x0000b790        0x8 ./platform/Device/SiliconLabs/BGM13/Source/system_bgm13.o
                0x0000b790                SystemLFRCOClockGet
 .text.SystemULFRCOClockGet
                0x0000b798        0x8 ./platform/Device/SiliconLabs/BGM13/Source/system_bgm13.o
                0x0000b798                SystemULFRCOClockGet
 .text.SystemLFXOClockGet
                0x0000b7a0        0xc ./platform/Device/SiliconLabs/BGM13/Source/system_bgm13.o
                0x0000b7a0                SystemLFXOClockGet
 .text.SystemLFXOClockSet
                0x0000b7ac       0x3c ./platform/Device/SiliconLabs/BGM13/Source/system_bgm13.o
                0x0000b7ac                SystemLFXOClockSet
 .text.sleepCallbackWrapper
                0x0000b7e8       0x14 ./platform/emdrv/sleep/src/sleep.o
 .text.enterEMx
                0x0000b7fc       0x54 ./platform/emdrv/sleep/src/sleep.o
 .text.SLEEP_Init
                0x0000b850       0x40 ./platform/emdrv/sleep/src/sleep.o
                0x0000b850                SLEEP_Init
 .text.SLEEP_Sleep
                0x0000b890       0x70 ./platform/emdrv/sleep/src/sleep.o
                0x0000b890                SLEEP_Sleep
 .text.SLEEP_SleepBlockBegin
                0x0000b900       0x18 ./platform/emdrv/sleep/src/sleep.o
                0x0000b900                SLEEP_SleepBlockBegin
 .text.SLEEP_SleepBlockEnd
                0x0000b918       0x1c ./platform/emdrv/sleep/src/sleep.o
                0x0000b918                SLEEP_SleepBlockEnd
 .text.SLEEP_LowestEnergyModeGet
                0x0000b934       0x1c ./platform/emdrv/sleep/src/sleep.o
                0x0000b934                SLEEP_LowestEnergyModeGet
 .text.ADC_LoadDevinfoCal
                0x0000b950       0xc0 ./platform/emlib/src/em_adc.o
 .text.ADC_InitSingle
                0x0000ba10       0xac ./platform/emlib/src/em_adc.o
                0x0000ba10                ADC_InitSingle
 .text.flashWaitStateControl
                0x0000babc       0x5c ./platform/emlib/src/em_cmu.o
 .text.flashWaitStateMax
                0x0000bb18       0x24 ./platform/emlib/src/em_cmu.o
 .text.CMU_OscillatorTuningSet.part.2
                0x0000bb3c       0x3c ./platform/emlib/src/em_cmu.o
 .text.CMU_UpdateWaitStates
                0x0000bb78       0x1c ./platform/emlib/src/em_cmu.o
                0x0000bb78                CMU_UpdateWaitStates
 .text.CMU_ClockEnable
                0x0000bb94       0x94 ./platform/emlib/src/em_cmu.o
                0x0000bb94                CMU_ClockEnable
 .text.CMU_ClockSelectGet
                0x0000bc28       0xc4 ./platform/emlib/src/em_cmu.o
                0x0000bc28                CMU_ClockSelectGet
 .text.lfClkGet
                0x0000bcec       0x94 ./platform/emlib/src/em_cmu.o
 .text.CMU_ClockFreqGet
                0x0000bd80      0x1b8 ./platform/emlib/src/em_cmu.o
                0x0000bd80                CMU_ClockFreqGet
 .text.CMU_OscillatorTuningWait
                0x0000bf38       0x48 ./platform/emlib/src/em_cmu.o
                0x0000bf38                CMU_OscillatorTuningWait
 .text.CMU_OscillatorEnable
                0x0000bf80      0x120 ./platform/emlib/src/em_cmu.o
                0x0000bf80                CMU_OscillatorEnable
 .text.CMU_ClockSelectSet
                0x0000c0a0      0x2a8 ./platform/emlib/src/em_cmu.o
                0x0000c0a0                CMU_ClockSelectSet
 .text.CMU_HFXOAutostartEnable
                0x0000c348       0xe4 ./platform/emlib/src/em_cmu.o
                0x0000c348                CMU_HFXOAutostartEnable
 .text.CMU_HFXOInit
                0x0000c42c       0x7c ./platform/emlib/src/em_cmu.o
                0x0000c42c                CMU_HFXOInit
 .text.CMU_LFXOInit
                0x0000c4a8       0x44 ./platform/emlib/src/em_cmu.o
                0x0000c4a8                CMU_LFXOInit
 .text.CORE_EnterCritical
                0x0000c4ec        0x8 ./platform/emlib/src/em_core.o
                0x0000c4ec                CORE_EnterCritical
 .text.CORE_ExitCritical
                0x0000c4f4        0x8 ./platform/emlib/src/em_core.o
                0x0000c4f4                CORE_ExitCritical
 .text.CORE_EnterAtomic
                0x0000c4fc        0x8 ./platform/emlib/src/em_core.o
                0x0000c4fc                CORE_EnterAtomic
 .text.CORE_ExitAtomic
                0x0000c504        0x4 ./platform/emlib/src/em_core.o
                0x0000c504                CORE_ExitAtomic
 .text.CORE_SetNvicRamTableHandler
                0x0000c508       0x10 ./platform/emlib/src/em_core.o
                0x0000c508                CORE_SetNvicRamTableHandler
 .text.CORE_InitNvicVectorTable
                0x0000c518       0x44 ./platform/emlib/src/em_core.o
                0x0000c518                CORE_InitNvicVectorTable
 .text.CRYPTO_ModulusSet
                0x0000c55c       0x38 ./platform/emlib/src/em_crypto.o
                0x0000c55c                CRYPTO_ModulusSet
 .text.CRYPTO_KeyRead
                0x0000c594       0x2c ./platform/emlib/src/em_crypto.o
                0x0000c594                CRYPTO_KeyRead
 .text.lpGetDevinfoVrefLowHigh
                0x0000c5c0       0xdc ./platform/emlib/src/em_emu.o
 .text.vScaleDownEM23Setup
                0x0000c69c       0x30 ./platform/emlib/src/em_emu.o
 .text.vScaleAfterWakeup.part.1
                0x0000c6cc       0x20 ./platform/emlib/src/em_emu.o
 .text.lpCmpHystCalibrationLoad.isra.2
                0x0000c6ec       0x60 ./platform/emlib/src/em_emu.o
 .text.emState.part.3
                0x0000c74c       0xc0 ./platform/emlib/src/em_emu.o
 .text.emState.constprop.5
                0x0000c80c       0x50 ./platform/emlib/src/em_emu.o
 .text.EMU_EnterEM2
                0x0000c85c       0x4c ./platform/emlib/src/em_emu.o
                0x0000c85c                EMU_EnterEM2
 .text.EMU_EnterEM3
                0x0000c8a8       0x68 ./platform/emlib/src/em_emu.o
                0x0000c8a8                EMU_EnterEM3
 .text.EMU_Save
                0x0000c910        0x4 ./platform/emlib/src/em_emu.o
                0x0000c910                EMU_Save
 .text.EMU_Restore
                0x0000c914        0x4 ./platform/emlib/src/em_emu.o
                0x0000c914                EMU_Restore
 .text.EMU_EnterEM4
                0x0000c918       0x30 ./platform/emlib/src/em_emu.o
                0x0000c918                EMU_EnterEM4
 .text.EMU_VScaleEM01
                0x0000c948       0x78 ./platform/emlib/src/em_emu.o
                0x0000c948                EMU_VScaleEM01
 .text.EMU_VScaleEM01ByClock
                0x0000c9c0       0x50 ./platform/emlib/src/em_emu.o
                0x0000c9c0                EMU_VScaleEM01ByClock
 .text.EMU_EM01Init
                0x0000ca10       0x14 ./platform/emlib/src/em_emu.o
                0x0000ca10                EMU_EM01Init
 .text.EMU_EM23Init
                0x0000ca24       0x24 ./platform/emlib/src/em_emu.o
                0x0000ca24                EMU_EM23Init
 .text.EMU_DCDCModeSet
                0x0000ca48       0x84 ./platform/emlib/src/em_emu.o
                0x0000ca48                EMU_DCDCModeSet
 .text.EMU_DCDCOutputVoltageSet
                0x0000cacc      0x16c ./platform/emlib/src/em_emu.o
                0x0000cacc                EMU_DCDCOutputVoltageSet
 .text.EMU_DCDCOptimizeSlice
                0x0000cc38       0xf8 ./platform/emlib/src/em_emu.o
                0x0000cc38                EMU_DCDCOptimizeSlice
 .text.EMU_DCDCInit
                0x0000cd30      0x10c ./platform/emlib/src/em_emu.o
                0x0000cd30                EMU_DCDCInit
 .text.EMU_DCDCLnRcoBandSet
                0x0000ce3c       0x24 ./platform/emlib/src/em_emu.o
                0x0000ce3c                EMU_DCDCLnRcoBandSet
 .text.GPIO_PinModeSet
                0x0000ce60       0x94 ./platform/emlib/src/em_gpio.o
                0x0000ce60                GPIO_PinModeSet
 .text.MSC_Init
                0x0000cef4       0x20 ./platform/emlib/src/em_msc.o
                0x0000cef4                MSC_Init
 .text.MSC_Deinit
                0x0000cf14       0x14 ./platform/emlib/src/em_msc.o
                0x0000cf14                MSC_Deinit
 .text.RMU_ResetCauseClear
                0x0000cf28        0xc ./platform/emlib/src/em_rmu.o
                0x0000cf28                RMU_ResetCauseClear
 .text.RMU_ResetCauseGet
                0x0000cf34       0x60 ./platform/emlib/src/em_rmu.o
                0x0000cf34                RMU_ResetCauseGet
 .text.RTCC_Init
                0x0000cf94       0x64 ./platform/emlib/src/em_rtcc.o
                0x0000cf94                RTCC_Init
 .text.SYSTEM_ChipRevisionGet
                0x0000cff8       0x34 ./platform/emlib/src/em_system.o
                0x0000cff8                SYSTEM_ChipRevisionGet
 .text.USART_BaudrateAsyncSet
                0x0000d02c       0x68 ./platform/emlib/src/em_usart.o
                0x0000d02c                USART_BaudrateAsyncSet
 .text.USART_Enable
                0x0000d094       0x10 ./platform/emlib/src/em_usart.o
                0x0000d094                USART_Enable
 .text.USART_InitAsync
                0x0000d0a4       0xbc ./platform/emlib/src/em_usart.o
                0x0000d0a4                USART_InitAsync
 .text.USART_InitSync
                0x0000d160       0xe0 ./platform/emlib/src/em_usart.o
                0x0000d160                USART_InitSync
 .text.USART_Reset
                0x0000d240       0x58 ./platform/emlib/src/em_usart.o
                0x0000d240                USART_Reset
 .text.USART_Rx
                0x0000d298        0xc ./platform/emlib/src/em_usart.o
                0x0000d298                USART_Rx
 .text.USART_SpiTransfer
                0x0000d2a4       0x14 ./platform/emlib/src/em_usart.o
                0x0000d2a4                USART_SpiTransfer
 .text.USART_Tx
                0x0000d2b8        0xc ./platform/emlib/src/em_usart.o
                0x0000d2b8                USART_Tx
 .text.RAIL_ConfigPti
                0x0000d2c4        0x6 C:\Users\Sijin\Documents\SiLabs\BLE-Guide\BLE-soc-basic\platform\radio\rail_lib\autogen\librail_release\librail_module_efr32xg13_gcc_release.a(rail_pti.o)
                0x0000d2c4                RAIL_ConfigPti
 .text.RAIL_EnablePti
                0x0000d2ca        0x6 C:\Users\Sijin\Documents\SiLabs\BLE-Guide\BLE-soc-basic\platform\radio\rail_lib\autogen\librail_release\librail_module_efr32xg13_gcc_release.a(rail_pti.o)
                0x0000d2ca                RAIL_EnablePti
 .text.eventDefault
                0x0000d2d0        0x2 C:\Users\Sijin\Documents\SiLabs\BLE-Guide\BLE-soc-basic\platform\radio\rail_lib\autogen\librail_release\librail_module_efr32xg13_gcc_release.a(rail_rf_hal.o)
 *fill*         0x0000d2d2        0x2 
 .text.RFHAL_NotifyUserOfIrCal
                0x0000d2d4       0x74 C:\Users\Sijin\Documents\SiLabs\BLE-Guide\BLE-soc-basic\platform\radio\rail_lib\autogen\librail_release\librail_module_efr32xg13_gcc_release.a(rail_rf_hal.o)
 .text.RFHAL_ConfigFrameTypeLength
                0x0000d348       0x70 C:\Users\Sijin\Documents\SiLabs\BLE-Guide\BLE-soc-basic\platform\radio\rail_lib\autogen\librail_release\librail_module_efr32xg13_gcc_release.a(rail_rf_hal.o)
                0x0000d348                RAILINT_d47266c0db43f83e9de21bc91e34975e
 .text.RFHAL_IntEnable
                0x0000d3b8       0x58 C:\Users\Sijin\Documents\SiLabs\BLE-Guide\BLE-soc-basic\platform\radio\rail_lib\autogen\librail_release\librail_module_efr32xg13_gcc_release.a(rail_rf_hal.o)
                0x0000d3b8                RAILINT_40412a06a73a58611332d278503bc3d6
 .text.RFHAL_SetEventCallback
                0x0000d410       0x18 C:\Users\Sijin\Documents\SiLabs\BLE-Guide\BLE-soc-basic\platform\radio\rail_lib\autogen\librail_release\librail_module_efr32xg13_gcc_release.a(rail_rf_hal.o)
                0x0000d410                RAILINT_d85fb759c83f6e350ace663af6f33b19
 .text.RFHAL_SetPtiProtocol
                0x0000d428       0x20 C:\Users\Sijin\Documents\SiLabs\BLE-Guide\BLE-soc-basic\platform\radio\rail_lib\autogen\librail_release\librail_module_efr32xg13_gcc_release.a(rail_rf_hal.o)
                0x0000d428                RAILINT_6d8fbe8d751afa545612026690abd42a
 .text.RFHAL_Idle
                0x0000d448       0x2a C:\Users\Sijin\Documents\SiLabs\BLE-Guide\BLE-soc-basic\platform\radio\rail_lib\autogen\librail_release\librail_module_efr32xg13_gcc_release.a(rail_rf_hal.o)
                0x0000d448                RAILINT_3041ee68c2b41950b0bf839d27f5d049
 *fill*         0x0000d472        0x2 
 .text.RFHAL_GetRadioState
                0x0000d474       0x48 C:\Users\Sijin\Documents\SiLabs\BLE-Guide\BLE-soc-basic\platform\radio\rail_lib\autogen\librail_release\librail_module_efr32xg13_gcc_release.a(rail_rf_hal.o)
                0x0000d474                RAILINT_f5d04763af9c9c69bca278c1fb1e9fea
 .text.RFHAL_OkToTransmit
                0x0000d4bc       0x18 C:\Users\Sijin\Documents\SiLabs\BLE-Guide\BLE-soc-basic\platform\radio\rail_lib\autogen\librail_release\librail_module_efr32xg13_gcc_release.a(rail_rf_hal.o)
                0x0000d4bc                RAILINT_7eee3adfe8ccb91236a7b23c68c562ed
 .text.RFHAL_ScheduleRx
                0x0000d4d4       0x5a C:\Users\Sijin\Documents\SiLabs\BLE-Guide\BLE-soc-basic\platform\radio\rail_lib\autogen\librail_release\librail_module_efr32xg13_gcc_release.a(rail_rf_hal.o)
                0x0000d4d4                RAILINT_97c19152ba85112fa42074bf04eafa43
 *fill*         0x0000d52e        0x2 
 .text.RFHAL_EnableRxRawCapture
                0x0000d530       0x58 C:\Users\Sijin\Documents\SiLabs\BLE-Guide\BLE-soc-basic\platform\radio\rail_lib\autogen\librail_release\librail_module_efr32xg13_gcc_release.a(rail_rf_hal.o)
                0x0000d530                RAILINT_b091481120c5b69b64d1795bd186a53a
 .text.RFHAL_DisableRxRawCapture
                0x0000d588       0x64 C:\Users\Sijin\Documents\SiLabs\BLE-Guide\BLE-soc-basic\platform\radio\rail_lib\autogen\librail_release\librail_module_efr32xg13_gcc_release.a(rail_rf_hal.o)
                0x0000d588                RAILINT_a3eadf0d43c66c908fc6ca41226d2d7f
 .text.RFHAL_ConfigRxOptions
                0x0000d5ec      0x154 C:\Users\Sijin\Documents\SiLabs\BLE-Guide\BLE-soc-basic\platform\radio\rail_lib\autogen\librail_release\librail_module_efr32xg13_gcc_release.a(rail_rf_hal.o)
                0x0000d5ec                RAILINT_2d49aecfcb6d27d54075c2234a55d5e7
 .text.RFHAL_GetTimer
                0x0000d740        0xc C:\Users\Sijin\Documents\SiLabs\BLE-Guide\BLE-soc-basic\platform\radio\rail_lib\autogen\librail_release\librail_module_efr32xg13_gcc_release.a(rail_rf_hal.o)
                0x0000d740                RAILINT_4fd600df73ad738dc6134784e52dde98
 .text.RFHAL_CancelTimer
                0x0000d74c       0x28 C:\Users\Sijin\Documents\SiLabs\BLE-Guide\BLE-soc-basic\platform\radio\rail_lib\autogen\librail_release\librail_module_efr32xg13_gcc_release.a(rail_rf_hal.o)
                0x0000d74c                RAILINT_e0897ab09399e1165ab8996ccbe6a963
 .text.RFHAL_SetTimer
                0x0000d774       0x7c C:\Users\Sijin\Documents\SiLabs\BLE-Guide\BLE-soc-basic\platform\radio\rail_lib\autogen\librail_release\librail_module_efr32xg13_gcc_release.a(rail_rf_hal.o)
                0x0000d774                RAILINT_3212ddcec5ace9cb56e8f1cb3ca8d33c
 .text.RFHAL_IsTimerExpired
                0x0000d7f0       0x1c C:\Users\Sijin\Documents\SiLabs\BLE-Guide\BLE-soc-basic\platform\radio\rail_lib\autogen\librail_release\librail_module_efr32xg13_gcc_release.a(rail_rf_hal.o)
                0x0000d7f0                RAILINT_7eae5faad95e83134e2b9bc718f32f6f
 .text.RFHAL_IsTimerRunning
                0x0000d80c        0x6 C:\Users\Sijin\Documents\SiLabs\BLE-Guide\BLE-soc-basic\platform\radio\rail_lib\autogen\librail_release\librail_module_efr32xg13_gcc_release.a(rail_rf_hal.o)
                0x0000d80c                RAILINT_5191d19cdec3b4ae777036af4371e407
 *fill*         0x0000d812        0x2 
 .text.RFHAL_CalcBitRate
                0x0000d814        0xc C:\Users\Sijin\Documents\SiLabs\BLE-Guide\BLE-soc-basic\platform\radio\rail_lib\autogen\librail_release\librail_module_efr32xg13_gcc_release.a(rail_rf_hal.o)
                0x0000d814                RAILINT_ac7481211d96e3b09748432fa25bc4fd
 .text.RFHAL_GetBitRate
                0x0000d820       0x26 C:\Users\Sijin\Documents\SiLabs\BLE-Guide\BLE-soc-basic\platform\radio\rail_lib\autogen\librail_release\librail_module_efr32xg13_gcc_release.a(rail_rf_hal.o)
                0x0000d820                RAILINT_4023934c67ddd0d583f73647d279ff8c
 *fill*         0x0000d846        0x2 
 .text.RFHAL_GetRxBitRate.isra.5
                0x0000d848       0x28 C:\Users\Sijin\Documents\SiLabs\BLE-Guide\BLE-soc-basic\platform\radio\rail_lib\autogen\librail_release\librail_module_efr32xg13_gcc_release.a(rail_rf_hal.o)
 .text.RFHAL_SetTxTransitions
                0x0000d870       0x1c C:\Users\Sijin\Documents\SiLabs\BLE-Guide\BLE-soc-basic\platform\radio\rail_lib\autogen\librail_release\librail_module_efr32xg13_gcc_release.a(rail_rf_hal.o)
                0x0000d870                RAILINT_023f2cf2a2a5edcfa10ef64050265cd5
 .text.RFHAL_SetRxTransitions
                0x0000d88c       0x1c C:\Users\Sijin\Documents\SiLabs\BLE-Guide\BLE-soc-basic\platform\radio\rail_lib\autogen\librail_release\librail_module_efr32xg13_gcc_release.a(rail_rf_hal.o)
                0x0000d88c                RAILINT_ce0cca6435b4e9db157575e99b6a93a5
 .text.RFHAL_SetCRCInitVal
                0x0000d8a8        0x4 C:\Users\Sijin\Documents\SiLabs\BLE-Guide\BLE-soc-basic\platform\radio\rail_lib\autogen\librail_release\librail_module_efr32xg13_gcc_release.a(rail_rf_hal.o)
                0x0000d8a8                RAILINT_510fab046c1fe71631170f682429666d
 .text.RFHAL_ConfigTxPower
                0x0000d8ac       0x3a C:\Users\Sijin\Documents\SiLabs\BLE-Guide\BLE-soc-basic\platform\radio\rail_lib\autogen\librail_release\librail_module_efr32xg13_gcc_release.a(rail_rf_hal.o)
                0x0000d8ac                RAILINT_833ef1b435e1d6dcacb5e19d3b6f023f
 .text.RFHAL_SetTxPowerUnchecked
                0x0000d8e6       0x30 C:\Users\Sijin\Documents\SiLabs\BLE-Guide\BLE-soc-basic\platform\radio\rail_lib\autogen\librail_release\librail_module_efr32xg13_gcc_release.a(rail_rf_hal.o)
                0x0000d8e6                RAILINT_39d00ddcadbc93313393e1c6bb75297c
 .text.RFHAL_SetTxPower
                0x0000d916       0x3c C:\Users\Sijin\Documents\SiLabs\BLE-Guide\BLE-soc-basic\platform\radio\rail_lib\autogen\librail_release\librail_module_efr32xg13_gcc_release.a(rail_rf_hal.o)
                0x0000d916                RAILINT_eaf571e90e0b4741516c9fbb7fed2bfb
 .text.RFHAL_GetTxPowerConfig
                0x0000d952        0xc C:\Users\Sijin\Documents\SiLabs\BLE-Guide\BLE-soc-basic\platform\radio\rail_lib\autogen\librail_release\librail_module_efr32xg13_gcc_release.a(rail_rf_hal.o)
                0x0000d952                RAILINT_3a7f36375c49f19d1f9a6b6388464608
 .text.RFHAL_GetTxPower
                0x0000d95e        0xe C:\Users\Sijin\Documents\SiLabs\BLE-Guide\BLE-soc-basic\platform\radio\rail_lib\autogen\librail_release\librail_module_efr32xg13_gcc_release.a(rail_rf_hal.o)
                0x0000d95e                RAILINT_89ee9cd3eee65b37bee8eed7a9b631b6
 .text.RFHAL_CalculateSynthParams
                0x0000d96c       0x7a C:\Users\Sijin\Documents\SiLabs\BLE-Guide\BLE-soc-basic\platform\radio\rail_lib\autogen\librail_release\librail_module_efr32xg13_gcc_release.a(rail_rf_hal.o)
                0x0000d96c                RAILINT_074d00355e69f06bd5d99672a2e044d2
 .text.RFHAL_SetChannel
                0x0000d9e6       0x86 C:\Users\Sijin\Documents\SiLabs\BLE-Guide\BLE-soc-basic\platform\radio\rail_lib\autogen\librail_release\librail_module_efr32xg13_gcc_release.a(rail_rf_hal.o)
                0x0000d9e6                RAILINT_82cb69b0972fa2512c3bdb5f16e24fca
 .text.RFHAL_IsAutoAckEnabled
                0x0000da6c        0x8 C:\Users\Sijin\Documents\SiLabs\BLE-Guide\BLE-soc-basic\platform\radio\rail_lib\autogen\librail_release\librail_module_efr32xg13_gcc_release.a(rail_rf_hal.o)
                0x0000da6c                RAILINT_ce02a739082f36580275d98771e2a8d3
 .text.RFHAL_AutoAckWaitForAck
                0x0000da74       0x18 C:\Users\Sijin\Documents\SiLabs\BLE-Guide\BLE-soc-basic\platform\radio\rail_lib\autogen\librail_release\librail_module_efr32xg13_gcc_release.a(rail_rf_hal.o)
                0x0000da74                RAILINT_0a7d1d9a24308e68c2362d7ddca762b2
 .text.RFHAL_GetRxPacketInfo
                0x0000da8c       0x48 C:\Users\Sijin\Documents\SiLabs\BLE-Guide\BLE-soc-basic\platform\radio\rail_lib\autogen\librail_release\librail_module_efr32xg13_gcc_release.a(rail_rf_hal.o)
                0x0000da8c                RAILINT_39475387e0cb29596ec425b4cfae76fb
 .text.RFHAL_GetRxPacketDetailsAlt
                0x0000dad4      0x150 C:\Users\Sijin\Documents\SiLabs\BLE-Guide\BLE-soc-basic\platform\radio\rail_lib\autogen\librail_release\librail_module_efr32xg13_gcc_release.a(rail_rf_hal.o)
                0x0000dad4                RAILINT_7340662f8076c6df26ddd5f2b9cd6a27
 .text.RFHAL_GetRxTimePreambleStart
                0x0000dc24       0x2c C:\Users\Sijin\Documents\SiLabs\BLE-Guide\BLE-soc-basic\platform\radio\rail_lib\autogen\librail_release\librail_module_efr32xg13_gcc_release.a(rail_rf_hal.o)
                0x0000dc24                RAILINT_5e0dff499d47d29af54b31d243bd9f2d
 .text.RFHAL_SetTxBuffer
                0x0000dc50       0x34 C:\Users\Sijin\Documents\SiLabs\BLE-Guide\BLE-soc-basic\platform\radio\rail_lib\autogen\librail_release\librail_module_efr32xg13_gcc_release.a(rail_rf_hal.o)
                0x0000dc50                RAILINT_22f7df12e4a1d0a9505ecc05b8267876
 .text.RFHAL_SetRxBuffer
                0x0000dc84       0x2e C:\Users\Sijin\Documents\SiLabs\BLE-Guide\BLE-soc-basic\platform\radio\rail_lib\autogen\librail_release\librail_module_efr32xg13_gcc_release.a(rail_rf_hal.o)
                0x0000dc84                RAILINT_c74a32ce9d9046472fb95f04500b8771
 *fill*         0x0000dcb2        0x2 
 .text.RFHAL_ResetTxFifo
                0x0000dcb4       0x2c C:\Users\Sijin\Documents\SiLabs\BLE-Guide\BLE-soc-basic\platform\radio\rail_lib\autogen\librail_release\librail_module_efr32xg13_gcc_release.a(rail_rf_hal.o)
                0x0000dcb4                RAILINT_0030aaf1be11a73e163f8aa48fb001e6
 .text.RFHAL_WriteTxFifo
                0x0000dce0       0x4c C:\Users\Sijin\Documents\SiLabs\BLE-Guide\BLE-soc-basic\platform\radio\rail_lib\autogen\librail_release\librail_module_efr32xg13_gcc_release.a(rail_rf_hal.o)
                0x0000dce0                RAILINT_f6fe6f8bc6346ccaf1570b57732bf259
 .text.RFHAL_ConfigData
                0x0000dd2c       0x68 C:\Users\Sijin\Documents\SiLabs\BLE-Guide\BLE-soc-basic\platform\radio\rail_lib\autogen\librail_release\librail_module_efr32xg13_gcc_release.a(rail_rf_hal.o)
                0x0000dd2c                RAILINT_3249bafee0e18f9151d82aad8ddf3cdc
 .text.RFHAL_ResetRxFifo
                0x0000dd94       0x40 C:\Users\Sijin\Documents\SiLabs\BLE-Guide\BLE-soc-basic\platform\radio\rail_lib\autogen\librail_release\librail_module_efr32xg13_gcc_release.a(rail_rf_hal.o)
                0x0000dd94                RAILINT_19f750ed6d201d6d1fe49531e310f9cd
 .text.RFHAL_SetAbortScheduledTxDuringRx
                0x0000ddd4       0x18 C:\Users\Sijin\Documents\SiLabs\BLE-Guide\BLE-soc-basic\platform\radio\rail_lib\autogen\librail_release\librail_module_efr32xg13_gcc_release.a(rail_rf_hal.o)
                0x0000ddd4                RAILINT_61d79c5892bbcb8907b45e60e17b4a31
 .text.RFHAL_ConfigRadio
                0x0000ddec       0x80 C:\Users\Sijin\Documents\SiLabs\BLE-Guide\BLE-soc-basic\platform\radio\rail_lib\autogen\librail_release\librail_module_efr32xg13_gcc_release.a(rail_rf_hal.o)
                0x0000ddec                RAILINT_6d729d30865a1181274e70bba293b37d
 .text.RFHAL_PostRadioConfig
                0x0000de6c       0xe0 C:\Users\Sijin\Documents\SiLabs\BLE-Guide\BLE-soc-basic\platform\radio\rail_lib\autogen\librail_release\librail_module_efr32xg13_gcc_release.a(rail_rf_hal.o)
                0x0000de6c                RAILINT_6b5630b34036f93858d808a0dec3cb6b
 .text.RFHAL_GetTime
                0x0000df4c        0x4 C:\Users\Sijin\Documents\SiLabs\BLE-Guide\BLE-soc-basic\platform\radio\rail_lib\autogen\librail_release\librail_module_efr32xg13_gcc_release.a(rail_rf_hal.o)
                0x0000df4c                RAILINT_a6606cea071a8aecad4fccf2fa5c2f69
 .text.RFHAL_ResetAddressFilter
                0x0000df50       0x10 C:\Users\Sijin\Documents\SiLabs\BLE-Guide\BLE-soc-basic\platform\radio\rail_lib\autogen\librail_release\librail_module_efr32xg13_gcc_release.a(rail_rf_hal.o)
                0x0000df50                RAILINT_ab69c12a8bdde689baa3a5f9181b6b10
 .text.RFHAL_Init
                0x0000df60       0xc0 C:\Users\Sijin\Documents\SiLabs\BLE-Guide\BLE-soc-basic\platform\radio\rail_lib\autogen\librail_release\librail_module_efr32xg13_gcc_release.a(rail_rf_hal.o)
                0x0000df60                RAILINT_20043ff5b8e6ab39c3068dab7403a8c6
 .text.RFHAL_GetRadioEntropy
                0x0000e020        0x4 C:\Users\Sijin\Documents\SiLabs\BLE-Guide\BLE-soc-basic\platform\radio\rail_lib\autogen\librail_release\librail_module_efr32xg13_gcc_release.a(rail_rf_hal.o)
                0x0000e020                RAILINT_e25ebd0345d4056b33f0f4fac6b1c90e
 .text.RFHAL_SetStateTiming
                0x0000e024       0x56 C:\Users\Sijin\Documents\SiLabs\BLE-Guide\BLE-soc-basic\platform\radio\rail_lib\autogen\librail_release\librail_module_efr32xg13_gcc_release.a(rail_rf_hal.o)
                0x0000e024                RAILINT_378f9ba2bb60cd348bf1a73dc64fc6af
 .text.RFHAL_ConfigPti
                0x0000e07a        0x4 C:\Users\Sijin\Documents\SiLabs\BLE-Guide\BLE-soc-basic\platform\radio\rail_lib\autogen\librail_release\librail_module_efr32xg13_gcc_release.a(rail_rf_hal.o)
                0x0000e07a                RAILINT_d2275ce494141a43924ec452d3ba7576
 .text.RFHAL_EnablePti
                0x0000e07e        0x4 C:\Users\Sijin\Documents\SiLabs\BLE-Guide\BLE-soc-basic\platform\radio\rail_lib\autogen\librail_release\librail_module_efr32xg13_gcc_release.a(rail_rf_hal.o)
                0x0000e07e                RAILINT_6933b33bcba9ce817d4fee78f878e935
 *fill*         0x0000e082        0x2 
 .text.RFHAL_InitTimerSync
                0x0000e084       0x1c C:\Users\Sijin\Documents\SiLabs\BLE-Guide\BLE-soc-basic\platform\radio\rail_lib\autogen\librail_release\librail_module_efr32xg13_gcc_release.a(rail_rf_hal.o)
                0x0000e084                RAILINT_8fe0b2621bc00896438b9e80a7134a2b
 .text.RFHAL_Wake
                0x0000e0a0       0x34 C:\Users\Sijin\Documents\SiLabs\BLE-Guide\BLE-soc-basic\platform\radio\rail_lib\autogen\librail_release\librail_module_efr32xg13_gcc_release.a(rail_rf_hal.o)
                0x0000e0a0                RAILINT_953d61bf1e40e19c3894ff80d3afdc31
 .text.RFHAL_Sleep
                0x0000e0d4       0x68 C:\Users\Sijin\Documents\SiLabs\BLE-Guide\BLE-soc-basic\platform\radio\rail_lib\autogen\librail_release\librail_module_efr32xg13_gcc_release.a(rail_rf_hal.o)
                0x0000e0d4                RAILINT_c86649c0fdcc1b99c60d099982324aa4
 .text.RFHAL_SetupRxChannelHoppingHardware
                0x0000e13c       0x3c C:\Users\Sijin\Documents\SiLabs\BLE-Guide\BLE-soc-basic\platform\radio\rail_lib\autogen\librail_release\librail_module_efr32xg13_gcc_release.a(rail_rf_hal.o)
                0x0000e13c                RAILINT_766a50f4d62b8145bfeba05efaf84c8b
 .text.RFHAL_StartRx
                0x0000e178       0x10 C:\Users\Sijin\Documents\SiLabs\BLE-Guide\BLE-soc-basic\platform\radio\rail_lib\autogen\librail_release\librail_module_efr32xg13_gcc_release.a(rail_rf_hal.o)
                0x0000e178                RAILINT_9ed13b22fb43a42cf6246a5504feed72
 .text.RFHAL_SetSwitchTxPreambleLength
                0x0000e188       0x48 C:\Users\Sijin\Documents\SiLabs\BLE-Guide\BLE-soc-basic\platform\radio\rail_lib\autogen\librail_release\librail_module_efr32xg13_gcc_release.a(rail_rf_hal.o)
                0x0000e188                RAILINT_1b1816dbe56c62221e8a1a4f88e54ac4
 .text.RFHAL_RestoreTxPreambleLength
                0x0000e1d0       0x34 C:\Users\Sijin\Documents\SiLabs\BLE-Guide\BLE-soc-basic\platform\radio\rail_lib\autogen\librail_release\librail_module_efr32xg13_gcc_release.a(rail_rf_hal.o)
                0x0000e1d0                RAILINT_fec111ae6546d8c16e58044c8f6d2b09
 *fill*         0x0000e204        0x4 
 .text.GENERIC_PHY_EventCallback
                0x0000e208      0x1bc C:\Users\Sijin\Documents\SiLabs\BLE-Guide\BLE-soc-basic\platform\radio\rail_lib\autogen\librail_release\librail_module_efr32xg13_gcc_release.a(rail_rf_hal.o)
                0x0000e208                RAILINT_7d94510f515617be26a284cc8096bd57
 .text.RFHAL_ValidateModule
                0x0000e3c4        0xc C:\Users\Sijin\Documents\SiLabs\BLE-Guide\BLE-soc-basic\platform\radio\rail_lib\autogen\librail_release\librail_module_efr32xg13_gcc_release.a(rail_rf_hal.o)
                0x0000e3c4                RAILINT_b1e77f194f470c9ac2259b55b3c9e45f
 .text.RFHAL_GetPaMillivolts
                0x0000e3d0       0x24 C:\Users\Sijin\Documents\SiLabs\BLE-Guide\BLE-soc-basic\platform\radio\rail_lib\autogen\librail_release\librail_module_efr32xg13_gcc_release.a(rail_rf_hal.o)
                0x0000e3d0                RAILINT_5bcd11cc546e0be4b36284b4f98b25f5
 .text.preTxOps
                0x0000e3f4      0x13c C:\Users\Sijin\Documents\SiLabs\BLE-Guide\BLE-soc-basic\platform\radio\rail_lib\autogen\librail_release\librail_module_efr32xg13_gcc_release.a(rail_rf_hal.o)
 .text.RFHAL_StartTx
                0x0000e530       0x12 C:\Users\Sijin\Documents\SiLabs\BLE-Guide\BLE-soc-basic\platform\radio\rail_lib\autogen\librail_release\librail_module_efr32xg13_gcc_release.a(rail_rf_hal.o)
                0x0000e530                RAILINT_1d08617b4158ea727f231990ac8baf5d
 .text.RFHAL_StartScheduledTx
                0x0000e542       0x3c C:\Users\Sijin\Documents\SiLabs\BLE-Guide\BLE-soc-basic\platform\radio\rail_lib\autogen\librail_release\librail_module_efr32xg13_gcc_release.a(rail_rf_hal.o)
                0x0000e542                RAILINT_99400ab307ddba716c1ee50bfd303c45
 *fill*         0x0000e57e        0x2 
 .text.RFHAL_ClearChannelCorrupt
                0x0000e580       0x10 C:\Users\Sijin\Documents\SiLabs\BLE-Guide\BLE-soc-basic\platform\radio\rail_lib\autogen\librail_release\librail_module_efr32xg13_gcc_release.a(rail_rf_hal.o)
                0x0000e580                RAILINT_1ebf782210eb338b16b0b98d1dbf9a58
 .text.RFHAL_IsChannelCorrupt
                0x0000e590       0x10 C:\Users\Sijin\Documents\SiLabs\BLE-Guide\BLE-soc-basic\platform\radio\rail_lib\autogen\librail_release\librail_module_efr32xg13_gcc_release.a(rail_rf_hal.o)
                0x0000e590                RAILINT_626c1fc01166bc7b6fc33ede70752233
 .text.RFHAL_IncludeFrameTypeLength
                0x0000e5a0       0x10 C:\Users\Sijin\Documents\SiLabs\BLE-Guide\BLE-soc-basic\platform\radio\rail_lib\autogen\librail_release\librail_module_efr32xg13_gcc_release.a(rail_rf_hal.o)
                0x0000e5a0                RAILINT_97976c4b2701e5c979bc5c456c661d78
 .text.RFHAL_IEEE802154IsEnabled
                0x0000e5b0        0x6 C:\Users\Sijin\Documents\SiLabs\BLE-Guide\BLE-soc-basic\platform\radio\rail_lib\autogen\librail_release\librail_module_efr32xg13_gcc_release.a(rail_ieee802154_rf_hal.o)
                0x0000e5b0                RAILINT_d4473776f83cbc0e517010e932869722
 *fill*         0x0000e5b6        0x2 
 .text.RFHAL_ConfigBle2MbpsViterbi
                0x0000e5b8       0x1c C:\Users\Sijin\Documents\SiLabs\BLE-Guide\BLE-soc-basic\platform\radio\rail_lib\autogen\librail_release\librail_module_efr32xg13_gcc_release.a(rail_ble_rf_hal.o)
                0x0000e5b8                RAILINT_779afa263ed7c3c82ebba499c78a7403
 .text.RFHAL_ConfigBle1MbpsViterbi
                0x0000e5d4       0x1c C:\Users\Sijin\Documents\SiLabs\BLE-Guide\BLE-soc-basic\platform\radio\rail_lib\autogen\librail_release\librail_module_efr32xg13_gcc_release.a(rail_ble_rf_hal.o)
                0x0000e5d4                RAILINT_66ff65441ee5a52a57deeb36588ce487
 .text.RFHAL_ConfigBleCoded
                0x0000e5f0       0x38 C:\Users\Sijin\Documents\SiLabs\BLE-Guide\BLE-soc-basic\platform\radio\rail_lib\autogen\librail_release\librail_module_efr32xg13_gcc_release.a(rail_ble_rf_hal.o)
                0x0000e5f0                RAILINT_909b6a7ef307e72517ccf71f477853a4
 .text.RFHAL_BleReinit
                0x0000e628       0x1c C:\Users\Sijin\Documents\SiLabs\BLE-Guide\BLE-soc-basic\platform\radio\rail_lib\autogen\librail_release\librail_module_efr32xg13_gcc_release.a(rail_ble_rf_hal.o)
                0x0000e628                RAILINT_04333b69a0dca60b3c740e5ea8c3aaab
 .text.RFHAL_BleInit
                0x0000e644       0x12 C:\Users\Sijin\Documents\SiLabs\BLE-Guide\BLE-soc-basic\platform\radio\rail_lib\autogen\librail_release\librail_module_efr32xg13_gcc_release.a(rail_ble_rf_hal.o)
                0x0000e644                RAILINT_c9e391ec0aca95ac3fcb39c2a85bfbd7
 *fill*         0x0000e656        0x2 
 .text.RFHAL_IsBleLongRangeEnabled
                0x0000e658       0x18 C:\Users\Sijin\Documents\SiLabs\BLE-Guide\BLE-soc-basic\platform\radio\rail_lib\autogen\librail_release\librail_module_efr32xg13_gcc_release.a(rail_ble_rf_hal.o)
                0x0000e658                RAILINT_b1bc1368cb0ab6c3a512d68344391b7e
 .text.RFHAL_BLEPreambleSyncWordSet
                0x0000e670       0x44 C:\Users\Sijin\Documents\SiLabs\BLE-Guide\BLE-soc-basic\platform\radio\rail_lib\autogen\librail_release\librail_module_efr32xg13_gcc_release.a(rail_ble_rf_hal.o)
                0x0000e670                RAILINT_ea38e09a46dca6f91d142e88e3db7e0e
 .text.RFHAL_BLEWhiteningSet
                0x0000e6b4       0x68 C:\Users\Sijin\Documents\SiLabs\BLE-Guide\BLE-soc-basic\platform\radio\rail_lib\autogen\librail_release\librail_module_efr32xg13_gcc_release.a(rail_ble_rf_hal.o)
                0x0000e6b4                RAILINT_f866b70e0793b3932db6c314ddec02ae
 .text.RFHAL_BlePhySwitchToRx
                0x0000e71c       0xc0 C:\Users\Sijin\Documents\SiLabs\BLE-Guide\BLE-soc-basic\platform\radio\rail_lib\autogen\librail_release\librail_module_efr32xg13_gcc_release.a(rail_ble_rf_hal.o)
                0x0000e71c                RAILINT_385c26eda9eb82a18dffc09180dc91d8
 .text.setMultiTimer
                0x0000e7dc        0x4 C:\Users\Sijin\Documents\SiLabs\BLE-Guide\BLE-soc-basic\platform\radio\rail_lib\autogen\librail_release\librail_module_efr32xg13_gcc_release.a(rail_singleprotocol.o)
 .text.cancelMultiTimer
                0x0000e7e0        0x4 C:\Users\Sijin\Documents\SiLabs\BLE-Guide\BLE-soc-basic\platform\radio\rail_lib\autogen\librail_release\librail_module_efr32xg13_gcc_release.a(rail_singleprotocol.o)
 .text.isMultiTimerExpired
                0x0000e7e4        0x4 C:\Users\Sijin\Documents\SiLabs\BLE-Guide\BLE-soc-basic\platform\radio\rail_lib\autogen\librail_release\librail_module_efr32xg13_gcc_release.a(rail_singleprotocol.o)
 .text.getMultiTimer
                0x0000e7e8        0x4 C:\Users\Sijin\Documents\SiLabs\BLE-Guide\BLE-soc-basic\platform\radio\rail_lib\autogen\librail_release\librail_module_efr32xg13_gcc_release.a(rail_singleprotocol.o)
 .text.getActiveTimerCb
                0x0000e7ec       0x18 C:\Users\Sijin\Documents\SiLabs\BLE-Guide\BLE-soc-basic\platform\radio\rail_lib\autogen\librail_release\librail_module_efr32xg13_gcc_release.a(rail_singleprotocol.o)
 .text.isMultiTimerRunning
                0x0000e804        0x4 C:\Users\Sijin\Documents\SiLabs\BLE-Guide\BLE-soc-basic\platform\radio\rail_lib\autogen\librail_release\librail_module_efr32xg13_gcc_release.a(rail_singleprotocol.o)
 .text.RAIL_Init
                0x0000e808       0x2c C:\Users\Sijin\Documents\SiLabs\BLE-Guide\BLE-soc-basic\platform\radio\rail_lib\autogen\librail_release\librail_module_efr32xg13_gcc_release.a(rail_singleprotocol.o)
                0x0000e808                RAIL_Init
 .text.RAIL_GetSchedulerStatus
                0x0000e834        0x4 C:\Users\Sijin\Documents\SiLabs\BLE-Guide\BLE-soc-basic\platform\radio\rail_lib\autogen\librail_release\librail_module_efr32xg13_gcc_release.a(rail_singleprotocol.o)
                0x0000e834                RAIL_GetSchedulerStatus
 .text.RAIL_ConfigSleep
                0x0000e838       0x14 C:\Users\Sijin\Documents\SiLabs\BLE-Guide\BLE-soc-basic\platform\radio\rail_lib\autogen\librail_release\librail_module_efr32xg13_gcc_release.a(rail_singleprotocol.o)
                0x0000e838                RAIL_ConfigSleep
 .text.RAIL_Wake
                0x0000e84c        0x4 C:\Users\Sijin\Documents\SiLabs\BLE-Guide\BLE-soc-basic\platform\radio\rail_lib\autogen\librail_release\librail_module_efr32xg13_gcc_release.a(rail_singleprotocol.o)
                0x0000e84c                RAIL_Wake
 .text.RAIL_Sleep
                0x0000e850       0x18 C:\Users\Sijin\Documents\SiLabs\BLE-Guide\BLE-soc-basic\platform\radio\rail_lib\autogen\librail_release\librail_module_efr32xg13_gcc_release.a(rail_singleprotocol.o)
                0x0000e850                RAIL_Sleep
 .text.RAIL_Idle
                0x0000e868        0x8 C:\Users\Sijin\Documents\SiLabs\BLE-Guide\BLE-soc-basic\platform\radio\rail_lib\autogen\librail_release\librail_module_efr32xg13_gcc_release.a(rail_singleprotocol.o)
                0x0000e868                RAIL_Idle
 .text.RAIL_YieldRadio
                0x0000e870        0x2 C:\Users\Sijin\Documents\SiLabs\BLE-Guide\BLE-soc-basic\platform\radio\rail_lib\autogen\librail_release\librail_module_efr32xg13_gcc_release.a(rail_singleprotocol.o)
                0x0000e870                RAIL_YieldRadio
 .text.RAIL_GetRadioEntropy
                0x0000e872        0x8 C:\Users\Sijin\Documents\SiLabs\BLE-Guide\BLE-soc-basic\platform\radio\rail_lib\autogen\librail_release\librail_module_efr32xg13_gcc_release.a(rail_singleprotocol.o)
                0x0000e872                RAIL_GetRadioEntropy
 .text.RAIL_SetTimer
                0x0000e87a       0x1c C:\Users\Sijin\Documents\SiLabs\BLE-Guide\BLE-soc-basic\platform\radio\rail_lib\autogen\librail_release\librail_module_efr32xg13_gcc_release.a(rail_singleprotocol.o)
                0x0000e87a                RAIL_SetTimer
 .text.RAIL_CancelTimer
                0x0000e896        0xe C:\Users\Sijin\Documents\SiLabs\BLE-Guide\BLE-soc-basic\platform\radio\rail_lib\autogen\librail_release\librail_module_efr32xg13_gcc_release.a(rail_singleprotocol.o)
                0x0000e896                RAIL_CancelTimer
 .text.RAIL_StartTx
                0x0000e8a4        0x8 C:\Users\Sijin\Documents\SiLabs\BLE-Guide\BLE-soc-basic\platform\radio\rail_lib\autogen\librail_release\librail_module_efr32xg13_gcc_release.a(rail_singleprotocol.o)
                0x0000e8a4                RAIL_StartTx
 .text.RAIL_StartScheduledTx
                0x0000e8ac        0x8 C:\Users\Sijin\Documents\SiLabs\BLE-Guide\BLE-soc-basic\platform\radio\rail_lib\autogen\librail_release\librail_module_efr32xg13_gcc_release.a(rail_singleprotocol.o)
                0x0000e8ac                RAIL_StartScheduledTx
 .text.RAIL_ScheduleRx
                0x0000e8b4        0x8 C:\Users\Sijin\Documents\SiLabs\BLE-Guide\BLE-soc-basic\platform\radio\rail_lib\autogen\librail_release\librail_module_efr32xg13_gcc_release.a(rail_singleprotocol.o)
                0x0000e8b4                RAIL_ScheduleRx
 .text.radioConfigChangedDefault
                0x0000e8bc        0x2 C:\Users\Sijin\Documents\SiLabs\BLE-Guide\BLE-soc-basic\platform\radio\rail_lib\autogen\librail_release\librail_module_efr32xg13_gcc_release.a(rail_rf.o)
 .text.isTransitionState
                0x0000e8be       0x12 C:\Users\Sijin\Documents\SiLabs\BLE-Guide\BLE-soc-basic\platform\radio\rail_lib\autogen\librail_release\librail_module_efr32xg13_gcc_release.a(rail_rf.o)
 .text.RAIL_UnlockModule
                0x0000e8d0        0x4 C:\Users\Sijin\Documents\SiLabs\BLE-Guide\BLE-soc-basic\platform\radio\rail_lib\autogen\librail_release\librail_module_efr32xg13_gcc_release.a(rail_rf.o)
                0x0000e8d0                RAIL_UnlockModule
 .text.RAILCore_Init
                0x0000e8d4       0x1e C:\Users\Sijin\Documents\SiLabs\BLE-Guide\BLE-soc-basic\platform\radio\rail_lib\autogen\librail_release\librail_module_efr32xg13_gcc_release.a(rail_rf.o)
                0x0000e8d4                RAILINT_59121321a1358ecc506fdb12a688e30c
 *fill*         0x0000e8f2        0x2 
 .text.RAILInt_SetCallbackConfig
                0x0000e8f4       0x28 C:\Users\Sijin\Documents\SiLabs\BLE-Guide\BLE-soc-basic\platform\radio\rail_lib\autogen\librail_release\librail_module_efr32xg13_gcc_release.a(rail_rf.o)
                0x0000e8f4                RAILINT_67b8f114888c610aba62f28a55421a70
 .text.RAILCore_Idle
                0x0000e91c       0x14 C:\Users\Sijin\Documents\SiLabs\BLE-Guide\BLE-soc-basic\platform\radio\rail_lib\autogen\librail_release\librail_module_efr32xg13_gcc_release.a(rail_rf.o)
                0x0000e91c                RAILINT_c5804fbffcb4bb00ba2d55e8180afacd
 .text.RAILCb_CalcBitRate
                0x0000e930        0x8 C:\Users\Sijin\Documents\SiLabs\BLE-Guide\BLE-soc-basic\platform\radio\rail_lib\autogen\librail_release\librail_module_efr32xg13_gcc_release.a(rail_rf.o)
                0x0000e930                RAILCb_CalcBitRate
 .text.RAIL_SetStateTiming
                0x0000e938        0x8 C:\Users\Sijin\Documents\SiLabs\BLE-Guide\BLE-soc-basic\platform\radio\rail_lib\autogen\librail_release\librail_module_efr32xg13_gcc_release.a(rail_rf.o)
                0x0000e938                RAIL_SetStateTiming
 .text.RAILInt_ComputeSetChannel
                0x0000e940       0xb8 C:\Users\Sijin\Documents\SiLabs\BLE-Guide\BLE-soc-basic\platform\radio\rail_lib\autogen\librail_release\librail_module_efr32xg13_gcc_release.a(rail_rf.o)
                0x0000e940                RAILINT_72eb364d7718334eae17f88a79f3de40
 .text.RAILInt_SetChannelRaw
                0x0000e9f8      0x10c C:\Users\Sijin\Documents\SiLabs\BLE-Guide\BLE-soc-basic\platform\radio\rail_lib\autogen\librail_release\librail_module_efr32xg13_gcc_release.a(rail_rf.o)
                0x0000e9f8                RAILINT_a7edce70c9b1ddcd5d57d31ae701eb09
 .text.RAILInt_SetChannel
                0x0000eb04       0x1c C:\Users\Sijin\Documents\SiLabs\BLE-Guide\BLE-soc-basic\platform\radio\rail_lib\autogen\librail_release\librail_module_efr32xg13_gcc_release.a(rail_rf.o)
                0x0000eb04                RAILINT_e0dfaecc04939a24e643c7a83fed51fa
 .text.RAILCore_ConfigChannels
                0x0000eb20       0x70 C:\Users\Sijin\Documents\SiLabs\BLE-Guide\BLE-soc-basic\platform\radio\rail_lib\autogen\librail_release\librail_module_efr32xg13_gcc_release.a(rail_rf.o)
                0x0000eb20                RAILINT_4d8e913cc0a2a756e4017ab74ecff076
 .text.RAILInt_GetChannel
                0x0000eb90        0x4 C:\Users\Sijin\Documents\SiLabs\BLE-Guide\BLE-soc-basic\platform\radio\rail_lib\autogen\librail_release\librail_module_efr32xg13_gcc_release.a(rail_rf.o)
                0x0000eb90                RAILINT_aa7b882f5023851e2f6a935b3993ee64
 .text.RAILCore_SetTxTransitions
                0x0000eb94       0x3c C:\Users\Sijin\Documents\SiLabs\BLE-Guide\BLE-soc-basic\platform\radio\rail_lib\autogen\librail_release\librail_module_efr32xg13_gcc_release.a(rail_rf.o)
                0x0000eb94                RAILINT_60c29796d4368fee9b7d114bf204b331
 .text.RAIL_SetTxTransitions
                0x0000ebd0        0x8 C:\Users\Sijin\Documents\SiLabs\BLE-Guide\BLE-soc-basic\platform\radio\rail_lib\autogen\librail_release\librail_module_efr32xg13_gcc_release.a(rail_rf.o)
                0x0000ebd0                RAIL_SetTxTransitions
 .text.RAILCore_SetRxTransitions
                0x0000ebd8       0x38 C:\Users\Sijin\Documents\SiLabs\BLE-Guide\BLE-soc-basic\platform\radio\rail_lib\autogen\librail_release\librail_module_efr32xg13_gcc_release.a(rail_rf.o)
                0x0000ebd8                RAILINT_20405add256d5061bc482206e21c44d6
 .text.RAIL_SetRxTransitions
                0x0000ec10        0x8 C:\Users\Sijin\Documents\SiLabs\BLE-Guide\BLE-soc-basic\platform\radio\rail_lib\autogen\librail_release\librail_module_efr32xg13_gcc_release.a(rail_rf.o)
                0x0000ec10                RAIL_SetRxTransitions
 .text.RAIL_ConfigEvents
                0x0000ec18       0x14 C:\Users\Sijin\Documents\SiLabs\BLE-Guide\BLE-soc-basic\platform\radio\rail_lib\autogen\librail_release\librail_module_efr32xg13_gcc_release.a(rail_rf.o)
                0x0000ec18                RAIL_ConfigEvents
 .text.RAIL_ConfigRxOptions
                0x0000ec2c        0x8 C:\Users\Sijin\Documents\SiLabs\BLE-Guide\BLE-soc-basic\platform\radio\rail_lib\autogen\librail_release\librail_module_efr32xg13_gcc_release.a(rail_rx.o)
                0x0000ec2c                RAIL_ConfigRxOptions
 .text.RAILCore_ScheduleRx
                0x0000ec34       0x2c C:\Users\Sijin\Documents\SiLabs\BLE-Guide\BLE-soc-basic\platform\radio\rail_lib\autogen\librail_release\librail_module_efr32xg13_gcc_release.a(rail_rx.o)
                0x0000ec34                RAILINT_086017fdb374a998d21f5428f8f3accf
 .text.RAILCb_ConfigFrameTypeLength
                0x0000ec60        0x4 C:\Users\Sijin\Documents\SiLabs\BLE-Guide\BLE-soc-basic\platform\radio\rail_lib\autogen\librail_release\librail_module_efr32xg13_gcc_release.a(rail_rx.o)
                0x0000ec60                RAILCb_ConfigFrameTypeLength
 .text.RAIL_GetTxPower
                0x0000ec64        0x8 C:\Users\Sijin\Documents\SiLabs\BLE-Guide\BLE-soc-basic\platform\radio\rail_lib\autogen\librail_release\librail_module_efr32xg13_gcc_release.a(rail_tx.o)
                0x0000ec64                RAIL_GetTxPower
 .text.RAIL_ConfigTxPower
                0x0000ec6c       0x24 C:\Users\Sijin\Documents\SiLabs\BLE-Guide\BLE-soc-basic\platform\radio\rail_lib\autogen\librail_release\librail_module_efr32xg13_gcc_release.a(rail_tx.o)
                0x0000ec6c                RAIL_ConfigTxPower
 .text.RAIL_VerifyTxPowerCurves
                0x0000ec90        0x4 C:\Users\Sijin\Documents\SiLabs\BLE-Guide\BLE-soc-basic\platform\radio\rail_lib\autogen\librail_release\librail_module_efr32xg13_gcc_release.a(rail_tx.o)
                0x0000ec90                RAIL_VerifyTxPowerCurves
 .text.RAIL_GetTxPowerConfig
                0x0000ec94        0x8 C:\Users\Sijin\Documents\SiLabs\BLE-Guide\BLE-soc-basic\platform\radio\rail_lib\autogen\librail_release\librail_module_efr32xg13_gcc_release.a(rail_tx.o)
                0x0000ec94                RAIL_GetTxPowerConfig
 .text.RAIL_SetTxPowerDbm
                0x0000ec9c       0x38 C:\Users\Sijin\Documents\SiLabs\BLE-Guide\BLE-soc-basic\platform\radio\rail_lib\autogen\librail_release\librail_module_efr32xg13_gcc_release.a(rail_tx.o)
                0x0000ec9c                RAIL_SetTxPowerDbm
 .text.RAILInt_PendCal
                0x0000ecd4       0x24 C:\Users\Sijin\Documents\SiLabs\BLE-Guide\BLE-soc-basic\platform\radio\rail_lib\autogen\librail_release\librail_module_efr32xg13_gcc_release.a(rail_calibration.o)
                0x0000ecd4                RAILINT_3f0b6529856489702e1c986caf70e7aa
 .text.RAIL_WriteTxFifo
                0x0000ecf8        0x8 C:\Users\Sijin\Documents\SiLabs\BLE-Guide\BLE-soc-basic\platform\radio\rail_lib\autogen\librail_release\librail_module_efr32xg13_gcc_release.a(rail_data.o)
                0x0000ecf8                RAIL_WriteTxFifo
 .text.RAIL_SetTxFifo
                0x0000ed00        0x8 C:\Users\Sijin\Documents\SiLabs\BLE-Guide\BLE-soc-basic\platform\radio\rail_lib\autogen\librail_release\librail_module_efr32xg13_gcc_release.a(rail_data.o)
                0x0000ed00                RAIL_SetTxFifo
 .text.RAIL_SetRxFifo
                0x0000ed08        0x8 C:\Users\Sijin\Documents\SiLabs\BLE-Guide\BLE-soc-basic\platform\radio\rail_lib\autogen\librail_release\librail_module_efr32xg13_gcc_release.a(rail_data.o)
                0x0000ed08                RAIL_SetRxFifo
 .text.RAILCb_SetupRxFifo
                0x0000ed10       0x30 C:\Users\Sijin\Documents\SiLabs\BLE-Guide\BLE-soc-basic\platform\radio\rail_lib\autogen\librail_release\librail_module_efr32xg13_gcc_release.a(rail_data.o)
                0x0000ed10                RAILCb_SetupRxFifo
 .text.RAIL_GetRxPacketInfo
                0x0000ed40        0x8 C:\Users\Sijin\Documents\SiLabs\BLE-Guide\BLE-soc-basic\platform\radio\rail_lib\autogen\librail_release\librail_module_efr32xg13_gcc_release.a(rail_data.o)
                0x0000ed40                RAIL_GetRxPacketInfo
 .text.RAIL_GetRxPacketDetailsAlt
                0x0000ed48        0x8 C:\Users\Sijin\Documents\SiLabs\BLE-Guide\BLE-soc-basic\platform\radio\rail_lib\autogen\librail_release\librail_module_efr32xg13_gcc_release.a(rail_data.o)
                0x0000ed48                RAIL_GetRxPacketDetailsAlt
 .text.RAIL_GetRxTimePreambleStartAlt
                0x0000ed50        0x8 C:\Users\Sijin\Documents\SiLabs\BLE-Guide\BLE-soc-basic\platform\radio\rail_lib\autogen\librail_release\librail_module_efr32xg13_gcc_release.a(rail_data.o)
                0x0000ed50                RAIL_GetRxTimePreambleStartAlt
 .text.RAIL_ResetFifo
                0x0000ed58       0x24 C:\Users\Sijin\Documents\SiLabs\BLE-Guide\BLE-soc-basic\platform\radio\rail_lib\autogen\librail_release\librail_module_efr32xg13_gcc_release.a(rail_data.o)
                0x0000ed58                RAIL_ResetFifo
 .text.RAILCb_AssertFailed
                0x0000ed7c       0x14 C:\Users\Sijin\Documents\SiLabs\BLE-Guide\BLE-soc-basic\platform\radio\rail_lib\autogen\librail_release\librail_module_efr32xg13_gcc_release.a(rail_assert.o)
                0x0000ed7c                RAILCb_AssertFailed
 .text.RAILInt_Assert
                0x0000ed90       0x1c C:\Users\Sijin\Documents\SiLabs\BLE-Guide\BLE-soc-basic\platform\radio\rail_lib\autogen\librail_release\librail_module_efr32xg13_gcc_release.a(rail_assert.o)
                0x0000ed90                RAILINT_999bd22c50df2f99ce048cba68f11c3a
 .text.RAIL_GetTime
                0x0000edac        0x4 C:\Users\Sijin\Documents\SiLabs\BLE-Guide\BLE-soc-basic\platform\radio\rail_lib\autogen\librail_release\librail_module_efr32xg13_gcc_release.a(rail_timer.o)
                0x0000edac                RAIL_GetTime
 .text.RAILCore_BLE_Init
                0x0000edb0       0x1c C:\Users\Sijin\Documents\SiLabs\BLE-Guide\BLE-soc-basic\platform\radio\rail_lib\autogen\librail_release\librail_module_efr32xg13_gcc_release.a(rail_ble.o)
                0x0000edb0                RAILINT_5068bbb2b6fcc434fb14cc631c1d5448
 .text.RAIL_BLE_Init
                0x0000edcc        0x8 C:\Users\Sijin\Documents\SiLabs\BLE-Guide\BLE-soc-basic\platform\radio\rail_lib\autogen\librail_release\librail_module_efr32xg13_gcc_release.a(rail_ble.o)
                0x0000edcc                RAIL_BLE_Init
 .text.RAILCore_BLE_ConfigPhy1MbpsViterbi
                0x0000edd4       0x20 C:\Users\Sijin\Documents\SiLabs\BLE-Guide\BLE-soc-basic\platform\radio\rail_lib\autogen\librail_release\librail_module_efr32xg13_gcc_release.a(rail_ble.o)
                0x0000edd4                RAILINT_e88543c9b596792889571c0f7b731dba
 .text.RAIL_BLE_ConfigPhy1MbpsViterbi
                0x0000edf4        0x8 C:\Users\Sijin\Documents\SiLabs\BLE-Guide\BLE-soc-basic\platform\radio\rail_lib\autogen\librail_release\librail_module_efr32xg13_gcc_release.a(rail_ble.o)
                0x0000edf4                RAIL_BLE_ConfigPhy1MbpsViterbi
 .text.RAILCore_BLE_ConfigPhy2MbpsViterbi
                0x0000edfc       0x20 C:\Users\Sijin\Documents\SiLabs\BLE-Guide\BLE-soc-basic\platform\radio\rail_lib\autogen\librail_release\librail_module_efr32xg13_gcc_release.a(rail_ble.o)
                0x0000edfc                RAILINT_1bbb34915939a1132d22091036a46419
 .text.RAIL_BLE_ConfigPhy2MbpsViterbi
                0x0000ee1c        0x8 C:\Users\Sijin\Documents\SiLabs\BLE-Guide\BLE-soc-basic\platform\radio\rail_lib\autogen\librail_release\librail_module_efr32xg13_gcc_release.a(rail_ble.o)
                0x0000ee1c                RAIL_BLE_ConfigPhy2MbpsViterbi
 .text.RAILCore_BLE_ConfigPhyCoded
                0x0000ee24       0x24 C:\Users\Sijin\Documents\SiLabs\BLE-Guide\BLE-soc-basic\platform\radio\rail_lib\autogen\librail_release\librail_module_efr32xg13_gcc_release.a(rail_ble.o)
                0x0000ee24                RAILINT_2ee23e3f7dca1747f4df921175595919
 .text.RAIL_BLE_ConfigPhyCoded
                0x0000ee48        0x8 C:\Users\Sijin\Documents\SiLabs\BLE-Guide\BLE-soc-basic\platform\radio\rail_lib\autogen\librail_release\librail_module_efr32xg13_gcc_release.a(rail_ble.o)
                0x0000ee48                RAIL_BLE_ConfigPhyCoded
 .text.RAILCore_BLE_ConfigChannelRadioParams
                0x0000ee50       0x52 C:\Users\Sijin\Documents\SiLabs\BLE-Guide\BLE-soc-basic\platform\radio\rail_lib\autogen\librail_release\librail_module_efr32xg13_gcc_release.a(rail_ble.o)
                0x0000ee50                RAILINT_301fd6966b03cc938549fcaff8ed0b8e
 .text.RAIL_BLE_ConfigChannelRadioParams
                0x0000eea2       0x12 C:\Users\Sijin\Documents\SiLabs\BLE-Guide\BLE-soc-basic\platform\radio\rail_lib\autogen\librail_release\librail_module_efr32xg13_gcc_release.a(rail_ble.o)
                0x0000eea2                RAIL_BLE_ConfigChannelRadioParams
 .text.RAIL_BLE_PhySwitchToRx
                0x0000eeb4       0x20 C:\Users\Sijin\Documents\SiLabs\BLE-Guide\BLE-soc-basic\platform\radio\rail_lib\autogen\librail_release\librail_module_efr32xg13_gcc_release.a(rail_ble.o)
                0x0000eeb4                RAIL_BLE_PhySwitchToRx
 .text.checkAndAddRxLenOverflowEntry.part.1
                0x0000eed4       0x34 C:\Users\Sijin\Documents\SiLabs\BLE-Guide\BLE-soc-basic\platform\radio\rail_lib\autogen\librail_release\librail_module_efr32xg13_gcc_release.a(rfhal_bufc.o)
 .text.BUFC_ReadHelper
                0x0000ef08       0x7a C:\Users\Sijin\Documents\SiLabs\BLE-Guide\BLE-soc-basic\platform\radio\rail_lib\autogen\librail_release\librail_module_efr32xg13_gcc_release.a(rfhal_bufc.o)
 *fill*         0x0000ef82        0x2 
 .text.BUFC_SetTxBuffer
                0x0000ef84       0x38 C:\Users\Sijin\Documents\SiLabs\BLE-Guide\BLE-soc-basic\platform\radio\rail_lib\autogen\librail_release\librail_module_efr32xg13_gcc_release.a(rfhal_bufc.o)
                0x0000ef84                RAILINT_8309d0303dd52c35776f1b9d204e124b
 .text.BUFC_SetRxBuffer
                0x0000efbc       0x1c C:\Users\Sijin\Documents\SiLabs\BLE-Guide\BLE-soc-basic\platform\radio\rail_lib\autogen\librail_release\librail_module_efr32xg13_gcc_release.a(rfhal_bufc.o)
                0x0000efbc                RAILINT_5bb11e8550b329b01c70a60522ae80ea
 .text.BUFC_WriteBuffer
                0x0000efd8       0xb0 C:\Users\Sijin\Documents\SiLabs\BLE-Guide\BLE-soc-basic\platform\radio\rail_lib\autogen\librail_release\librail_module_efr32xg13_gcc_release.a(rfhal_bufc.o)
                0x0000efd8                RAILINT_5a1f8c6c11575b3b85ca7be599aaafeb
 .text.BUFC_Peek
                0x0000f088       0x12 C:\Users\Sijin\Documents\SiLabs\BLE-Guide\BLE-soc-basic\platform\radio\rail_lib\autogen\librail_release\librail_module_efr32xg13_gcc_release.a(rfhal_bufc.o)
                0x0000f088                RAILINT_15165ba22b471a208be11581197fd0a6
 .text.BUFC_PeekByte
                0x0000f09a       0x46 C:\Users\Sijin\Documents\SiLabs\BLE-Guide\BLE-soc-basic\platform\radio\rail_lib\autogen\librail_release\librail_module_efr32xg13_gcc_release.a(rfhal_bufc.o)
                0x0000f09a                RAILINT_0f9d1e26abedef5a5603dcefe1e88cf3
 .text.BUFC_GetSpaceAvailable
                0x0000f0e0       0x24 C:\Users\Sijin\Documents\SiLabs\BLE-Guide\BLE-soc-basic\platform\radio\rail_lib\autogen\librail_release\librail_module_efr32xg13_gcc_release.a(rfhal_bufc.o)
                0x0000f0e0                RAILINT_919aec075a004cf38e79a044a3f11059
 .text.BUFC_GetBytesAvailable
                0x0000f104       0x14 C:\Users\Sijin\Documents\SiLabs\BLE-Guide\BLE-soc-basic\platform\radio\rail_lib\autogen\librail_release\librail_module_efr32xg13_gcc_release.a(rfhal_bufc.o)
                0x0000f104                RAILINT_87ca22770b2c0e007720e383f3143457
 .text.BUFC_TxAckBufferSet
                0x0000f118       0x2c C:\Users\Sijin\Documents\SiLabs\BLE-Guide\BLE-soc-basic\platform\radio\rail_lib\autogen\librail_release\librail_module_efr32xg13_gcc_release.a(rfhal_bufc.o)
                0x0000f118                RAILINT_93e90587b91cd23310b71dbf4dabe4b2
 .text.BUFC_RxBufferReset
                0x0000f144       0xa4 C:\Users\Sijin\Documents\SiLabs\BLE-Guide\BLE-soc-basic\platform\radio\rail_lib\autogen\librail_release\librail_module_efr32xg13_gcc_release.a(rfhal_bufc.o)
                0x0000f144                RAILINT_ea701df21b15aeabbf4f1b9be517a6fb
 .text.BUFC_Init
                0x0000f1e8       0x48 C:\Users\Sijin\Documents\SiLabs\BLE-Guide\BLE-soc-basic\platform\radio\rail_lib\autogen\librail_release\librail_module_efr32xg13_gcc_release.a(rfhal_bufc.o)
                0x0000f1e8                RAILINT_a154f20c4cb0ac49904161b332487077
 .text.BUFC_ReleaseRxPacket
                0x0000f230      0x148 C:\Users\Sijin\Documents\SiLabs\BLE-Guide\BLE-soc-basic\platform\radio\rail_lib\autogen\librail_release\librail_module_efr32xg13_gcc_release.a(rfhal_bufc.o)
                0x0000f230                RAILINT_e5f98ee4df05ffeec0898fd3dfcac7ef
 .text.BUFC_StartRxLenThrEvent
                0x0000f378       0x50 C:\Users\Sijin\Documents\SiLabs\BLE-Guide\BLE-soc-basic\platform\radio\rail_lib\autogen\librail_release\librail_module_efr32xg13_gcc_release.a(rfhal_bufc.o)
                0x0000f378                RAILINT_5028a6b9d4ee8edd2bfa4ed98465cea4
 .text.BUFC_EndRxLenThrEvent
                0x0000f3c8       0x1c C:\Users\Sijin\Documents\SiLabs\BLE-Guide\BLE-soc-basic\platform\radio\rail_lib\autogen\librail_release\librail_module_efr32xg13_gcc_release.a(rfhal_bufc.o)
                0x0000f3c8                RAILINT_c2c512a3329b63216a276e6e941de4c7
 .text.BUFC_HandleRxLenOvfEvent
                0x0000f3e4       0x30 C:\Users\Sijin\Documents\SiLabs\BLE-Guide\BLE-soc-basic\platform\radio\rail_lib\autogen\librail_release\librail_module_efr32xg13_gcc_release.a(rfhal_bufc.o)
                0x0000f3e4                RAILINT_317b2845ec8597b7fc18708aa55d49e9
 .text.BUFC_GetRxPacketInfo
                0x0000f414      0x16c C:\Users\Sijin\Documents\SiLabs\BLE-Guide\BLE-soc-basic\platform\radio\rail_lib\autogen\librail_release\librail_module_efr32xg13_gcc_release.a(rfhal_bufc.o)
                0x0000f414                RAILINT_ee328b192a18bb4569d7a778a9299c02
 .text.IRCAL_Set
                0x0000f580       0x1c C:\Users\Sijin\Documents\SiLabs\BLE-Guide\BLE-soc-basic\platform\radio\rail_lib\autogen\librail_release\librail_module_efr32xg13_gcc_release.a(rfhal_ircal.o)
                0x0000f580                RAILINT_67aee7cfdf57d15f6ecf2affca3224a0
 .text.RFHAL_ApplyIrCalibration
                0x0000f59c       0x18 C:\Users\Sijin\Documents\SiLabs\BLE-Guide\BLE-soc-basic\platform\radio\rail_lib\autogen\librail_release\librail_module_efr32xg13_gcc_release.a(rfhal_ircal.o)
                0x0000f59c                RAILINT_cdd58a3e55e8dd8d2fbbb62166e06b9f
 .text.RFHAL_LockModule
                0x0000f5b4       0x10 C:\Users\Sijin\Documents\SiLabs\BLE-Guide\BLE-soc-basic\platform\radio\rail_lib\autogen\librail_release\librail_module_efr32xg13_gcc_release.a(rfhal_module.o)
                0x0000f5b4                RAILINT_6063b5aa4967d9f3009567a70e96b700
 .text.MODULE_UnlockMask
                0x0000f5c4       0x1c C:\Users\Sijin\Documents\SiLabs\BLE-Guide\BLE-soc-basic\platform\radio\rail_lib\autogen\librail_release\librail_module_efr32xg13_gcc_release.a(rfhal_module.o)
 .text.RFHAL_UnlockModule
                0x0000f5e0       0x14 C:\Users\Sijin\Documents\SiLabs\BLE-Guide\BLE-soc-basic\platform\radio\rail_lib\autogen\librail_release\librail_module_efr32xg13_gcc_release.a(rfhal_module.o)
                0x0000f5e0                RAILINT_9e5a39b656d2a45af0b472d761e7ae36
 .text.RFHAL_ValidateTxPowerModule
                0x0000f5f4       0x1c C:\Users\Sijin\Documents\SiLabs\BLE-Guide\BLE-soc-basic\platform\radio\rail_lib\autogen\librail_release\librail_module_efr32xg13_gcc_release.a(rfhal_module.o)
                0x0000f5f4                RAILINT_b1b6d07988c2bfe6ce227a4f89bd02b6
 .text.RFHAL_VerifyTxPowerCurves
                0x0000f610       0x20 C:\Users\Sijin\Documents\SiLabs\BLE-Guide\BLE-soc-basic\platform\radio\rail_lib\autogen\librail_release\librail_module_efr32xg13_gcc_release.a(rfhal_module.o)
                0x0000f610                RAILINT_da49c243f6171fcb42b58511d90c5722
 .text.RFHAL_VerifyChannelConfig
                0x0000f630       0x20 C:\Users\Sijin\Documents\SiLabs\BLE-Guide\BLE-soc-basic\platform\radio\rail_lib\autogen\librail_release\librail_module_efr32xg13_gcc_release.a(rfhal_module.o)
                0x0000f630                RAILINT_93ff9f7864c62329282f1dfcb21c053a
 .text.getRampTimeFromLevelAndRate
                0x0000f650       0x20 C:\Users\Sijin\Documents\SiLabs\BLE-Guide\BLE-soc-basic\platform\radio\rail_lib\autogen\librail_release\librail_module_efr32xg13_gcc_release.a(rfhal_pa.o)
 .text.PA_ProtectPa
                0x0000f670       0xa0 C:\Users\Sijin\Documents\SiLabs\BLE-Guide\BLE-soc-basic\platform\radio\rail_lib\autogen\librail_release\librail_module_efr32xg13_gcc_release.a(rfhal_pa.o)
 .text.PA_GetTxPowerConfig
                0x0000f710       0x14 C:\Users\Sijin\Documents\SiLabs\BLE-Guide\BLE-soc-basic\platform\radio\rail_lib\autogen\librail_release\librail_module_efr32xg13_gcc_release.a(rfhal_pa.o)
                0x0000f710                RAILINT_932ebbe98dac87fff3c95166dfd8c7c0
 .text.PA_SetupMaxPowerLevel
                0x0000f724       0x2c C:\Users\Sijin\Documents\SiLabs\BLE-Guide\BLE-soc-basic\platform\radio\rail_lib\autogen\librail_release\librail_module_efr32xg13_gcc_release.a(rfhal_pa.o)
                0x0000f724                RAILINT_35b8763cff7a5eec3b0602741356482f
 .text.PA_GetMaxPowerLevel
                0x0000f750       0x18 C:\Users\Sijin\Documents\SiLabs\BLE-Guide\BLE-soc-basic\platform\radio\rail_lib\autogen\librail_release\librail_module_efr32xg13_gcc_release.a(rfhal_pa.o)
                0x0000f750                RAILINT_92cc3a029311f34f4b370cf65514053e
 .text.PA_SetPowerLevel
                0x0000f768      0x144 C:\Users\Sijin\Documents\SiLabs\BLE-Guide\BLE-soc-basic\platform\radio\rail_lib\autogen\librail_release\librail_module_efr32xg13_gcc_release.a(rfhal_pa.o)
                0x0000f768                RAILINT_111951cdcab0e53df3caf59855bd586f
 .text.PA_RunPeakDetectorHigh
                0x0000f8ac       0x40 C:\Users\Sijin\Documents\SiLabs\BLE-Guide\BLE-soc-basic\platform\radio\rail_lib\autogen\librail_release\librail_module_efr32xg13_gcc_release.a(rfhal_pa.o)
                0x0000f8ac                RAILINT_204c67562ebd95621b58d539bdea400e
 .text.PA_RunPeakDetectorLow
                0x0000f8ec        0x2 C:\Users\Sijin\Documents\SiLabs\BLE-Guide\BLE-soc-basic\platform\radio\rail_lib\autogen\librail_release\librail_module_efr32xg13_gcc_release.a(rfhal_pa.o)
                0x0000f8ec                RAILINT_04af9313654bef3ab5e8e115199470b6
 *fill*         0x0000f8ee        0x2 
 .text.PA_RunBatHigh
                0x0000f8f0       0x2c C:\Users\Sijin\Documents\SiLabs\BLE-Guide\BLE-soc-basic\platform\radio\rail_lib\autogen\librail_release\librail_module_efr32xg13_gcc_release.a(rfhal_pa.o)
                0x0000f8f0                RAILINT_88c41a8a6f5616d99a71beb0476597f0
 .text.PA_GetRampTime
                0x0000f91c        0xc C:\Users\Sijin\Documents\SiLabs\BLE-Guide\BLE-soc-basic\platform\radio\rail_lib\autogen\librail_release\librail_module_efr32xg13_gcc_release.a(rfhal_pa.o)
                0x0000f91c                RAILINT_e36b7c2149b0a5f578057afe38466b6f
 .text.PA_CalcRampTime
                0x0000f928       0x30 C:\Users\Sijin\Documents\SiLabs\BLE-Guide\BLE-soc-basic\platform\radio\rail_lib\autogen\librail_release\librail_module_efr32xg13_gcc_release.a(rfhal_pa.o)
                0x0000f928                RAILINT_7f5009e9e8ae2d585591fce3b0ede158
 .text.PA_SetRampTime
                0x0000f958       0xf4 C:\Users\Sijin\Documents\SiLabs\BLE-Guide\BLE-soc-basic\platform\radio\rail_lib\autogen\librail_release\librail_module_efr32xg13_gcc_release.a(rfhal_pa.o)
                0x0000f958                RAILINT_04cbac11d3a00364f007965ea72d9ea7
 .text.PA_SetCTune
                0x0000fa4c       0x48 C:\Users\Sijin\Documents\SiLabs\BLE-Guide\BLE-soc-basic\platform\radio\rail_lib\autogen\librail_release\librail_module_efr32xg13_gcc_release.a(rfhal_pa.o)
                0x0000fa4c                RAILINT_381d199fb837968c69c779e56fcd91e4
 .text.PA_SelectBand
                0x0000fa94       0x38 C:\Users\Sijin\Documents\SiLabs\BLE-Guide\BLE-soc-basic\platform\radio\rail_lib\autogen\librail_release\librail_module_efr32xg13_gcc_release.a(rfhal_pa.o)
                0x0000fa94                RAILINT_0e606a7f698540bde52512e94cf3d9a7
 .text.PA_Config
                0x0000facc      0x114 C:\Users\Sijin\Documents\SiLabs\BLE-Guide\BLE-soc-basic\platform\radio\rail_lib\autogen\librail_release\librail_module_efr32xg13_gcc_release.a(rfhal_pa.o)
                0x0000facc                RAILINT_213b73c530964abd11d695e9b1ed253b
 .text.PROTIMER_Init
                0x0000fbe0       0xe4 C:\Users\Sijin\Documents\SiLabs\BLE-Guide\BLE-soc-basic\platform\radio\rail_lib\autogen\librail_release\librail_module_efr32xg13_gcc_release.a(rfhal_protimer.o)
                0x0000fbe0                RAILINT_8e105975b01e29d2917124d3a2a6edc9
 .text.PROTIMER_Start
                0x0000fcc4       0x1c C:\Users\Sijin\Documents\SiLabs\BLE-Guide\BLE-soc-basic\platform\radio\rail_lib\autogen\librail_release\librail_module_efr32xg13_gcc_release.a(rfhal_protimer.o)
                0x0000fcc4                RAILINT_16b5052241e30bfb5cd299c52e62f8ab
 .text.PROTIMER_Stop
                0x0000fce0       0x28 C:\Users\Sijin\Documents\SiLabs\BLE-Guide\BLE-soc-basic\platform\radio\rail_lib\autogen\librail_release\librail_module_efr32xg13_gcc_release.a(rfhal_protimer.o)
                0x0000fce0                RAILINT_d5de1ca8cdf3569f02c3a3b68a7980b1
 .text.PROTIMER_ElapsedTime
                0x0000fd08       0x40 C:\Users\Sijin\Documents\SiLabs\BLE-Guide\BLE-soc-basic\platform\radio\rail_lib\autogen\librail_release\librail_module_efr32xg13_gcc_release.a(rfhal_protimer.o)
                0x0000fd08                RAILINT_faf49abd7aa1ee55ef368f927cc12312
 .text.PROTIMER_CCTimerStop
                0x0000fd48       0x20 C:\Users\Sijin\Documents\SiLabs\BLE-Guide\BLE-soc-basic\platform\radio\rail_lib\autogen\librail_release\librail_module_efr32xg13_gcc_release.a(rfhal_protimer.o)
                0x0000fd48                RAILINT_a02b12e9c2bb9c2eaabcbe30bdd2b3ab
 .text.PROTIMER_CCTimerIsEnabled
                0x0000fd68       0x14 C:\Users\Sijin\Documents\SiLabs\BLE-Guide\BLE-soc-basic\platform\radio\rail_lib\autogen\librail_release\librail_module_efr32xg13_gcc_release.a(rfhal_protimer.o)
                0x0000fd68                RAILINT_d36178d195ebf16dc405b3d94462d8c7
 .text.PROTIMER_CCTimerCapture
                0x0000fd7c       0x18 C:\Users\Sijin\Documents\SiLabs\BLE-Guide\BLE-soc-basic\platform\radio\rail_lib\autogen\librail_release\librail_module_efr32xg13_gcc_release.a(rfhal_protimer.o)
                0x0000fd7c                RAILINT_0375c6c13bc042cb0fb6e2f58650d179
 .text.PROTIMER_ClearRxEnable
                0x0000fd94       0x10 C:\Users\Sijin\Documents\SiLabs\BLE-Guide\BLE-soc-basic\platform\radio\rail_lib\autogen\librail_release\librail_module_efr32xg13_gcc_release.a(rfhal_protimer.o)
                0x0000fd94                RAILINT_e179e0cd81ce6f553eab65f76ba8995f
 .text.PROTIMER_GetTime
                0x0000fda4       0x38 C:\Users\Sijin\Documents\SiLabs\BLE-Guide\BLE-soc-basic\platform\radio\rail_lib\autogen\librail_release\librail_module_efr32xg13_gcc_release.a(rfhal_protimer.o)
                0x0000fda4                RAILINT_d4d3f20345046551073e85d6afba339a
 .text.PROTIMER_GetCCTime
                0x0000fddc       0x44 C:\Users\Sijin\Documents\SiLabs\BLE-Guide\BLE-soc-basic\platform\radio\rail_lib\autogen\librail_release\librail_module_efr32xg13_gcc_release.a(rfhal_protimer.o)
                0x0000fddc                RAILINT_d0122fbf651c3850351f16d9746d13a1
 .text.PROTIMER_LBTStop
                0x0000fe20       0x18 C:\Users\Sijin\Documents\SiLabs\BLE-Guide\BLE-soc-basic\platform\radio\rail_lib\autogen\librail_release\librail_module_efr32xg13_gcc_release.a(rfhal_protimer.o)
                0x0000fe20                RAILINT_29c9defa35830e42db517a1c47cc114e
 .text.PROTIMER_PrecntOverflowToUs
                0x0000fe38       0x34 C:\Users\Sijin\Documents\SiLabs\BLE-Guide\BLE-soc-basic\platform\radio\rail_lib\autogen\librail_release\librail_module_efr32xg13_gcc_release.a(rfhal_protimer.o)
                0x0000fe38                RAILINT_1dfb7146b6c340088be45e5b808844a9
 .text.PROTIMER_GetUsTime
                0x0000fe6c       0x18 C:\Users\Sijin\Documents\SiLabs\BLE-Guide\BLE-soc-basic\platform\radio\rail_lib\autogen\librail_release\librail_module_efr32xg13_gcc_release.a(rfhal_protimer.o)
                0x0000fe6c                RAILINT_c5c43894280e7e5d092359ee0e4a3bcb
 .text.PROTIMER_GetUsFromRawWrap
                0x0000fe84       0x2e C:\Users\Sijin\Documents\SiLabs\BLE-Guide\BLE-soc-basic\platform\radio\rail_lib\autogen\librail_release\librail_module_efr32xg13_gcc_release.a(rfhal_protimer.o)
                0x0000fe84                RAILINT_f5e57f7db33b643d827c155e10988d10
 *fill*         0x0000feb2        0x2 
 .text.PROTIMER_UsToPrecntOverflow
                0x0000feb4       0x40 C:\Users\Sijin\Documents\SiLabs\BLE-Guide\BLE-soc-basic\platform\radio\rail_lib\autogen\librail_release\librail_module_efr32xg13_gcc_release.a(rfhal_protimer.o)
                0x0000feb4                RAILINT_ccd514e4dbf9d02a98e4bcbe2ec29d6b
 .text.PROTIMER_CCTimerStart
                0x0000fef4      0x1a8 C:\Users\Sijin\Documents\SiLabs\BLE-Guide\BLE-soc-basic\platform\radio\rail_lib\autogen\librail_release\librail_module_efr32xg13_gcc_release.a(rfhal_protimer.o)
                0x0000fef4                RAILINT_fea48c6a0a5dcb75b3cd7e0e0188d110
 .text.PROTIMER_ScheduleTxEnable
                0x0001009c       0x28 C:\Users\Sijin\Documents\SiLabs\BLE-Guide\BLE-soc-basic\platform\radio\rail_lib\autogen\librail_release\librail_module_efr32xg13_gcc_release.a(rfhal_protimer.o)
                0x0001009c                RAILINT_a118ea31f12aefa556a674d31417efb7
 .text.PROTIMER_ScheduleRxEnable
                0x000100c4       0x28 C:\Users\Sijin\Documents\SiLabs\BLE-Guide\BLE-soc-basic\platform\radio\rail_lib\autogen\librail_release\librail_module_efr32xg13_gcc_release.a(rfhal_protimer.o)
                0x000100c4                RAILINT_e89da3f2e1e076d7a6bdf9f1bf27449e
 .text.PROTIMER_ScheduleRxDisable
                0x000100ec       0x34 C:\Users\Sijin\Documents\SiLabs\BLE-Guide\BLE-soc-basic\platform\radio\rail_lib\autogen\librail_release\librail_module_efr32xg13_gcc_release.a(rfhal_protimer.o)
                0x000100ec                RAILINT_88947d7bdac61233a849a799ca9cfb74
 .text.PROTIMER_SetUsTime
                0x00010120       0x4c C:\Users\Sijin\Documents\SiLabs\BLE-Guide\BLE-soc-basic\platform\radio\rail_lib\autogen\librail_release\librail_module_efr32xg13_gcc_release.a(rfhal_protimer.o)
                0x00010120                RAILINT_481d5c40eb8faf984b1fe3f1c0edec80
 .text.PROTIMER_DelayUs
                0x0001016c       0x16 C:\Users\Sijin\Documents\SiLabs\BLE-Guide\BLE-soc-basic\platform\radio\rail_lib\autogen\librail_release\librail_module_efr32xg13_gcc_release.a(rfhal_protimer.o)
                0x0001016c                RAILINT_a3bef6a1689acfc8f4c844439ceb733c
 *fill*         0x00010182        0x2 
 .text.PTI_Config
                0x00010184       0xc0 C:\Users\Sijin\Documents\SiLabs\BLE-Guide\BLE-soc-basic\platform\radio\rail_lib\autogen\librail_release\librail_module_efr32xg13_gcc_release.a(rfhal_pti.o)
                0x00010184                RAILINT_cbcf41e99870520336197879a607a640
 .text.PTI_EnableAppendedInfo
                0x00010244       0x18 C:\Users\Sijin\Documents\SiLabs\BLE-Guide\BLE-soc-basic\platform\radio\rail_lib\autogen\librail_release\librail_module_efr32xg13_gcc_release.a(rfhal_pti.o)
                0x00010244                RAILINT_24a8a45a4a53cfb85f6ffa15e68f8787
 .text.PTI_Enable
                0x0001025c       0x50 C:\Users\Sijin\Documents\SiLabs\BLE-Guide\BLE-soc-basic\platform\radio\rail_lib\autogen\librail_release\librail_module_efr32xg13_gcc_release.a(rfhal_pti.o)
                0x0001025c                RAILINT_9fd746c1b0bdb9ddab1c3b0ce76b12dd
 .text.PTI_AuxdataOutput
                0x000102ac       0x1c C:\Users\Sijin\Documents\SiLabs\BLE-Guide\BLE-soc-basic\platform\radio\rail_lib\autogen\librail_release\librail_module_efr32xg13_gcc_release.a(rfhal_pti.o)
                0x000102ac                PTI_AuxdataOutput
 .text.PTI_EnableSyncword
                0x000102c8       0x18 C:\Users\Sijin\Documents\SiLabs\BLE-Guide\BLE-soc-basic\platform\radio\rail_lib\autogen\librail_release\librail_module_efr32xg13_gcc_release.a(rfhal_pti.o)
                0x000102c8                RAILINT_fc6b62c1b704b734494b785d25e03ad9
 .text.RADIO_GetOpcodeAddress
                0x000102e0       0x18 C:\Users\Sijin\Documents\SiLabs\BLE-Guide\BLE-soc-basic\platform\radio\rail_lib\autogen\librail_release\librail_module_efr32xg13_gcc_release.a(rfhal_radio.o)
                0x000102e0                RAILINT_887611763de1cbf6e85d5b354bcca426
 .text.RADIO_SetAndForgetWrite
                0x000102f8       0x74 C:\Users\Sijin\Documents\SiLabs\BLE-Guide\BLE-soc-basic\platform\radio\rail_lib\autogen\librail_release\librail_module_efr32xg13_gcc_release.a(rfhal_radio.o)
                0x000102f8                RAILINT_89727e3a666e4c7176188d30b8bafda4
 .text.RADIO_RewriteCcTableData
                0x0001036c       0x34 C:\Users\Sijin\Documents\SiLabs\BLE-Guide\BLE-soc-basic\platform\radio\rail_lib\autogen\librail_release\librail_module_efr32xg13_gcc_release.a(rfhal_radio.o)
                0x0001036c                RAILINT_603e1b7aab794606fde2f6f893967a07
 .text.RADIO_SeqInit
                0x000103a0       0x40 C:\Users\Sijin\Documents\SiLabs\BLE-Guide\BLE-soc-basic\platform\radio\rail_lib\autogen\librail_release\librail_module_efr32xg13_gcc_release.a(rfhal_radio.o)
                0x000103a0                RAILINT_0742fb6d07f3bc6569a4f853fab6d13b
 .text.RADIO_ClockEnable
                0x000103e0       0x14 C:\Users\Sijin\Documents\SiLabs\BLE-Guide\BLE-soc-basic\platform\radio\rail_lib\autogen\librail_release\librail_module_efr32xg13_gcc_release.a(rfhal_radio.o)
                0x000103e0                RAILINT_2f59d45cdf711c2da6f6c18c53307062
 .text.RADIO_Init
                0x000103f4       0x50 C:\Users\Sijin\Documents\SiLabs\BLE-Guide\BLE-soc-basic\platform\radio\rail_lib\autogen\librail_release\librail_module_efr32xg13_gcc_release.a(rfhal_radio.o)
                0x000103f4                RAILINT_3847d509158789abf28c8f309e81ccb4
 .text.RADIO_ClockFreqGet
                0x00010444       0x1c C:\Users\Sijin\Documents\SiLabs\BLE-Guide\BLE-soc-basic\platform\radio\rail_lib\autogen\librail_release\librail_module_efr32xg13_gcc_release.a(rfhal_radio.o)
                0x00010444                RAILINT_61072351127ca861ab3b792c81e2416a
 .text.RADIO_Config
                0x00010460       0x80 C:\Users\Sijin\Documents\SiLabs\BLE-Guide\BLE-soc-basic\platform\radio\rail_lib\autogen\librail_release\librail_module_efr32xg13_gcc_release.a(rfhal_radio.o)
                0x00010460                RAILINT_fba63741bb147dec4868880dd5d9d63b
 .text.RADIO_IsRxOnForRssi
                0x000104e0       0x18 C:\Users\Sijin\Documents\SiLabs\BLE-Guide\BLE-soc-basic\platform\radio\rail_lib\autogen\librail_release\librail_module_efr32xg13_gcc_release.a(rfhal_radio.o)
                0x000104e0                RAILINT_583160a38ded29811f0bca4a5d912643
 .text.RADIO_RxTrailDataLength
                0x000104f8       0x3c C:\Users\Sijin\Documents\SiLabs\BLE-Guide\BLE-soc-basic\platform\radio\rail_lib\autogen\librail_release\librail_module_efr32xg13_gcc_release.a(rfhal_radio.o)
                0x000104f8                RAILINT_5a04132ce805a59a193609f39293693e
 .text.RADIO_ComputeTxBaudrate
                0x00010534       0x24 C:\Users\Sijin\Documents\SiLabs\BLE-Guide\BLE-soc-basic\platform\radio\rail_lib\autogen\librail_release\librail_module_efr32xg13_gcc_release.a(rfhal_radio.o)
                0x00010534                RAILINT_b494240258c762f2a0b1205382bd1fb8
 .text.RADIO_ComputeTxSymbolRate
                0x00010558       0x54 C:\Users\Sijin\Documents\SiLabs\BLE-Guide\BLE-soc-basic\platform\radio\rail_lib\autogen\librail_release\librail_module_efr32xg13_gcc_release.a(rfhal_radio.o)
                0x00010558                RAILINT_169261901d85d559dfe41fa25954b0ac
 .text.RADIO_ComputeTxBitRate
                0x000105ac       0x44 C:\Users\Sijin\Documents\SiLabs\BLE-Guide\BLE-soc-basic\platform\radio\rail_lib\autogen\librail_release\librail_module_efr32xg13_gcc_release.a(rfhal_radio.o)
                0x000105ac                RAILINT_8d5ef3d5fbac807521da6706684ec428
 .text.RADIO_GetRssi
                0x000105f0       0x64 C:\Users\Sijin\Documents\SiLabs\BLE-Guide\BLE-soc-basic\platform\radio\rail_lib\autogen\librail_release\librail_module_efr32xg13_gcc_release.a(rfhal_radio.o)
                0x000105f0                RAILINT_49c1638648869baaf18ca93f541e7dd3
 .text.RADIO_SetCRCInitVal
                0x00010654       0x10 C:\Users\Sijin\Documents\SiLabs\BLE-Guide\BLE-soc-basic\platform\radio\rail_lib\autogen\librail_release\librail_module_efr32xg13_gcc_release.a(rfhal_radio.o)
                0x00010654                RAILINT_7a60cef4872b4c8ff86f7346719e565a
 .text.RFSENSE_IRQHandler
                0x00010664       0x10 C:\Users\Sijin\Documents\SiLabs\BLE-Guide\BLE-soc-basic\platform\radio\rail_lib\autogen\librail_release\librail_module_efr32xg13_gcc_release.a(rfhal_rfsense.o)
                0x00010664                RFSENSE_IRQHandler
 .text.RTCCSYNC_RTCCClockFreqGet