Archive member included to satisfy reference by file (symbol)

C:\Users\Sijin\Documents\SiLabs\BLE-Guide\BLE-soc-basic\platform\radio\rail_lib\autogen\librail_release\librail_module_efr32xg13_gcc_release.a(rail_pti.o)
                              ./pti.o (RAIL_ConfigPti)
C:\Users\Sijin\Documents\SiLabs\BLE-Guide\BLE-soc-basic\platform\radio\rail_lib\autogen\librail_release\librail_module_efr32xg13_gcc_release.a(rail_rf_hal.o)
                              C:\Users\Sijin\Documents\SiLabs\BLE-Guide\BLE-soc-basic\platform\radio\rail_lib\autogen\librail_release\librail_module_efr32xg13_gcc_release.a(rail_pti.o) (RAILINT_d2275ce494141a43924ec452d3ba7576)
C:\Users\Sijin\Documents\SiLabs\BLE-Guide\BLE-soc-basic\platform\radio\rail_lib\autogen\librail_release\librail_module_efr32xg13_gcc_release.a(rail_ieee802154_rf_hal.o)
                              C:\Users\Sijin\Documents\SiLabs\BLE-Guide\BLE-soc-basic\platform\radio\rail_lib\autogen\librail_release\librail_module_efr32xg13_gcc_release.a(rail_rf_hal.o) (RAILINT_d4473776f83cbc0e517010e932869722)
C:\Users\Sijin\Documents\SiLabs\BLE-Guide\BLE-soc-basic\platform\radio\rail_lib\autogen\librail_release\librail_module_efr32xg13_gcc_release.a(rail_ble_rf_hal.o)
                              C:\Users\Sijin\Documents\SiLabs\BLE-Guide\BLE-soc-basic\platform\radio\rail_lib\autogen\librail_release\librail_module_efr32xg13_gcc_release.a(rail_rf_hal.o) (RAILINT_b1bc1368cb0ab6c3a512d68344391b7e)
C:\Users\Sijin\Documents\SiLabs\BLE-Guide\BLE-soc-basic\platform\radio\rail_lib\autogen\librail_release\librail_module_efr32xg13_gcc_release.a(rail_singleprotocol.o)
                              C:\Users\Sijin\Documents\SiLabs\BLE-Guide\BLE-soc-basic\platform\radio\rail_lib\autogen\librail_release\librail_module_efr32xg13_gcc_release.a(rail_rf_hal.o) (RAIL_ActiveHandle)
C:\Users\Sijin\Documents\SiLabs\BLE-Guide\BLE-soc-basic\platform\radio\rail_lib\autogen\librail_release\librail_module_efr32xg13_gcc_release.a(rail_rf.o)
                              C:\Users\Sijin\Documents\SiLabs\BLE-Guide\BLE-soc-basic\platform\radio\rail_lib\autogen\librail_release\librail_module_efr32xg13_gcc_release.a(rail_singleprotocol.o) (RAILINT_59121321a1358ecc506fdb12a688e30c)
C:\Users\Sijin\Documents\SiLabs\BLE-Guide\BLE-soc-basic\platform\radio\rail_lib\autogen\librail_release\librail_module_efr32xg13_gcc_release.a(rail_rx.o)
                              C:\Users\Sijin\Documents\SiLabs\BLE-Guide\BLE-soc-basic\platform\radio\rail_lib\autogen\librail_release\librail_module_efr32xg13_gcc_release.a(rail_rf_hal.o) (RAILINT_b5e0637c62bb3b836502f3f63757d920)
C:\Users\Sijin\Documents\SiLabs\BLE-Guide\BLE-soc-basic\platform\radio\rail_lib\autogen\librail_release\librail_module_efr32xg13_gcc_release.a(rail_tx.o)
                              C:\Users\Sijin\Documents\SiLabs\BLE-Guide\BLE-soc-basic\platform\radio\rail_lib\autogen\librail_release\librail_module_efr32xg13_gcc_release.a(rail_singleprotocol.o) (RAILINT_59a1e3a8f29d5e090128a9d6830a6ec9)
C:\Users\Sijin\Documents\SiLabs\BLE-Guide\BLE-soc-basic\platform\radio\rail_lib\autogen\librail_release\librail_module_efr32xg13_gcc_release.a(rail_calibration.o)
                              C:\Users\Sijin\Documents\SiLabs\BLE-Guide\BLE-soc-basic\platform\radio\rail_lib\autogen\librail_release\librail_module_efr32xg13_gcc_release.a(rail_rf_hal.o) (RAILINT_3f0b6529856489702e1c986caf70e7aa)
C:\Users\Sijin\Documents\SiLabs\BLE-Guide\BLE-soc-basic\platform\radio\rail_lib\autogen\librail_release\librail_module_efr32xg13_gcc_release.a(rail_data.o)
                              C:\Users\Sijin\Documents\SiLabs\BLE-Guide\BLE-soc-basic\platform\radio\rail_lib\autogen\librail_release\librail_module_efr32xg13_gcc_release.a(rail_rf_hal.o) (RAILCb_SetupRxFifo)
C:\Users\Sijin\Documents\SiLabs\BLE-Guide\BLE-soc-basic\platform\radio\rail_lib\autogen\librail_release\librail_module_efr32xg13_gcc_release.a(rail_assert.o)
                              C:\Users\Sijin\Documents\SiLabs\BLE-Guide\BLE-soc-basic\platform\radio\rail_lib\autogen\librail_release\librail_module_efr32xg13_gcc_release.a(rail_rf_hal.o) (RAILINT_999bd22c50df2f99ce048cba68f11c3a)
C:\Users\Sijin\Documents\SiLabs\BLE-Guide\BLE-soc-basic\platform\radio\rail_lib\autogen\librail_release\librail_module_efr32xg13_gcc_release.a(rail_rssi.o)
                              C:\Users\Sijin\Documents\SiLabs\BLE-Guide\BLE-soc-basic\platform\radio\rail_lib\autogen\librail_release\librail_module_efr32xg13_gcc_release.a(rail_singleprotocol.o) (RAILINT_2ae173a878096855d408617a125c7b42)
C:\Users\Sijin\Documents\SiLabs\BLE-Guide\BLE-soc-basic\platform\radio\rail_lib\autogen\librail_release\librail_module_efr32xg13_gcc_release.a(rail_timer.o)
                              C:\Users\Sijin\Documents\SiLabs\BLE-Guide\BLE-soc-basic\platform\radio\rail_lib\autogen\librail_release\librail_module_efr32xg13_gcc_release.a(rail_singleprotocol.o) (RAILINT_b6e199795dd44eee119efd9607ebf619)
[...]
Memory Configuration

Name             Origin             Length             Attributes
FLASH_BOOTLOADER 0x0fe10000         0x00004000         xr
FLASH            0x00000000         0x00080000         xr
RAM              0x20000000         0x00010000         xrw
*default*        0x00000000         0xffffffff

Linker script and memory map

LOAD c:/siliconlabs/simplicitystudio/v4/developer/toolchains/gnu_arm/7.2_2017q4/bin/../lib/gcc/arm-none-eabi/7.2.1/thumb/v7e-m/fpv4-sp/softfp/crti.o
LOAD c:/siliconlabs/simplicitystudio/v4/developer/toolchains/gnu_arm/7.2_2017q4/bin/../lib/gcc/arm-none-eabi/7.2.1/thumb/v7e-m/fpv4-sp/softfp/crtbegin.o
LOAD c:/siliconlabs/simplicitystudio/v4/developer/toolchains/gnu_arm/7.2_2017q4/bin/../lib/gcc/arm-none-eabi/7.2.1/../../../../arm-none-eabi/lib/thumb/v7e-m/fpv4-sp/softfp/crt0.o
START GROUP
LOAD ./app/bluetooth/common/util/infrastructure.o
LOAD ./app.o
LOAD ./application_properties.o
LOAD ./gatt_db.o
LOAD ./init_app.o
LOAD ./init_board_efr32xg1.o
LOAD ./init_mcu_efr32xg1.o
LOAD ./main.o
LOAD ./pti.o
LOAD ./hardware/kit/common/bsp/bsp_stk.o
LOAD ./hardware/kit/common/drivers/mx25flash_spi.o
LOAD ./hardware/kit/common/drivers/retargetio.o
LOAD ./hardware/kit/common/drivers/retargetserial.o
LOAD ./platform/Device/SiliconLabs/BGM13/Source/GCC/startup_bgm13.o
LOAD ./platform/Device/SiliconLabs/BGM13/Source/system_bgm13.o
LOAD ./platform/emdrv/sleep/src/sleep.o
LOAD ./platform/emlib/src/em_assert.o
LOAD ./platform/emlib/src/em_burtc.o
LOAD ./platform/emlib/src/em_cmu.o
LOAD ./platform/emlib/src/em_core.o
LOAD ./platform/emlib/src/em_cryotimer.o
LOAD ./platform/emlib/src/em_crypto.o
LOAD ./platform/emlib/src/em_emu.o
LOAD ./platform/emlib/src/em_gpio.o
LOAD ./platform/emlib/src/em_i2c.o
LOAD ./platform/emlib/src/em_msc.o
LOAD ./platform/emlib/src/em_rmu.o
LOAD ./platform/emlib/src/em_rtcc.o
LOAD ./platform/emlib/src/em_se.o
LOAD ./platform/emlib/src/em_system.o
LOAD ./platform/emlib/src/em_timer.o
LOAD ./platform/emlib/src/em_usart.o
LOAD ./user/em_adc.o
LOAD C:\Users\Sijin\Documents\SiLabs\BLE-Guide\BLE-soc-basic\platform\radio\rail_lib\autogen\librail_release\librail_module_efr32xg13_gcc_release.a
LOAD C:\Users\Sijin\Documents\SiLabs\BLE-Guide\BLE-soc-basic\protocol\bluetooth\lib\EFR32BG13P\GCC\libbluetooth.a
LOAD C:\Users\Sijin\Documents\SiLabs\BLE-Guide\BLE-soc-basic\protocol\bluetooth\lib\EFR32BG13P\GCC\binapploader.o
LOAD C:\Users\Sijin\Documents\SiLabs\BLE-Guide\BLE-soc-basic\protocol\bluetooth\lib\EFR32BG13P\GCC\libmbedtls.a
LOAD C:\Users\Sijin\Documents\SiLabs\BLE-Guide\BLE-soc-basic\platform\radio\rail_lib\autogen\librail_release\librail_config_bgm13s32f512ga_gcc.a
LOAD C:\Users\Sijin\Documents\SiLabs\BLE-Guide\BLE-soc-basic\protocol\bluetooth\lib\EFR32BG13P\GCC\libpsstore.a
LOAD c:/siliconlabs/simplicitystudio/v4/developer/toolchains/gnu_arm/7.2_2017q4/bin/../lib/gcc/arm-none-eabi/7.2.1/../../../../arm-none-eabi/lib/thumb/v7e-m/fpv4-sp/softfp\libm.a
END GROUP
START GROUP
LOAD c:/siliconlabs/simplicitystudio/v4/developer/toolchains/gnu_arm/7.2_2017q4/bin/../lib/gcc/arm-none-eabi/7.2.1/thumb/v7e-m/fpv4-sp/softfp\libgcc.a
LOAD c:/siliconlabs/simplicitystudio/v4/developer/toolchains/gnu_arm/7.2_2017q4/bin/../lib/gcc/arm-none-eabi/7.2.1/../../../../arm-none-eabi/lib/thumb/v7e-m/fpv4-sp/softfp\libc_nano.a
LOAD c:/siliconlabs/simplicitystudio/v4/developer/toolchains/gnu_arm/7.2_2017q4/bin/../lib/gcc/arm-none-eabi/7.2.1/../../../../arm-none-eabi/lib/thumb/v7e-m/fpv4-sp/softfp\libnosys.a
END GROUP
START GROUP
LOAD c:/siliconlabs/simplicitystudio/v4/developer/toolchains/gnu_arm/7.2_2017q4/bin/../lib/gcc/arm-none-eabi/7.2.1/thumb/v7e-m/fpv4-sp/softfp\libgcc.a
LOAD c:/siliconlabs/simplicitystudio/v4/developer/toolchains/gnu_arm/7.2_2017q4/bin/../lib/gcc/arm-none-eabi/7.2.1/../../../../arm-none-eabi/lib/thumb/v7e-m/fpv4-sp/softfp\libg_nano.a
LOAD c:/siliconlabs/simplicitystudio/v4/developer/toolchains/gnu_arm/7.2_2017q4/bin/../lib/gcc/arm-none-eabi/7.2.1/../../../../arm-none-eabi/lib/thumb/v7e-m/fpv4-sp/softfp\libc_nano.a
END GROUP
START GROUP
LOAD c:/siliconlabs/simplicitystudio/v4/developer/toolchains/gnu_arm/7.2_2017q4/bin/../lib/gcc/arm-none-eabi/7.2.1/thumb/v7e-m/fpv4-sp/softfp\libgcc.a
LOAD c:/siliconlabs/simplicitystudio/v4/developer/toolchains/gnu_arm/7.2_2017q4/bin/../lib/gcc/arm-none-eabi/7.2.1/../../../../arm-none-eabi/lib/thumb/v7e-m/fpv4-sp/softfp\libc_nano.a
END GROUP
LOAD c:/siliconlabs/simplicitystudio/v4/developer/toolchains/gnu_arm/7.2_2017q4/bin/../lib/gcc/arm-none-eabi/7.2.1/thumb/v7e-m/fpv4-sp/softfp/crtend.o
LOAD c:/siliconlabs/simplicitystudio/v4/developer/toolchains/gnu_arm/7.2_2017q4/bin/../lib/gcc/arm-none-eabi/7.2.1/thumb/v7e-m/fpv4-sp/softfp/crtn.o

.text_bootloader
                0x0fe10000        0x0
 *(.binbootloader*)
                0x0fe10000                . = ALIGN (0x4000)

.text_apploader
                0x00000000     0xa7c0
 *(.binapploader*)
 .binapploader  0x00000000     0xa7c0 C:\Users\Sijin\Documents\SiLabs\BLE-Guide\BLE-soc-basic\protocol\bluetooth\lib\EFR32BG13P\GCC\binapploader.o

.text_signature
                0x0000a7c0       0x40
                0x0000a800                . = ALIGN (0x800)
 *fill*         0x0000a7c0       0x40 
                0x0000a800                __text_start__ = .

.text_application
                0x0000a800    0x228e8
 *(.vectors)
 .vectors       0x0000a800       0xfc ./platform/Device/SiliconLabs/BGM13/Source/GCC/startup_bgm13.o
                0x0000a800                __Vectors
                0x0000a8fc                __Vectors_End = .
                0x000000fc                __Vectors_Size = (__Vectors_End - __Vectors)
                0x0000a8fc                __end__ = .
 *(.application_properties)
 .application_properties
                0x0000a8fc       0x40 ./application_properties.o
                0x0000a8fc                applicationProperties
 *(.gecko_configuration)
 *(.xo_configuration)
 *(.gatt_header)
 .gatt_header   0x0000a93c       0x34 ./gatt_db.o
                0x0000a93c                bg_gattdb_data
 *(.gatt_data)
 .gatt_data     0x0000a970      0x2fe ./gatt_db.o
                0x0000a970                bg_gattdb_data_adv_uuid128_map
                0x0000a974                bg_gattdb_data_adv_uuid16_map
                0x0000a978                bg_gattdb_data_attributes_dynamic_mapping_map
                0x0000a988                bg_gattdb_data_attributes_map
                0x0000aae4                bg_gattdb_data_attribute_field_0
                0x0000aae8                bg_gattdb_data_attribute_field_1
                0x0000aaf0                bg_gattdb_data_attribute_field_2
                0x0000aaf8                bg_gattdb_data_attribute_field_4
                0x0000ab00                bg_gattdb_data_attribute_field_5
                0x0000ab08                bg_gattdb_data_attribute_field_6
                0x0000ab10                bg_gattdb_data_attribute_field_7
                0x0000ab18                bg_gattdb_data_attribute_field_8
                0x0000ab1c                bg_gattdb_data_attribute_field_9
                0x0000ab24                bg_gattdb_data_attribute_field_10
                0x0000ab2c                bg_gattdb_data_attribute_field_11
                0x0000ab34                bg_gattdb_data_attribute_field_12
                0x0000ab38                bg_gattdb_data_attribute_field_13
                0x0000ab3c                bg_gattdb_data_attribute_field_14
                0x0000ab44                bg_gattdb_data_attribute_field_15
                0x0000ab54                bg_gattdb_data_attribute_field_16
                0x0000ab5c                bg_gattdb_data_attribute_field_17
                0x0000ab68                bg_gattdb_data_attribute_field_18
                0x0000ab70                bg_gattdb_data_attribute_field_19
                0x0000ab78                bg_gattdb_data_attribute_field_20
                0x0000ab8c                bg_gattdb_data_attribute_field_21
                0x0000aba4                bg_gattdb_data_attribute_field_22
                0x0000abac                bg_gattdb_data_attribute_field_23
                0x0000abc0                bg_gattdb_data_attribute_field_24
                0x0000abd8                bg_gattdb_data_attribute_field_25
                0x0000abe0                bg_gattdb_data_attribute_field_26
                0x0000abf8                bg_gattdb_data_attribute_field_27
                0x0000ac00                bg_gattdb_data_uuidtable_128_map
                0x0000ac50                bg_gattdb_data_uuidtable_16_map
 *(.text*)
 *fill*         0x0000ac6e        0x2 
 .text          0x0000ac70       0x40 c:/siliconlabs/simplicitystudio/v4/developer/toolchains/gnu_arm/7.2_2017q4/bin/../lib/gcc/arm-none-eabi/7.2.1/thumb/v7e-m/fpv4-sp/softfp/crtbegin.o
 .text          0x0000acb0       0x74 c:/siliconlabs/simplicitystudio/v4/developer/toolchains/gnu_arm/7.2_2017q4/bin/../lib/gcc/arm-none-eabi/7.2.1/../../../../arm-none-eabi/lib/thumb/v7e-m/fpv4-sp/softfp/crt0.o
                0x0000acb0                _start
                0x0000acb0                _mainCRTStartup
 .text.appMain  0x0000ad24      0x394 ./app.o
                0x0000ad24                appMain
 .text.initApp  0x0000b0b8       0x30 ./init_app.o
                0x0000b0b8                initApp
 .text.initBoard
                0x0000b0e8       0x44 ./init_board_efr32xg1.o
                0x0000b0e8                initBoard
 .text.initMcu  0x0000b12c      0x148 ./init_mcu_efr32xg1.o
                0x0000b12c                initMcu
 .text.startup.main
                0x0000b274       0x1c ./main.o
                0x0000b274                main
 .text.configEnablePti
                0x0000b290       0x30 ./pti.o
                0x0000b290                configEnablePti
 .text.MX25_init
                0x0000b2c0       0xa4 ./hardware/kit/common/drivers/mx25flash_spi.o
                0x0000b2c0                MX25_init
 .text.MX25_deinit
                0x0000b364       0x54 ./hardware/kit/common/drivers/mx25flash_spi.o
                0x0000b364                MX25_deinit
 .text.MX25_DP  0x0000b3b8       0x60 ./hardware/kit/common/drivers/mx25flash_spi.o
                0x0000b3b8                MX25_DP
 .text._close   0x0000b418        0x4 ./hardware/kit/common/drivers/retargetio.o
                0x0000b418                _close
 .text._exit    0x0000b41c        0x4 ./hardware/kit/common/drivers/retargetio.o
                0x0000b41c                _exit
 .text._fstat   0x0000b420        0xc ./hardware/kit/common/drivers/retargetio.o
                0x0000b420                _fstat
 .text._isatty  0x0000b42c        0x4 ./hardware/kit/common/drivers/retargetio.o
                0x0000b42c                _isatty
 .text._lseek   0x0000b430        0x4 ./hardware/kit/common/drivers/retargetio.o
                0x0000b430                _lseek
 .text._read    0x0000b434       0x2c ./hardware/kit/common/drivers/retargetio.o
                0x0000b434                _read
 .text._sbrk    0x0000b460       0x1c ./hardware/kit/common/drivers/retargetio.o
                0x0000b460                _sbrk
 .text._write   0x0000b47c       0x1c ./hardware/kit/common/drivers/retargetio.o
                0x0000b47c                _write
 .text.USART0_RX_IRQHandler
                0x0000b498       0x54 ./hardware/kit/common/drivers/retargetserial.o
                0x0000b498                USART0_RX_IRQHandler
 .text.RETARGET_SerialInit
                0x0000b4ec       0xc8 ./hardware/kit/common/drivers/retargetserial.o
                0x0000b4ec                RETARGET_SerialInit
 .text.RETARGET_ReadChar
                0x0000b5b4       0x68 ./hardware/kit/common/drivers/retargetserial.o
                0x0000b5b4                RETARGET_ReadChar
 .text.RETARGET_WriteChar
                0x0000b61c       0x48 ./hardware/kit/common/drivers/retargetserial.o
                0x0000b61c                RETARGET_WriteChar
 .text.RETARGET_SerialFlush
                0x0000b664       0x10 ./hardware/kit/common/drivers/retargetserial.o
                0x0000b664                RETARGET_SerialFlush
 .text.Default_Handler
                0x0000b674        0x4 ./platform/Device/SiliconLabs/BGM13/Source/GCC/startup_bgm13.o
                0x0000b674                DebugMon_Handler
                0x0000b674                USART0_TX_IRQHandler
                0x0000b674                I2C0_IRQHandler
                0x0000b674                HardFault_Handler
                0x0000b674                SysTick_Handler
                0x0000b674                USART1_RX_IRQHandler
                0x0000b674                PendSV_Handler
                0x0000b674                NMI_Handler
                0x0000b674                I2C1_IRQHandler
                0x0000b674                WTIMER0_IRQHandler
                0x0000b674                CRYPTO0_IRQHandler
                0x0000b674                WDOG0_IRQHandler
                0x0000b674                USART1_TX_IRQHandler
                0x0000b674                SMU_IRQHandler
                0x0000b674                MSC_IRQHandler
                0x0000b674                ADC0_IRQHandler
                0x0000b674                UsageFault_Handler
                0x0000b674                WDOG1_IRQHandler
                0x0000b674                LEUART0_IRQHandler
                0x0000b674                FPUEH_IRQHandler
                0x0000b674                GPIO_EVEN_IRQHandler
                0x0000b674                VDAC0_IRQHandler
                0x0000b674                LDMA_IRQHandler
                0x0000b674                CSEN_IRQHandler
                0x0000b674                CRYPTO1_IRQHandler
                0x0000b674                TIMER0_IRQHandler
                0x0000b674                LETIMER0_IRQHandler
                0x0000b674                TIMER1_IRQHandler
                0x0000b674                TRNG0_IRQHandler
                0x0000b674                USART2_RX_IRQHandler
                0x0000b674                Default_Handler
                0x0000b674                EMU_IRQHandler
                0x0000b674                CRYOTIMER_IRQHandler
                0x0000b674                PCNT0_IRQHandler
                0x0000b674                ACMP0_IRQHandler
                0x0000b674                MemManage_Handler
                0x0000b674                SVC_Handler
                0x0000b674                RTCC_IRQHandler
                0x0000b674                CMU_IRQHandler
                0x0000b674                GPIO_ODD_IRQHandler
                0x0000b674                LESENSE_IRQHandler
                0x0000b674                BusFault_Handler
                0x0000b674                USART2_TX_IRQHandler
                0x0000b674                IDAC0_IRQHandler
 .text.Reset_Handler
                0x0000b678       0x2c ./platform/Device/SiliconLabs/BGM13/Source/GCC/startup_bgm13.o
                0x0000b678                Reset_Handler
 .text.SystemMaxCoreClockGet
                0x0000b6a4        0x8 ./platform/Device/SiliconLabs/BGM13/Source/system_bgm13.o
                0x0000b6a4                SystemMaxCoreClockGet
 .text.SystemHFClockGet
                0x0000b6ac       0x50 ./platform/Device/SiliconLabs/BGM13/Source/system_bgm13.o
                0x0000b6ac                SystemHFClockGet
 .text.SystemCoreClockGet
                0x0000b6fc       0x24 ./platform/Device/SiliconLabs/BGM13/Source/system_bgm13.o
                0x0000b6fc                SystemCoreClockGet
 .text.SystemHFXOClockGet
                0x0000b720        0xc ./platform/Device/SiliconLabs/BGM13/Source/system_bgm13.o
                0x0000b720                SystemHFXOClockGet
 .text.SystemHFXOClockSet
                0x0000b72c       0x3c ./platform/Device/SiliconLabs/BGM13/Source/system_bgm13.o
                0x0000b72c                SystemHFXOClockSet
 .text.SystemInit
                0x0000b768       0x1c ./platform/Device/SiliconLabs/BGM13/Source/system_bgm13.o
                0x0000b768                SystemInit
 .text.SystemLFRCOClockGet
                0x0000b784        0x8 ./platform/Device/SiliconLabs/BGM13/Source/system_bgm13.o
                0x0000b784                SystemLFRCOClockGet
 .text.SystemULFRCOClockGet
                0x0000b78c        0x8 ./platform/Device/SiliconLabs/BGM13/Source/system_bgm13.o
                0x0000b78c                SystemULFRCOClockGet
 .text.SystemLFXOClockGet
                0x0000b794        0xc ./platform/Device/SiliconLabs/BGM13/Source/system_bgm13.o
                0x0000b794                SystemLFXOClockGet
 .text.SystemLFXOClockSet
                0x0000b7a0       0x3c ./platform/Device/SiliconLabs/BGM13/Source/system_bgm13.o
                0x0000b7a0                SystemLFXOClockSet
 .text.sleepCallbackWrapper
                0x0000b7dc       0x14 ./platform/emdrv/sleep/src/sleep.o
 .text.enterEMx
                0x0000b7f0       0x54 ./platform/emdrv/sleep/src/sleep.o
 .text.SLEEP_Init
                0x0000b844       0x40 ./platform/emdrv/sleep/src/sleep.o
                0x0000b844                SLEEP_Init
 .text.SLEEP_Sleep
                0x0000b884       0x70 ./platform/emdrv/sleep/src/sleep.o
                0x0000b884                SLEEP_Sleep
 .text.SLEEP_SleepBlockBegin
                0x0000b8f4       0x18 ./platform/emdrv/sleep/src/sleep.o
                0x0000b8f4                SLEEP_SleepBlockBegin
 .text.SLEEP_SleepBlockEnd
                0x0000b90c       0x1c ./platform/emdrv/sleep/src/sleep.o
                0x0000b90c                SLEEP_SleepBlockEnd
 .text.SLEEP_LowestEnergyModeGet
                0x0000b928       0x1c ./platform/emdrv/sleep/src/sleep.o
                0x0000b928                SLEEP_LowestEnergyModeGet
 .text.flashWaitStateControl
                0x0000b944       0x5c ./platform/emlib/src/em_cmu.o
 .text.flashWaitStateMax
                0x0000b9a0       0x24 ./platform/emlib/src/em_cmu.o
 .text.CMU_OscillatorTuningSet.part.2
                0x0000b9c4       0x3c ./platform/emlib/src/em_cmu.o
 .text.CMU_UpdateWaitStates
                0x0000ba00       0x1c ./platform/emlib/src/em_cmu.o
                0x0000ba00                CMU_UpdateWaitStates
 .text.CMU_ClockEnable
                0x0000ba1c       0x94 ./platform/emlib/src/em_cmu.o
                0x0000ba1c                CMU_ClockEnable
 .text.CMU_ClockSelectGet
                0x0000bab0       0xc4 ./platform/emlib/src/em_cmu.o
                0x0000bab0                CMU_ClockSelectGet
 .text.lfClkGet
                0x0000bb74       0x94 ./platform/emlib/src/em_cmu.o
 .text.CMU_ClockFreqGet
                0x0000bc08      0x1b8 ./platform/emlib/src/em_cmu.o
                0x0000bc08                CMU_ClockFreqGet
 .text.CMU_OscillatorTuningWait
                0x0000bdc0       0x48 ./platform/emlib/src/em_cmu.o
                0x0000bdc0                CMU_OscillatorTuningWait
 .text.CMU_OscillatorEnable
                0x0000be08      0x120 ./platform/emlib/src/em_cmu.o
                0x0000be08                CMU_OscillatorEnable
 .text.CMU_ClockSelectSet
                0x0000bf28      0x2a8 ./platform/emlib/src/em_cmu.o
                0x0000bf28                CMU_ClockSelectSet
 .text.CMU_HFXOAutostartEnable
                0x0000c1d0       0xe4 ./platform/emlib/src/em_cmu.o
                0x0000c1d0                CMU_HFXOAutostartEnable
 .text.CMU_HFXOInit
                0x0000c2b4       0x7c ./platform/emlib/src/em_cmu.o
                0x0000c2b4                CMU_HFXOInit
 .text.CMU_LFXOInit
                0x0000c330       0x44 ./platform/emlib/src/em_cmu.o
                0x0000c330                CMU_LFXOInit
 .text.CORE_EnterCritical
                0x0000c374        0x8 ./platform/emlib/src/em_core.o
                0x0000c374                CORE_EnterCritical
 .text.CORE_ExitCritical
                0x0000c37c        0x8 ./platform/emlib/src/em_core.o
                0x0000c37c                CORE_ExitCritical
 .text.CORE_EnterAtomic
                0x0000c384        0x8 ./platform/emlib/src/em_core.o
                0x0000c384                CORE_EnterAtomic
 .text.CORE_ExitAtomic
                0x0000c38c        0x4 ./platform/emlib/src/em_core.o
                0x0000c38c                CORE_ExitAtomic
 .text.CORE_SetNvicRamTableHandler
                0x0000c390       0x10 ./platform/emlib/src/em_core.o
                0x0000c390                CORE_SetNvicRamTableHandler
 .text.CORE_InitNvicVectorTable
                0x0000c3a0       0x44 ./platform/emlib/src/em_core.o
                0x0000c3a0                CORE_InitNvicVectorTable
 .text.CRYPTO_ModulusSet
                0x0000c3e4       0x38 ./platform/emlib/src/em_crypto.o
                0x0000c3e4                CRYPTO_ModulusSet
 .text.CRYPTO_KeyRead
                0x0000c41c       0x2c ./platform/emlib/src/em_crypto.o
                0x0000c41c                CRYPTO_KeyRead
 .text.lpGetDevinfoVrefLowHigh
                0x0000c448       0xdc ./platform/emlib/src/em_emu.o
 .text.vScaleDownEM23Setup
                0x0000c524       0x30 ./platform/emlib/src/em_emu.o
 .text.vScaleAfterWakeup.part.1
                0x0000c554       0x20 ./platform/emlib/src/em_emu.o
 .text.lpCmpHystCalibrationLoad.isra.2
                0x0000c574       0x60 ./platform/emlib/src/em_emu.o
 .text.emState.part.3
                0x0000c5d4       0xc0 ./platform/emlib/src/em_emu.o
 .text.emState.constprop.5
                0x0000c694       0x50 ./platform/emlib/src/em_emu.o
 .text.EMU_EnterEM2
                0x0000c6e4       0x4c ./platform/emlib/src/em_emu.o
                0x0000c6e4                EMU_EnterEM2
 .text.EMU_EnterEM3
                0x0000c730       0x68 ./platform/emlib/src/em_emu.o
                0x0000c730                EMU_EnterEM3
 .text.EMU_Save
                0x0000c798        0x4 ./platform/emlib/src/em_emu.o
                0x0000c798                EMU_Save
 .text.EMU_Restore
                0x0000c79c        0x4 ./platform/emlib/src/em_emu.o
                0x0000c79c                EMU_Restore
 .text.EMU_EnterEM4
                0x0000c7a0       0x30 ./platform/emlib/src/em_emu.o
                0x0000c7a0                EMU_EnterEM4
 .text.EMU_VScaleEM01
                0x0000c7d0       0x78 ./platform/emlib/src/em_emu.o
                0x0000c7d0                EMU_VScaleEM01
 .text.EMU_VScaleEM01ByClock
                0x0000c848       0x50 ./platform/emlib/src/em_emu.o
                0x0000c848                EMU_VScaleEM01ByClock
 .text.EMU_EM01Init
                0x0000c898       0x14 ./platform/emlib/src/em_emu.o
                0x0000c898                EMU_EM01Init
 .text.EMU_EM23Init
                0x0000c8ac       0x24 ./platform/emlib/src/em_emu.o
                0x0000c8ac                EMU_EM23Init
 .text.EMU_DCDCModeSet
                0x0000c8d0       0x84 ./platform/emlib/src/em_emu.o
                0x0000c8d0                EMU_DCDCModeSet
 .text.EMU_DCDCOutputVoltageSet
                0x0000c954      0x16c ./platform/emlib/src/em_emu.o
                0x0000c954                EMU_DCDCOutputVoltageSet
 .text.EMU_DCDCOptimizeSlice
                0x0000cac0       0xf8 ./platform/emlib/src/em_emu.o
                0x0000cac0                EMU_DCDCOptimizeSlice
 .text.EMU_DCDCInit
                0x0000cbb8      0x10c ./platform/emlib/src/em_emu.o
                0x0000cbb8                EMU_DCDCInit
 .text.EMU_DCDCLnRcoBandSet
                0x0000ccc4       0x24 ./platform/emlib/src/em_emu.o
                0x0000ccc4                EMU_DCDCLnRcoBandSet
 .text.GPIO_PinModeSet
                0x0000cce8       0x94 ./platform/emlib/src/em_gpio.o
                0x0000cce8                GPIO_PinModeSet
 .text.MSC_Init
                0x0000cd7c       0x20 ./platform/emlib/src/em_msc.o
                0x0000cd7c                MSC_Init
 .text.MSC_Deinit
                0x0000cd9c       0x14 ./platform/emlib/src/em_msc.o
                0x0000cd9c                MSC_Deinit
 .text.RMU_ResetCauseClear
                0x0000cdb0        0xc ./platform/emlib/src/em_rmu.o
                0x0000cdb0                RMU_ResetCauseClear
 .text.RMU_ResetCauseGet
                0x0000cdbc       0x60 ./platform/emlib/src/em_rmu.o
                0x0000cdbc                RMU_ResetCauseGet
 .text.RTCC_Init
                0x0000ce1c       0x64 ./platform/emlib/src/em_rtcc.o
                0x0000ce1c                RTCC_Init
 .text.SYSTEM_ChipRevisionGet
                0x0000ce80       0x34 ./platform/emlib/src/em_system.o
                0x0000ce80                SYSTEM_ChipRevisionGet
 .text.USART_BaudrateAsyncSet
                0x0000ceb4       0x68 ./platform/emlib/src/em_usart.o
                0x0000ceb4                USART_BaudrateAsyncSet
 .text.USART_Enable
                0x0000cf1c       0x10 ./platform/emlib/src/em_usart.o
                0x0000cf1c                USART_Enable
 .text.USART_InitAsync
                0x0000cf2c       0xbc ./platform/emlib/src/em_usart.o
                0x0000cf2c                USART_InitAsync
 .text.USART_InitSync
                0x0000cfe8       0xe0 ./platform/emlib/src/em_usart.o
                0x0000cfe8                USART_InitSync
 .text.USART_Reset
                0x0000d0c8       0x58 ./platform/emlib/src/em_usart.o
                0x0000d0c8                USART_Reset
 .text.USART_Rx
                0x0000d120        0xc ./platform/emlib/src/em_usart.o
                0x0000d120                USART_Rx
 .text.USART_SpiTransfer
                0x0000d12c       0x14 ./platform/emlib/src/em_usart.o
                0x0000d12c                USART_SpiTransfer
 .text.USART_Tx
                0x0000d140        0xc ./platform/emlib/src/em_usart.o
                0x0000d140                USART_Tx
 .text.ADC_LoadDevinfoCal
                0x0000d14c       0xc0 ./user/em_adc.o
 .text.ADC_InitSingle
                0x0000d20c       0xac ./user/em_adc.o
                0x0000d20c                ADC_InitSingle
 .text.RAIL_ConfigPti
                0x0000d2b8        0x6 C:\Users\Sijin\Documents\SiLabs\BLE-Guide\BLE-soc-basic\platform\radio\rail_lib\autogen\librail_release\librail_module_efr32xg13_gcc_release.a(rail_pti.o)
                0x0000d2b8                RAIL_ConfigPti
 .text.RAIL_EnablePti
                0x0000d2be        0x6 C:\Users\Sijin\Documents\SiLabs\BLE-Guide\BLE-soc-basic\platform\radio\rail_lib\autogen\librail_release\librail_module_efr32xg13_gcc_release.a(rail_pti.o)
                0x0000d2be                RAIL_EnablePti
 .text.eventDefault
                0x0000d2c4        0x2 C:\Users\Sijin\Documents\SiLabs\BLE-Guide\BLE-soc-basic\platform\radio\rail_lib\autogen\librail_release\librail_module_efr32xg13_gcc_release.a(rail_rf_hal.o)
 *fill*         0x0000d2c6        0x2 
 .text.RFHAL_NotifyUserOfIrCal
                0x0000d2c8       0x74 C:\Users\Sijin\Documents\SiLabs\BLE-Guide\BLE-soc-basic\platform\radio\rail_lib\autogen\librail_release\librail_module_efr32xg13_gcc_release.a(rail_rf_hal.o)
 .text.RFHAL_ConfigFrameTypeLength
                0x0000d33c       0x70 C:\Users\Sijin\Documents\SiLabs\BLE-Guide\BLE-soc-basic\platform\radio\rail_lib\autogen\librail_release\librail_module_efr32xg13_gcc_release.a(rail_rf_hal.o)
                0x0000d33c                RAILINT_d47266c0db43f83e9de21bc91e34975e
 .text.RFHAL_IntEnable
                0x0000d3ac       0x58 C:\Users\Sijin\Documents\SiLabs\BLE-Guide\BLE-soc-basic\platform\radio\rail_lib\autogen\librail_release\librail_module_efr32xg13_gcc_release.a(rail_rf_hal.o)
                0x0000d3ac                RAILINT_40412a06a73a58611332d278503bc3d6
 .text.RFHAL_SetEventCallback
                0x0000d404       0x18 C:\Users\Sijin\Documents\SiLabs\BLE-Guide\BLE-soc-basic\platform\radio\rail_lib\autogen\librail_release\librail_module_efr32xg13_gcc_release.a(rail_rf_hal.o)
                0x0000d404                RAILINT_d85fb759c83f6e350ace663af6f33b19
 .text.RFHAL_SetPtiProtocol
                0x0000d41c       0x20 C:\Users\Sijin\Documents\SiLabs\BLE-Guide\BLE-soc-basic\platform\radio\rail_lib\autogen\librail_release\librail_module_efr32xg13_gcc_release.a(rail_rf_hal.o)
                0x0000d41c                RAILINT_6d8fbe8d751afa545612026690abd42a
 .text.RFHAL_Idle
                0x0000d43c       0x2a C:\Users\Sijin\Documents\SiLabs\BLE-Guide\BLE-soc-basic\platform\radio\rail_lib\autogen\librail_release\librail_module_efr32xg13_gcc_release.a(rail_rf_hal.o)
                0x0000d43c                RAILINT_3041ee68c2b41950b0bf839d27f5d049
 *fill*         0x0000d466        0x2 
 .text.RFHAL_GetRadioState
                0x0000d468       0x48 C:\Users\Sijin\Documents\SiLabs\BLE-Guide\BLE-soc-basic\platform\radio\rail_lib\autogen\librail_release\librail_module_efr32xg13_gcc_release.a(rail_rf_hal.o)
                0x0000d468                RAILINT_f5d04763af9c9c69bca278c1fb1e9fea
 .text.RFHAL_OkToTransmit
                0x0000d4b0       0x18 C:\Users\Sijin\Documents\SiLabs\BLE-Guide\BLE-soc-basic\platform\radio\rail_lib\autogen\librail_release\librail_module_efr32xg13_gcc_release.a(rail_rf_hal.o)
                0x0000d4b0                RAILINT_7eee3adfe8ccb91236a7b23c68c562ed
 .text.RFHAL_ScheduleRx
                0x0000d4c8       0x5a C:\Users\Sijin\Documents\SiLabs\BLE-Guide\BLE-soc-basic\platform\radio\rail_lib\autogen\librail_release\librail_module_efr32xg13_gcc_release.a(rail_rf_hal.o)
                0x0000d4c8                RAILINT_97c19152ba85112fa42074bf04eafa43
 *fill*         0x0000d522        0x2 
 .text.RFHAL_EnableRxRawCapture
                0x0000d524       0x58 C:\Users\Sijin\Documents\SiLabs\BLE-Guide\BLE-soc-basic\platform\radio\rail_lib\autogen\librail_release\librail_module_efr32xg13_gcc_release.a(rail_rf_hal.o)
                0x0000d524                RAILINT_b091481120c5b69b64d1795bd186a53a
 .text.RFHAL_DisableRxRawCapture
                0x0000d57c       0x64 C:\Users\Sijin\Documents\SiLabs\BLE-Guide\BLE-soc-basic\platform\radio\rail_lib\autogen\librail_release\librail_module_efr32xg13_gcc_release.a(rail_rf_hal.o)
                0x0000d57c                RAILINT_a3eadf0d43c66c908fc6ca41226d2d7f
 .text.RFHAL_ConfigRxOptions
                0x0000d5e0      0x154 C:\Users\Sijin\Documents\SiLabs\BLE-Guide\BLE-soc-basic\platform\radio\rail_lib\autogen\librail_release\librail_module_efr32xg13_gcc_release.a(rail_rf_hal.o)
                0x0000d5e0                RAILINT_2d49aecfcb6d27d54075c2234a55d5e7
 .text.RFHAL_GetTimer
                0x0000d734        0xc C:\Users\Sijin\Documents\SiLabs\BLE-Guide\BLE-soc-basic\platform\radio\rail_lib\autogen\librail_release\librail_module_efr32xg13_gcc_release.a(rail_rf_hal.o)
                0x0000d734                RAILINT_4fd600df73ad738dc6134784e52dde98
 .text.RFHAL_CancelTimer
                0x0000d740       0x28 C:\Users\Sijin\Documents\SiLabs\BLE-Guide\BLE-soc-basic\platform\radio\rail_lib\autogen\librail_release\librail_module_efr32xg13_gcc_release.a(rail_rf_hal.o)
                0x0000d740                RAILINT_e0897ab09399e1165ab8996ccbe6a963
 .text.RFHAL_SetTimer
                0x0000d768       0x7c C:\Users\Sijin\Documents\SiLabs\BLE-Guide\BLE-soc-basic\platform\radio\rail_lib\autogen\librail_release\librail_module_efr32xg13_gcc_release.a(rail_rf_hal.o)
                0x0000d768                RAILINT_3212ddcec5ace9cb56e8f1cb3ca8d33c
 .text.RFHAL_IsTimerExpired
                0x0000d7e4       0x1c C:\Users\Sijin\Documents\SiLabs\BLE-Guide\BLE-soc-basic\platform\radio\rail_lib\autogen\librail_release\librail_module_efr32xg13_gcc_release.a(rail_rf_hal.o)
                0x0000d7e4                RAILINT_7eae5faad95e83134e2b9bc718f32f6f
 .text.RFHAL_IsTimerRunning
                0x0000d800        0x6 C:\Users\Sijin\Documents\SiLabs\BLE-Guide\BLE-soc-basic\platform\radio\rail_lib\autogen\librail_release\librail_module_efr32xg13_gcc_release.a(rail_rf_hal.o)
                0x0000d800                RAILINT_5191d19cdec3b4ae777036af4371e407
 *fill*         0x0000d806        0x2 
 .text.RFHAL_CalcBitRate
                0x0000d808        0xc C:\Users\Sijin\Documents\SiLabs\BLE-Guide\BLE-soc-basic\platform\radio\rail_lib\autogen\librail_release\librail_module_efr32xg13_gcc_release.a(rail_rf_hal.o)
                0x0000d808                RAILINT_ac7481211d96e3b09748432fa25bc4fd
 .text.RFHAL_GetBitRate
                0x0000d814       0x26 C:\Users\Sijin\Documents\SiLabs\BLE-Guide\BLE-soc-basic\platform\radio\rail_lib\autogen\librail_release\librail_module_efr32xg13_gcc_release.a(rail_rf_hal.o)
                0x0000d814                RAILINT_4023934c67ddd0d583f73647d279ff8c
 *fill*         0x0000d83a        0x2 
 .text.RFHAL_GetRxBitRate.isra.5
                0x0000d83c       0x28 C:\Users\Sijin\Documents\SiLabs\BLE-Guide\BLE-soc-basic\platform\radio\rail_lib\autogen\librail_release\librail_module_efr32xg13_gcc_release.a(rail_rf_hal.o)
 .text.RFHAL_SetTxTransitions
                0x0000d864       0x1c C:\Users\Sijin\Documents\SiLabs\BLE-Guide\BLE-soc-basic\platform\radio\rail_lib\autogen\librail_release\librail_module_efr32xg13_gcc_release.a(rail_rf_hal.o)
                0x0000d864                RAILINT_023f2cf2a2a5edcfa10ef64050265cd5
 .text.RFHAL_SetRxTransitions
                0x0000d880       0x1c C:\Users\Sijin\Documents\SiLabs\BLE-Guide\BLE-soc-basic\platform\radio\rail_lib\autogen\librail_release\librail_module_efr32xg13_gcc_release.a(rail_rf_hal.o)
                0x0000d880                RAILINT_ce0cca6435b4e9db157575e99b6a93a5
 .text.RFHAL_SetCRCInitVal
                0x0000d89c        0x4 C:\Users\Sijin\Documents\SiLabs\BLE-Guide\BLE-soc-basic\platform\radio\rail_lib\autogen\librail_release\librail_module_efr32xg13_gcc_release.a(rail_rf_hal.o)
                0x0000d89c                RAILINT_510fab046c1fe71631170f682429666d
 .text.RFHAL_ConfigTxPower
                0x0000d8a0       0x3a C:\Users\Sijin\Documents\SiLabs\BLE-Guide\BLE-soc-basic\platform\radio\rail_lib\autogen\librail_release\librail_module_efr32xg13_gcc_release.a(rail_rf_hal.o)
                0x0000d8a0                RAILINT_833ef1b435e1d6dcacb5e19d3b6f023f
 .text.RFHAL_SetTxPowerUnchecked
                0x0000d8da       0x30 C:\Users\Sijin\Documents\SiLabs\BLE-Guide\BLE-soc-basic\platform\radio\rail_lib\autogen\librail_release\librail_module_efr32xg13_gcc_release.a(rail_rf_hal.o)
                0x0000d8da                RAILINT_39d00ddcadbc93313393e1c6bb75297c
 .text.RFHAL_SetTxPower
                0x0000d90a       0x3c C:\Users\Sijin\Documents\SiLabs\BLE-Guide\BLE-soc-basic\platform\radio\rail_lib\autogen\librail_release\librail_module_efr32xg13_gcc_release.a(rail_rf_hal.o)
                0x0000d90a                RAILINT_eaf571e90e0b4741516c9fbb7fed2bfb
 .text.RFHAL_GetTxPowerConfig
                0x0000d946        0xc C:\Users\Sijin\Documents\SiLabs\BLE-Guide\BLE-soc-basic\platform\radio\rail_lib\autogen\librail_release\librail_module_efr32xg13_gcc_release.a(rail_rf_hal.o)
                0x0000d946                RAILINT_3a7f36375c49f19d1f9a6b6388464608
 .text.RFHAL_GetTxPower
                0x0000d952        0xe C:\Users\Sijin\Documents\SiLabs\BLE-Guide\BLE-soc-basic\platform\radio\rail_lib\autogen\librail_release\librail_module_efr32xg13_gcc_release.a(rail_rf_hal.o)
                0x0000d952                RAILINT_89ee9cd3eee65b37bee8eed7a9b631b6
 .text.RFHAL_CalculateSynthParams
                0x0000d960       0x7a C:\Users\Sijin\Documents\SiLabs\BLE-Guide\BLE-soc-basic\platform\radio\rail_lib\autogen\librail_release\librail_module_efr32xg13_gcc_release.a(rail_rf_hal.o)
                0x0000d960                RAILINT_074d00355e69f06bd5d99672a2e044d2
 .text.RFHAL_SetChannel
                0x0000d9da       0x86 C:\Users\Sijin\Documents\SiLabs\BLE-Guide\BLE-soc-basic\platform\radio\rail_lib\autogen\librail_release\librail_module_efr32xg13_gcc_release.a(rail_rf_hal.o)
                0x0000d9da                RAILINT_82cb69b0972fa2512c3bdb5f16e24fca
 .text.RFHAL_IsAutoAckEnabled
                0x0000da60        0x8 C:\Users\Sijin\Documents\SiLabs\BLE-Guide\BLE-soc-basic\platform\radio\rail_lib\autogen\librail_release\librail_module_efr32xg13_gcc_release.a(rail_rf_hal.o)
                0x0000da60                RAILINT_ce02a739082f36580275d98771e2a8d3
 .text.RFHAL_AutoAckWaitForAck
                0x0000da68       0x18 C:\Users\Sijin\Documents\SiLabs\BLE-Guide\BLE-soc-basic\platform\radio\rail_lib\autogen\librail_release\librail_module_efr32xg13_gcc_release.a(rail_rf_hal.o)
                0x0000da68                RAILINT_0a7d1d9a24308e68c2362d7ddca762b2
 .text.RFHAL_GetRxPacketInfo
                0x0000da80       0x48 C:\Users\Sijin\Documents\SiLabs\BLE-Guide\BLE-soc-basic\platform\radio\rail_lib\autogen\librail_release\librail_module_efr32xg13_gcc_release.a(rail_rf_hal.o)
                0x0000da80                RAILINT_39475387e0cb29596ec425b4cfae76fb
 .text.RFHAL_GetRxPacketDetailsAlt
                0x0000dac8      0x150 C:\Users\Sijin\Documents\SiLabs\BLE-Guide\BLE-soc-basic\platform\radio\rail_lib\autogen\librail_release\librail_module_efr32xg13_gcc_release.a(rail_rf_hal.o)
                0x0000dac8                RAILINT_7340662f8076c6df26ddd5f2b9cd6a27
 .text.RFHAL_GetRxTimePreambleStart
                0x0000dc18       0x2c C:\Users\Sijin\Documents\SiLabs\BLE-Guide\BLE-soc-basic\platform\radio\rail_lib\autogen\librail_release\librail_module_efr32xg13_gcc_release.a(rail_rf_hal.o)
                0x0000dc18                RAILINT_5e0dff499d47d29af54b31d243bd9f2d
 .text.RFHAL_SetTxBuffer
                0x0000dc44       0x34 C:\Users\Sijin\Documents\SiLabs\BLE-Guide\BLE-soc-basic\platform\radio\rail_lib\autogen\librail_release\librail_module_efr32xg13_gcc_release.a(rail_rf_hal.o)
                0x0000dc44                RAILINT_22f7df12e4a1d0a9505ecc05b8267876
 .text.RFHAL_SetRxBuffer
                0x0000dc78       0x2e C:\Users\Sijin\Documents\SiLabs\BLE-Guide\BLE-soc-basic\platform\radio\rail_lib\autogen\librail_release\librail_module_efr32xg13_gcc_release.a(rail_rf_hal.o)
                0x0000dc78                RAILINT_c74a32ce9d9046472fb95f04500b8771
 *fill*         0x0000dca6        0x2 
 .text.RFHAL_ResetTxFifo
                0x0000dca8       0x2c C:\Users\Sijin\Documents\SiLabs\BLE-Guide\BLE-soc-basic\platform\radio\rail_lib\autogen\librail_release\librail_module_efr32xg13_gcc_release.a(rail_rf_hal.o)
                0x0000dca8                RAILINT_0030aaf1be11a73e163f8aa48fb001e6
 .text.RFHAL_WriteTxFifo
                0x0000dcd4       0x4c C:\Users\Sijin\Documents\SiLabs\BLE-Guide\BLE-soc-basic\platform\radio\rail_lib\autogen\librail_release\librail_module_efr32xg13_gcc_release.a(rail_rf_hal.o)
                0x0000dcd4                RAILINT_f6fe6f8bc6346ccaf1570b57732bf259
 .text.RFHAL_ConfigData
                0x0000dd20       0x68 C:\Users\Sijin\Documents\SiLabs\BLE-Guide\BLE-soc-basic\platform\radio\rail_lib\autogen\librail_release\librail_module_efr32xg13_gcc_release.a(rail_rf_hal.o)
                0x0000dd20                RAILINT_3249bafee0e18f9151d82aad8ddf3cdc
 .text.RFHAL_ResetRxFifo
                0x0000dd88       0x40 C:\Users\Sijin\Documents\SiLabs\BLE-Guide\BLE-soc-basic\platform\radio\rail_lib\autogen\librail_release\librail_module_efr32xg13_gcc_release.a(rail_rf_hal.o)
                0x0000dd88                RAILINT_19f750ed6d201d6d1fe49531e310f9cd
 .text.RFHAL_SetAbortScheduledTxDuringRx
                0x0000ddc8       0x18 C:\Users\Sijin\Documents\SiLabs\BLE-Guide\BLE-soc-basic\platform\radio\rail_lib\autogen\librail_release\librail_module_efr32xg13_gcc_release.a(rail_rf_hal.o)
                0x0000ddc8                RAILINT_61d79c5892bbcb8907b45e60e17b4a31
 .text.RFHAL_ConfigRadio
                0x0000dde0       0x80 C:\Users\Sijin\Documents\SiLabs\BLE-Guide\BLE-soc-basic\platform\radio\rail_lib\autogen\librail_release\librail_module_efr32xg13_gcc_release.a(rail_rf_hal.o)
                0x0000dde0                RAILINT_6d729d30865a1181274e70bba293b37d
 .text.RFHAL_PostRadioConfig
                0x0000de60       0xe0 C:\Users\Sijin\Documents\SiLabs\BLE-Guide\BLE-soc-basic\platform\radio\rail_lib\autogen\librail_release\librail_module_efr32xg13_gcc_release.a(rail_rf_hal.o)
                0x0000de60                RAILINT_6b5630b34036f93858d808a0dec3cb6b
 .text.RFHAL_GetTime
                0x0000df40        0x4 C:\Users\Sijin\Documents\SiLabs\BLE-Guide\BLE-soc-basic\platform\radio\rail_lib\autogen\librail_release\librail_module_efr32xg13_gcc_release.a(rail_rf_hal.o)
                0x0000df40                RAILINT_a6606cea071a8aecad4fccf2fa5c2f69
 .text.RFHAL_ResetAddressFilter
                0x0000df44       0x10 C:\Users\Sijin\Documents\SiLabs\BLE-Guide\BLE-soc-basic\platform\radio\rail_lib\autogen\librail_release\librail_module_efr32xg13_gcc_release.a(rail_rf_hal.o)
                0x0000df44                RAILINT_ab69c12a8bdde689baa3a5f9181b6b10
 .text.RFHAL_Init
                0x0000df54       0xc0 C:\Users\Sijin\Documents\SiLabs\BLE-Guide\BLE-soc-basic\platform\radio\rail_lib\autogen\librail_release\librail_module_efr32xg13_gcc_release.a(rail_rf_hal.o)
                0x0000df54                RAILINT_20043ff5b8e6ab39c3068dab7403a8c6
 .text.RFHAL_GetRadioEntropy
                0x0000e014        0x4 C:\Users\Sijin\Documents\SiLabs\BLE-Guide\BLE-soc-basic\platform\radio\rail_lib\autogen\librail_release\librail_module_efr32xg13_gcc_release.a(rail_rf_hal.o)
                0x0000e014                RAILINT_e25ebd0345d4056b33f0f4fac6b1c90e
 .text.RFHAL_SetStateTiming
                0x0000e018       0x56 C:\Users\Sijin\Documents\SiLabs\BLE-Guide\BLE-soc-basic\platform\radio\rail_lib\autogen\librail_release\librail_module_efr32xg13_gcc_release.a(rail_rf_hal.o)
                0x0000e018                RAILINT_378f9ba2bb60cd348bf1a73dc64fc6af
 .text.RFHAL_ConfigPti
                0x0000e06e        0x4 C:\Users\Sijin\Documents\SiLabs\BLE-Guide\BLE-soc-basic\platform\radio\rail_lib\autogen\librail_release\librail_module_efr32xg13_gcc_release.a(rail_rf_hal.o)
                0x0000e06e                RAILINT_d2275ce494141a43924ec452d3ba7576
 .text.RFHAL_EnablePti
                0x0000e072        0x4 C:\Users\Sijin\Documents\SiLabs\BLE-Guide\BLE-soc-basic\platform\radio\rail_lib\autogen\librail_release\librail_module_efr32xg13_gcc_release.a(rail_rf_hal.o)
                0x0000e072                RAILINT_6933b33bcba9ce817d4fee78f878e935
 *fill*         0x0000e076        0x2 
 .text.RFHAL_InitTimerSync
                0x0000e078       0x1c C:\Users\Sijin\Documents\SiLabs\BLE-Guide\BLE-soc-basic\platform\radio\rail_lib\autogen\librail_release\librail_module_efr32xg13_gcc_release.a(rail_rf_hal.o)
                0x0000e078                RAILINT_8fe0b2621bc00896438b9e80a7134a2b
 .text.RFHAL_Wake
                0x0000e094       0x34 C:\Users\Sijin\Documents\SiLabs\BLE-Guide\BLE-soc-basic\platform\radio\rail_lib\autogen\librail_release\librail_module_efr32xg13_gcc_release.a(rail_rf_hal.o)
                0x0000e094                RAILINT_953d61bf1e40e19c3894ff80d3afdc31
 .text.RFHAL_Sleep
                0x0000e0c8       0x68 C:\Users\Sijin\Documents\SiLabs\BLE-Guide\BLE-soc-basic\platform\radio\rail_lib\autogen\librail_release\librail_module_efr32xg13_gcc_release.a(rail_rf_hal.o)
                0x0000e0c8                RAILINT_c86649c0fdcc1b99c60d099982324aa4
 .text.RFHAL_SetupRxChannelHoppingHardware
                0x0000e130       0x3c C:\Users\Sijin\Documents\SiLabs\BLE-Guide\BLE-soc-basic\platform\radio\rail_lib\autogen\librail_release\librail_module_efr32xg13_gcc_release.a(rail_rf_hal.o)
                0x0000e130                RAILINT_766a50f4d62b8145bfeba05efaf84c8b
 .text.RFHAL_StartRx
                0x0000e16c       0x10 C:\Users\Sijin\Documents\SiLabs\BLE-Guide\BLE-soc-basic\platform\radio\rail_lib\autogen\librail_release\librail_module_efr32xg13_gcc_release.a(rail_rf_hal.o)
                0x0000e16c                RAILINT_9ed13b22fb43a42cf6246a5504feed72
 .text.RFHAL_SetSwitchTxPreambleLength
                0x0000e17c       0x48 C:\Users\Sijin\Documents\SiLabs\BLE-Guide\BLE-soc-basic\platform\radio\rail_lib\autogen\librail_release\librail_module_efr32xg13_gcc_release.a(rail_rf_hal.o)
                0x0000e17c                RAILINT_1b1816dbe56c62221e8a1a4f88e54ac4
 .text.RFHAL_RestoreTxPreambleLength
                0x0000e1c4       0x34 C:\Users\Sijin\Documents\SiLabs\BLE-Guide\BLE-soc-basic\platform\radio\rail_lib\autogen\librail_release\librail_module_efr32xg13_gcc_release.a(rail_rf_hal.o)
                0x0000e1c4                RAILINT_fec111ae6546d8c16e58044c8f6d2b09
 .text.GENERIC_PHY_EventCallback
                0x0000e1f8      0x1bc C:\Users\Sijin\Documents\SiLabs\BLE-Guide\BLE-soc-basic\platform\radio\rail_lib\autogen\librail_release\librail_module_efr32xg13_gcc_release.a(rail_rf_hal.o)
                0x0000e1f8                RAILINT_7d94510f515617be26a284cc8096bd57
 .text.RFHAL_ValidateModule
                0x0000e3b4        0xc C:\Users\Sijin\Documents\SiLabs\BLE-Guide\BLE-soc-basic\platform\radio\rail_lib\autogen\librail_release\librail_module_efr32xg13_gcc_release.a(rail_rf_hal.o)
                0x0000e3b4                RAILINT_b1e77f194f470c9ac2259b55b3c9e45f
 .text.RFHAL_GetPaMillivolts
                0x0000e3c0       0x24 C:\Users\Sijin\Documents\SiLabs\BLE-Guide\BLE-soc-basic\platform\radio\rail_lib\autogen\librail_release\librail_module_efr32xg13_gcc_release.a(rail_rf_hal.o)
                0x0000e3c0                RAILINT_5bcd11cc546e0be4b36284b4f98b25f5
 .text.preTxOps
                0x0000e3e4      0x13c C:\Users\Sijin\Documents\SiLabs\BLE-Guide\BLE-soc-basic\platform\radio\rail_lib\autogen\librail_release\librail_module_efr32xg13_gcc_release.a(rail_rf_hal.o)
 .text.RFHAL_StartTx
                0x0000e520       0x12 C:\Users\Sijin\Documents\SiLabs\BLE-Guide\BLE-soc-basic\platform\radio\rail_lib\autogen\librail_release\librail_module_efr32xg13_gcc_release.a(rail_rf_hal.o)
                0x0000e520                RAILINT_1d08617b4158ea727f231990ac8baf5d
 .text.RFHAL_StartScheduledTx
                0x0000e532       0x3c C:\Users\Sijin\Documents\SiLabs\BLE-Guide\BLE-soc-basic\platform\radio\rail_lib\autogen\librail_release\librail_module_efr32xg13_gcc_release.a(rail_rf_hal.o)
                0x0000e532                RAILINT_99400ab307ddba716c1ee50bfd303c45
 *fill*         0x0000e56e        0x2 
 .text.RFHAL_ClearChannelCorrupt
                0x0000e570       0x10 C:\Users\Sijin\Documents\SiLabs\BLE-Guide\BLE-soc-basic\platform\radio\rail_lib\autogen\librail_release\librail_module_efr32xg13_gcc_release.a(rail_rf_hal.o)
                0x0000e570                RAILINT_1ebf782210eb338b16b0b98d1dbf9a58
 .text.RFHAL_IsChannelCorrupt
                0x0000e580       0x10 C:\Users\Sijin\Documents\SiLabs\BLE-Guide\BLE-soc-basic\platform\radio\rail_lib\autogen\librail_release\librail_module_efr32xg13_gcc_release.a(rail_rf_hal.o)
                0x0000e580                RAILINT_626c1fc01166bc7b6fc33ede70752233
 .text.RFHAL_IncludeFrameTypeLength
                0x0000e590       0x10 C:\Users\Sijin\Documents\SiLabs\BLE-Guide\BLE-soc-basic\platform\radio\rail_lib\autogen\librail_release\librail_module_efr32xg13_gcc_release.a(rail_rf_hal.o)
                0x0000e590                RAILINT_97976c4b2701e5c979bc5c456c661d78
 .text.RFHAL_IEEE802154IsEnabled
                0x0000e5a0        0x6 C:\Users\Sijin\Documents\SiLabs\BLE-Guide\BLE-soc-basic\platform\radio\rail_lib\autogen\librail_release\librail_module_efr32xg13_gcc_release.a(rail_ieee802154_rf_hal.o)
                0x0000e5a0                RAILINT_d4473776f83cbc0e517010e932869722
 *fill*         0x0000e5a6        0x2 
 .text.RFHAL_ConfigBle2MbpsViterbi
                0x0000e5a8       0x1c C:\Users\Sijin\Documents\SiLabs\BLE-Guide\BLE-soc-basic\platform\radio\rail_lib\autogen\librail_release\librail_module_efr32xg13_gcc_release.a(rail_ble_rf_hal.o)
                0x0000e5a8                RAILINT_779afa263ed7c3c82ebba499c78a7403
 .text.RFHAL_ConfigBle1MbpsViterbi
                0x0000e5c4       0x1c C:\Users\Sijin\Documents\SiLabs\BLE-Guide\BLE-soc-basic\platform\radio\rail_lib\autogen\librail_release\librail_module_efr32xg13_gcc_release.a(rail_ble_rf_hal.o)
                0x0000e5c4                RAILINT_66ff65441ee5a52a57deeb36588ce487
 .text.RFHAL_ConfigBleCoded
                0x0000e5e0       0x38 C:\Users\Sijin\Documents\SiLabs\BLE-Guide\BLE-soc-basic\platform\radio\rail_lib\autogen\librail_release\librail_module_efr32xg13_gcc_release.a(rail_ble_rf_hal.o)
                0x0000e5e0                RAILINT_909b6a7ef307e72517ccf71f477853a4
 .text.RFHAL_BleReinit
                0x0000e618       0x1c C:\Users\Sijin\Documents\SiLabs\BLE-Guide\BLE-soc-basic\platform\radio\rail_lib\autogen\librail_release\librail_module_efr32xg13_gcc_release.a(rail_ble_rf_hal.o)
                0x0000e618                RAILINT_04333b69a0dca60b3c740e5ea8c3aaab
 .text.RFHAL_BleInit
                0x0000e634       0x12 C:\Users\Sijin\Documents\SiLabs\BLE-Guide\BLE-soc-basic\platform\radio\rail_lib\autogen\librail_release\librail_module_efr32xg13_gcc_release.a(rail_ble_rf_hal.o)
                0x0000e634                RAILINT_c9e391ec0aca95ac3fcb39c2a85bfbd7
 *fill*         0x0000e646        0x2 
 .text.RFHAL_IsBleLongRangeEnabled
                0x0000e648       0x18 C:\Users\Sijin\Documents\SiLabs\BLE-Guide\BLE-soc-basic\platform\radio\rail_lib\autogen\librail_release\librail_module_efr32xg13_gcc_release.a(rail_ble_rf_hal.o)
                0x0000e648                RAILINT_b1bc1368cb0ab6c3a512d68344391b7e
 .text.RFHAL_BLEPreambleSyncWordSet
                0x0000e660       0x44 C:\Users\Sijin\Documents\SiLabs\BLE-Guide\BLE-soc-basic\platform\radio\rail_lib\autogen\librail_release\librail_module_efr32xg13_gcc_release.a(rail_ble_rf_hal.o)
                0x0000e660                RAILINT_ea38e09a46dca6f91d142e88e3db7e0e
 .text.RFHAL_BLEWhiteningSet
                0x0000e6a4       0x68 C:\Users\Sijin\Documents\SiLabs\BLE-Guide\BLE-soc-basic\platform\radio\rail_lib\autogen\librail_release\librail_module_efr32xg13_gcc_release.a(rail_ble_rf_hal.o)
                0x0000e6a4                RAILINT_f866b70e0793b3932db6c314ddec02ae
 .text.RFHAL_BlePhySwitchToRx
                0x0000e70c       0xc0 C:\Users\Sijin\Documents\SiLabs\BLE-Guide\BLE-soc-basic\platform\radio\rail_lib\autogen\librail_release\librail_module_efr32xg13_gcc_release.a(rail_ble_rf_hal.o)
                0x0000e70c                RAILINT_385c26eda9eb82a18dffc09180dc91d8
 .text.setMultiTimer
                0x0000e7cc        0x4 C:\Users\Sijin\Documents\SiLabs\BLE-Guide\BLE-soc-basic\platform\radio\rail_lib\autogen\librail_release\librail_module_efr32xg13_gcc_release.a(rail_singleprotocol.o)
 .text.cancelMultiTimer
                0x0000e7d0        0x4 C:\Users\Sijin\Documents\SiLabs\BLE-Guide\BLE-soc-basic\platform\radio\rail_lib\autogen\librail_release\librail_module_efr32xg13_gcc_release.a(rail_singleprotocol.o)
 .text.isMultiTimerExpired
                0x0000e7d4        0x4 C:\Users\Sijin\Documents\SiLabs\BLE-Guide\BLE-soc-basic\platform\radio\rail_lib\autogen\librail_release\librail_module_efr32xg13_gcc_release.a(rail_singleprotocol.o)
 .text.getMultiTimer
                0x0000e7d8        0x4 C:\Users\Sijin\Documents\SiLabs\BLE-Guide\BLE-soc-basic\platform\radio\rail_lib\autogen\librail_release\librail_module_efr32xg13_gcc_release.a(rail_singleprotocol.o)
 .text.getActiveTimerCb
                0x0000e7dc       0x18 C:\Users\Sijin\Documents\SiLabs\BLE-Guide\BLE-soc-basic\platform\radio\rail_lib\autogen\librail_release\librail_module_efr32xg13_gcc_release.a(rail_singleprotocol.o)
 .text.isMultiTimerRunning
                0x0000e7f4        0x4 C:\Users\Sijin\Documents\SiLabs\BLE-Guide\BLE-soc-basic\platform\radio\rail_lib\autogen\librail_release\librail_module_efr32xg13_gcc_release.a(rail_singleprotocol.o)
 .text.RAIL_Init
                0x0000e7f8       0x2c C:\Users\Sijin\Documents\SiLabs\BLE-Guide\BLE-soc-basic\platform\radio\rail_lib\autogen\librail_release\librail_module_efr32xg13_gcc_release.a(rail_singleprotocol.o)
                0x0000e7f8                RAIL_Init
 .text.RAIL_GetSchedulerStatus
                0x0000e824        0x4 C:\Users\Sijin\Documents\SiLabs\BLE-Guide\BLE-soc-basic\platform\radio\rail_lib\autogen\librail_release\librail_module_efr32xg13_gcc_release.a(rail_singleprotocol.o)
                0x0000e824                RAIL_GetSchedulerStatus
 .text.RAIL_ConfigSleep
                0x0000e828       0x14 C:\Users\Sijin\Documents\SiLabs\BLE-Guide\BLE-soc-basic\platform\radio\rail_lib\autogen\librail_release\librail_module_efr32xg13_gcc_release.a(rail_singleprotocol.o)
                0x0000e828                RAIL_ConfigSleep
 .text.RAIL_Wake
                0x0000e83c        0x4 C:\Users\Sijin\Documents\SiLabs\BLE-Guide\BLE-soc-basic\platform\radio\rail_lib\autogen\librail_release\librail_module_efr32xg13_gcc_release.a(rail_singleprotocol.o)
                0x0000e83c                RAIL_Wake
 .text.RAIL_Sleep
                0x0000e840       0x18 C:\Users\Sijin\Documents\SiLabs\BLE-Guide\BLE-soc-basic\platform\radio\rail_lib\autogen\librail_release\librail_module_efr32xg13_gcc_release.a(rail_singleprotocol.o)
                0x0000e840                RAIL_Sleep
 .text.RAIL_Idle
                0x0000e858        0x8 C:\Users\Sijin\Documents\SiLabs\BLE-Guide\BLE-soc-basic\platform\radio\rail_lib\autogen\librail_release\librail_module_efr32xg13_gcc_release.a(rail_singleprotocol.o)
                0x0000e858                RAIL_Idle
 .text.RAIL_YieldRadio
                0x0000e860        0x2 C:\Users\Sijin\Documents\SiLabs\BLE-Guide\BLE-soc-basic\platform\radio\rail_lib\autogen\librail_release\librail_module_efr32xg13_gcc_release.a(rail_singleprotocol.o)
                0x0000e860                RAIL_YieldRadio
 .text.RAIL_GetRadioEntropy
                0x0000e862        0x8 C:\Users\Sijin\Documents\SiLabs\BLE-Guide\BLE-soc-basic\platform\radio\rail_lib\autogen\librail_release\librail_module_efr32xg13_gcc_release.a(rail_singleprotocol.o)
                0x0000e862                RAIL_GetRadioEntropy
 .text.RAIL_SetTimer
                0x0000e86a       0x1c C:\Users\Sijin\Documents\SiLabs\BLE-Guide\BLE-soc-basic\platform\radio\rail_lib\autogen\librail_release\librail_module_efr32xg13_gcc_release.a(rail_singleprotocol.o)
                0x0000e86a                RAIL_SetTimer
 .text.RAIL_CancelTimer
                0x0000e886        0xe C:\Users\Sijin\Documents\SiLabs\BLE-Guide\BLE-soc-basic\platform\radio\rail_lib\autogen\librail_release\librail_module_efr32xg13_gcc_release.a(rail_singleprotocol.o)
                0x0000e886                RAIL_CancelTimer
 .text.RAIL_StartTx
                0x0000e894        0x8 C:\Users\Sijin\Documents\SiLabs\BLE-Guide\BLE-soc-basic\platform\radio\rail_lib\autogen\librail_release\librail_module_efr32xg13_gcc_release.a(rail_singleprotocol.o)
                0x0000e894                RAIL_StartTx
 .text.RAIL_StartScheduledTx
                0x0000e89c        0x8 C:\Users\Sijin\Documents\SiLabs\BLE-Guide\BLE-soc-basic\platform\radio\rail_lib\autogen\librail_release\librail_module_efr32xg13_gcc_release.a(rail_singleprotocol.o)
                0x0000e89c                RAIL_StartScheduledTx
 .text.RAIL_ScheduleRx
                0x0000e8a4        0x8 C:\Users\Sijin\Documents\SiLabs\BLE-Guide\BLE-soc-basic\platform\radio\rail_lib\autogen\librail_release\librail_module_efr32xg13_gcc_release.a(rail_singleprotocol.o)
                0x0000e8a4                RAIL_ScheduleRx
 .text.radioConfigChangedDefault
                0x0000e8ac        0x2 C:\Users\Sijin\Documents\SiLabs\BLE-Guide\BLE-soc-basic\platform\radio\rail_lib\autogen\librail_release\librail_module_efr32xg13_gcc_release.a(rail_rf.o)
 .text.isTransitionState
                0x0000e8ae       0x12 C:\Users\Sijin\Documents\SiLabs\BLE-Guide\BLE-soc-basic\platform\radio\rail_lib\autogen\librail_release\librail_module_efr32xg13_gcc_release.a(rail_rf.o)
 .text.RAIL_UnlockModule
                0x0000e8c0        0x4 C:\Users\Sijin\Documents\SiLabs\BLE-Guide\BLE-soc-basic\platform\radio\rail_lib\autogen\librail_release\librail_module_efr32xg13_gcc_release.a(rail_rf.o)
                0x0000e8c0                RAIL_UnlockModule
 .text.RAILCore_Init
                0x0000e8c4       0x1e C:\Users\Sijin\Documents\SiLabs\BLE-Guide\BLE-soc-basic\platform\radio\rail_lib\autogen\librail_release\librail_module_efr32xg13_gcc_release.a(rail_rf.o)
                0x0000e8c4                RAILINT_59121321a1358ecc506fdb12a688e30c
 *fill*         0x0000e8e2        0x2 
 .text.RAILInt_SetCallbackConfig
                0x0000e8e4       0x28 C:\Users\Sijin\Documents\SiLabs\BLE-Guide\BLE-soc-basic\platform\radio\rail_lib\autogen\librail_release\librail_module_efr32xg13_gcc_release.a(rail_rf.o)
                0x0000e8e4                RAILINT_67b8f114888c610aba62f28a55421a70
 .text.RAILCore_Idle
                0x0000e90c       0x14 C:\Users\Sijin\Documents\SiLabs\BLE-Guide\BLE-soc-basic\platform\radio\rail_lib\autogen\librail_release\librail_module_efr32xg13_gcc_release.a(rail_rf.o)
                0x0000e90c                RAILINT_c5804fbffcb4bb00ba2d55e8180afacd
 .text.RAILCb_CalcBitRate
                0x0000e920        0x8 C:\Users\Sijin\Documents\SiLabs\BLE-Guide\BLE-soc-basic\platform\radio\rail_lib\autogen\librail_release\librail_module_efr32xg13_gcc_release.a(rail_rf.o)
                0x0000e920                RAILCb_CalcBitRate
 .text.RAIL_SetStateTiming
                0x0000e928        0x8 C:\Users\Sijin\Documents\SiLabs\BLE-Guide\BLE-soc-basic\platform\radio\rail_lib\autogen\librail_release\librail_module_efr32xg13_gcc_release.a(rail_rf.o)
                0x0000e928                RAIL_SetStateTiming
 .text.RAILInt_ComputeSetChannel
                0x0000e930       0xb8 C:\Users\Sijin\Documents\SiLabs\BLE-Guide\BLE-soc-basic\platform\radio\rail_lib\autogen\librail_release\librail_module_efr32xg13_gcc_release.a(rail_rf.o)
                0x0000e930                RAILINT_72eb364d7718334eae17f88a79f3de40
 .text.RAILInt_SetChannelRaw
                0x0000e9e8      0x10c C:\Users\Sijin\Documents\SiLabs\BLE-Guide\BLE-soc-basic\platform\radio\rail_lib\autogen\librail_release\librail_module_efr32xg13_gcc_release.a(rail_rf.o)
                0x0000e9e8                RAILINT_a7edce70c9b1ddcd5d57d31ae701eb09
 .text.RAILInt_SetChannel
                0x0000eaf4       0x1c C:\Users\Sijin\Documents\SiLabs\BLE-Guide\BLE-soc-basic\platform\radio\rail_lib\autogen\librail_release\librail_module_efr32xg13_gcc_release.a(rail_rf.o)
                0x0000eaf4                RAILINT_e0dfaecc04939a24e643c7a83fed51fa
 .text.RAILCore_ConfigChannels
                0x0000eb10       0x70 C:\Users\Sijin\Documents\SiLabs\BLE-Guide\BLE-soc-basic\platform\radio\rail_lib\autogen\librail_release\librail_module_efr32xg13_gcc_release.a(rail_rf.o)
                0x0000eb10                RAILINT_4d8e913cc0a2a756e4017ab74ecff076
 .text.RAILInt_GetChannel
                0x0000eb80        0x4 C:\Users\Sijin\Documents\SiLabs\BLE-Guide\BLE-soc-basic\platform\radio\rail_lib\autogen\librail_release\librail_module_efr32xg13_gcc_release.a(rail_rf.o)
                0x0000eb80                RAILINT_aa7b882f5023851e2f6a935b3993ee64
 .text.RAILCore_SetTxTransitions
                0x0000eb84       0x3c C:\Users\Sijin\Documents\SiLabs\BLE-Guide\BLE-soc-basic\platform\radio\rail_lib\autogen\librail_release\librail_module_efr32xg13_gcc_release.a(rail_rf.o)
                0x0000eb84                RAILINT_60c29796d4368fee9b7d114bf204b331
 .text.RAIL_SetTxTransitions
                0x0000ebc0        0x8 C:\Users\Sijin\Documents\SiLabs\BLE-Guide\BLE-soc-basic\platform\radio\rail_lib\autogen\librail_release\librail_module_efr32xg13_gcc_release.a(rail_rf.o)
                0x0000ebc0                RAIL_SetTxTransitions
 .text.RAILCore_SetRxTransitions
                0x0000ebc8       0x38 C:\Users\Sijin\Documents\SiLabs\BLE-Guide\BLE-soc-basic\platform\radio\rail_lib\autogen\librail_release\librail_module_efr32xg13_gcc_release.a(rail_rf.o)
                0x0000ebc8                RAILINT_20405add256d5061bc482206e21c44d6
 .text.RAIL_SetRxTransitions
                0x0000ec00        0x8 C:\Users\Sijin\Documents\SiLabs\BLE-Guide\BLE-soc-basic\platform\radio\rail_lib\autogen\librail_release\librail_module_efr32xg13_gcc_release.a(rail_rf.o)
                0x0000ec00                RAIL_SetRxTransitions
 .text.RAIL_ConfigEvents
                0x0000ec08       0x14 C:\Users\Sijin\Documents\SiLabs\BLE-Guide\BLE-soc-basic\platform\radio\rail_lib\autogen\librail_release\librail_module_efr32xg13_gcc_release.a(rail_rf.o)
                0x0000ec08                RAIL_ConfigEvents
 .text.RAIL_ConfigRxOptions
                0x0000ec1c        0x8 C:\Users\Sijin\Documents\SiLabs\BLE-Guide\BLE-soc-basic\platform\radio\rail_lib\autogen\librail_release\librail_module_efr32xg13_gcc_release.a(rail_rx.o)
                0x0000ec1c                RAIL_ConfigRxOptions
 .text.RAILCore_ScheduleRx
                0x0000ec24       0x2c C:\Users\Sijin\Documents\SiLabs\BLE-Guide\BLE-soc-basic\platform\radio\rail_lib\autogen\librail_release\librail_module_efr32xg13_gcc_release.a(rail_rx.o)
                0x0000ec24                RAILINT_086017fdb374a998d21f5428f8f3accf
 .text.RAILCb_ConfigFrameTypeLength
                0x0000ec50        0x4 C:\Users\Sijin\Documents\SiLabs\BLE-Guide\BLE-soc-basic\platform\radio\rail_lib\autogen\librail_release\librail_module_efr32xg13_gcc_release.a(rail_rx.o)
                0x0000ec50                RAILCb_ConfigFrameTypeLength
 .text.RAIL_GetTxPower
                0x0000ec54        0x8 C:\Users\Sijin\Documents\SiLabs\BLE-Guide\BLE-soc-basic\platform\radio\rail_lib\autogen\librail_release\librail_module_efr32xg13_gcc_release.a(rail_tx.o)
                0x0000ec54                RAIL_GetTxPower
 .text.RAIL_ConfigTxPower
                0x0000ec5c       0x24 C:\Users\Sijin\Documents\SiLabs\BLE-Guide\BLE-soc-basic\platform\radio\rail_lib\autogen\librail_release\librail_module_efr32xg13_gcc_release.a(rail_tx.o)
                0x0000ec5c                RAIL_ConfigTxPower
 .text.RAIL_VerifyTxPowerCurves
                0x0000ec80        0x4 C:\Users\Sijin\Documents\SiLabs\BLE-Guide\BLE-soc-basic\platform\radio\rail_lib\autogen\librail_release\librail_module_efr32xg13_gcc_release.a(rail_tx.o)
                0x0000ec80                RAIL_VerifyTxPowerCurves
 .text.RAIL_GetTxPowerConfig
                0x0000ec84        0x8 C:\Users\Sijin\Documents\SiLabs\BLE-Guide\BLE-soc-basic\platform\radio\rail_lib\autogen\librail_release\librail_module_efr32xg13_gcc_release.a(rail_tx.o)
                0x0000ec84                RAIL_GetTxPowerConfig
 .text.RAIL_SetTxPowerDbm
                0x0000ec8c       0x38 C:\Users\Sijin\Documents\SiLabs\BLE-Guide\BLE-soc-basic\platform\radio\rail_lib\autogen\librail_release\librail_module_efr32xg13_gcc_release.a(rail_tx.o)
                0x0000ec8c                RAIL_SetTxPowerDbm
 .text.RAILInt_PendCal
                0x0000ecc4       0x24 C:\Users\Sijin\Documents\SiLabs\BLE-Guide\BLE-soc-basic\platform\radio\rail_lib\autogen\librail_release\librail_module_efr32xg13_gcc_release.a(rail_calibration.o)
                0x0000ecc4                RAILINT_3f0b6529856489702e1c986caf70e7aa
 .text.RAIL_WriteTxFifo
                0x0000ece8        0x8 C:\Users\Sijin\Documents\SiLabs\BLE-Guide\BLE-soc-basic\platform\radio\rail_lib\autogen\librail_release\librail_module_efr32xg13_gcc_release.a(rail_data.o)
                0x0000ece8                RAIL_WriteTxFifo
 .text.RAIL_SetTxFifo
                0x0000ecf0        0x8 C:\Users\Sijin\Documents\SiLabs\BLE-Guide\BLE-soc-basic\platform\radio\rail_lib\autogen\librail_release\librail_module_efr32xg13_gcc_release.a(rail_data.o)
                0x0000ecf0                RAIL_SetTxFifo
 .text.RAIL_SetRxFifo
                0x0000ecf8        0x8 C:\Users\Sijin\Documents\SiLabs\BLE-Guide\BLE-soc-basic\platform\radio\rail_lib\autogen\librail_release\librail_module_efr32xg13_gcc_release.a(rail_data.o)
                0x0000ecf8                RAIL_SetRxFifo
 .text.RAILCb_SetupRxFifo
                0x0000ed00       0x30 C:\Users\Sijin\Documents\SiLabs\BLE-Guide\BLE-soc-basic\platform\radio\rail_lib\autogen\librail_release\librail_module_efr32xg13_gcc_release.a(rail_data.o)
                0x0000ed00                RAILCb_SetupRxFifo
 .text.RAIL_GetRxPacketInfo
                0x0000ed30        0x8 C:\Users\Sijin\Documents\SiLabs\BLE-Guide\BLE-soc-basic\platform\radio\rail_lib\autogen\librail_release\librail_module_efr32xg13_gcc_release.a(rail_data.o)
                0x0000ed30                RAIL_GetRxPacketInfo
 .text.RAIL_GetRxPacketDetailsAlt
                0x0000ed38        0x8 C:\Users\Sijin\Documents\SiLabs\BLE-Guide\BLE-soc-basic\platform\radio\rail_lib\autogen\librail_release\librail_module_efr32xg13_gcc_release.a(rail_data.o)
                0x0000ed38                RAIL_GetRxPacketDetailsAlt
 .text.RAIL_GetRxTimePreambleStartAlt
                0x0000ed40        0x8 C:\Users\Sijin\Documents\SiLabs\BLE-Guide\BLE-soc-basic\platform\radio\rail_lib\autogen\librail_release\librail_module_efr32xg13_gcc_release.a(rail_data.o)
                0x0000ed40                RAIL_GetRxTimePreambleStartAlt
 .text.RAIL_ResetFifo
                0x0000ed48       0x24 C:\Users\Sijin\Documents\SiLabs\BLE-Guide\BLE-soc-basic\platform\radio\rail_lib\autogen\librail_release\librail_module_efr32xg13_gcc_release.a(rail_data.o)
                0x0000ed48                RAIL_ResetFifo
 .text.RAILCb_AssertFailed
                0x0000ed6c       0x14 C:\Users\Sijin\Documents\SiLabs\BLE-Guide\BLE-soc-basic\platform\radio\rail_lib\autogen\librail_release\librail_module_efr32xg13_gcc_release.a(rail_assert.o)
                0x0000ed6c                RAILCb_AssertFailed
 .text.RAILInt_Assert
                0x0000ed80       0x1c C:\Users\Sijin\Documents\SiLabs\BLE-Guide\BLE-soc-basic\platform\radio\rail_lib\autogen\librail_release\librail_module_efr32xg13_gcc_release.a(rail_assert.o)
                0x0000ed80                RAILINT_999bd22c50df2f99ce048cba68f11c3a
 .text.RAIL_GetTime
                0x0000ed9c        0x4 C:\Users\Sijin\Documents\SiLabs\BLE-Guide\BLE-soc-basic\platform\radio\rail_lib\autogen\librail_release\librail_module_efr32xg13_gcc_release.a(rail_timer.o)
                0x0000ed9c                RAIL_GetTime
 .text.RAILCore_BLE_Init
                0x0000eda0       0x1c C:\Users\Sijin\Documents\SiLabs\BLE-Guide\BLE-soc-basic\platform\radio\rail_lib\autogen\librail_release\librail_module_efr32xg13_gcc_release.a(rail_ble.o)
                0x0000eda0                RAILINT_5068bbb2b6fcc434fb14cc631c1d5448
 .text.RAIL_BLE_Init
                0x0000edbc        0x8 C:\Users\Sijin\Documents\SiLabs\BLE-Guide\BLE-soc-basic\platform\radio\rail_lib\autogen\librail_release\librail_module_efr32xg13_gcc_release.a(rail_ble.o)
                0x0000edbc                RAIL_BLE_Init
 .text.RAILCore_BLE_ConfigPhy1MbpsViterbi
                0x0000edc4       0x20 C:\Users\Sijin\Documents\SiLabs\BLE-Guide\BLE-soc-basic\platform\radio\rail_lib\autogen\librail_release\librail_module_efr32xg13_gcc_release.a(rail_ble.o)
                0x0000edc4                RAILINT_e88543c9b596792889571c0f7b731dba
 .text.RAIL_BLE_ConfigPhy1MbpsViterbi
                0x0000ede4        0x8 C:\Users\Sijin\Documents\SiLabs\BLE-Guide\BLE-soc-basic\platform\radio\rail_lib\autogen\librail_release\librail_module_efr32xg13_gcc_release.a(rail_ble.o)
                0x0000ede4                RAIL_BLE_ConfigPhy1MbpsViterbi
 .text.RAILCore_BLE_ConfigPhy2MbpsViterbi
                0x0000edec       0x20 C:\Users\Sijin\Documents\SiLabs\BLE-Guide\BLE-soc-basic\platform\radio\rail_lib\autogen\librail_release\librail_module_efr32xg13_gcc_release.a(rail_ble.o)
                0x0000edec                RAILINT_1bbb34915939a1132d22091036a46419
 .text.RAIL_BLE_ConfigPhy2MbpsViterbi
                0x0000ee0c        0x8 C:\Users\Sijin\Documents\SiLabs\BLE-Guide\BLE-soc-basic\platform\radio\rail_lib\autogen\librail_release\librail_module_efr32xg13_gcc_release.a(rail_ble.o)
                0x0000ee0c                RAIL_BLE_ConfigPhy2MbpsViterbi
 .text.RAILCore_BLE_ConfigPhyCoded
                0x0000ee14       0x24 C:\Users\Sijin\Documents\SiLabs\BLE-Guide\BLE-soc-basic\platform\radio\rail_lib\autogen\librail_release\librail_module_efr32xg13_gcc_release.a(rail_ble.o)
                0x0000ee14                RAILINT_2ee23e3f7dca1747f4df921175595919
 .text.RAIL_BLE_ConfigPhyCoded
                0x0000ee38        0x8 C:\Users\Sijin\Documents\SiLabs\BLE-Guide\BLE-soc-basic\platform\radio\rail_lib\autogen\librail_release\librail_module_efr32xg13_gcc_release.a(rail_ble.o)
                0x0000ee38                RAIL_BLE_ConfigPhyCoded
 .text.RAILCore_BLE_ConfigChannelRadioParams
                0x0000ee40       0x52 C:\Users\Sijin\Documents\SiLabs\BLE-Guide\BLE-soc-basic\platform\radio\rail_lib\autogen\librail_release\librail_module_efr32xg13_gcc_release.a(rail_ble.o)
                0x0000ee40                RAILINT_301fd6966b03cc938549fcaff8ed0b8e
 .text.RAIL_BLE_ConfigChannelRadioParams
                0x0000ee92       0x12 C:\Users\Sijin\Documents\SiLabs\BLE-Guide\BLE-soc-basic\platform\radio\rail_lib\autogen\librail_release\librail_module_efr32xg13_gcc_release.a(rail_ble.o)
                0x0000ee92                RAIL_BLE_ConfigChannelRadioParams
 .text.RAIL_BLE_PhySwitchToRx
                0x0000eea4       0x20 C:\Users\Sijin\Documents\SiLabs\BLE-Guide\BLE-soc-basic\platform\radio\rail_lib\autogen\librail_release\librail_module_efr32xg13_gcc_release.a(rail_ble.o)
                0x0000eea4                RAIL_BLE_PhySwitchToRx
 .text.checkAndAddRxLenOverflowEntry.part.1
                0x0000eec4       0x34 C:\Users\Sijin\Documents\SiLabs\BLE-Guide\BLE-soc-basic\platform\radio\rail_lib\autogen\librail_release\librail_module_efr32xg13_gcc_release.a(rfhal_bufc.o)
 .text.BUFC_ReadHelper
                0x0000eef8       0x7a C:\Users\Sijin\Documents\SiLabs\BLE-Guide\BLE-soc-basic\platform\radio\rail_lib\autogen\librail_release\librail_module_efr32xg13_gcc_release.a(rfhal_bufc.o)
 *fill*         0x0000ef72        0x2 
 .text.BUFC_SetTxBuffer
                0x0000ef74       0x38 C:\Users\Sijin\Documents\SiLabs\BLE-Guide\BLE-soc-basic\platform\radio\rail_lib\autogen\librail_release\librail_module_efr32xg13_gcc_release.a(rfhal_bufc.o)
                0x0000ef74                RAILINT_8309d0303dd52c35776f1b9d204e124b
 .text.BUFC_SetRxBuffer
                0x0000efac       0x1c C:\Users\Sijin\Documents\SiLabs\BLE-Guide\BLE-soc-basic\platform\radio\rail_lib\autogen\librail_release\librail_module_efr32xg13_gcc_release.a(rfhal_bufc.o)
                0x0000efac                RAILINT_5bb11e8550b329b01c70a60522ae80ea
 .text.BUFC_WriteBuffer
                0x0000efc8       0xb0 C:\Users\Sijin\Documents\SiLabs\BLE-Guide\BLE-soc-basic\platform\radio\rail_lib\autogen\librail_release\librail_module_efr32xg13_gcc_release.a(rfhal_bufc.o)
                0x0000efc8                RAILINT_5a1f8c6c11575b3b85ca7be599aaafeb
 .text.BUFC_Peek
                0x0000f078       0x12 C:\Users\Sijin\Documents\SiLabs\BLE-Guide\BLE-soc-basic\platform\radio\rail_lib\autogen\librail_release\librail_module_efr32xg13_gcc_release.a(rfhal_bufc.o)
                0x0000f078                RAILINT_15165ba22b471a208be11581197fd0a6
 .text.BUFC_PeekByte
                0x0000f08a       0x46 C:\Users\Sijin\Documents\SiLabs\BLE-Guide\BLE-soc-basic\platform\radio\rail_lib\autogen\librail_release\librail_module_efr32xg13_gcc_release.a(rfhal_bufc.o)
                0x0000f08a                RAILINT_0f9d1e26abedef5a5603dcefe1e88cf3
 .text.BUFC_GetSpaceAvailable
                0x0000f0d0       0x24 C:\Users\Sijin\Documents\SiLabs\BLE-Guide\BLE-soc-basic\platform\radio\rail_lib\autogen\librail_release\librail_module_efr32xg13_gcc_release.a(rfhal_bufc.o)
                0x0000f0d0                RAILINT_919aec075a004cf38e79a044a3f11059
 .text.BUFC_GetBytesAvailable
                0x0000f0f4       0x14 C:\Users\Sijin\Documents\SiLabs\BLE-Guide\BLE-soc-basic\platform\radio\rail_lib\autogen\librail_release\librail_module_efr32xg13_gcc_release.a(rfhal_bufc.o)
                0x0000f0f4                RAILINT_87ca22770b2c0e007720e383f3143457
 .text.BUFC_TxAckBufferSet
                0x0000f108       0x2c C:\Users\Sijin\Documents\SiLabs\BLE-Guide\BLE-soc-basic\platform\radio\rail_lib\autogen\librail_release\librail_module_efr32xg13_gcc_release.a(rfhal_bufc.o)
                0x0000f108                RAILINT_93e90587b91cd23310b71dbf4dabe4b2
 .text.BUFC_RxBufferReset
                0x0000f134       0xa4 C:\Users\Sijin\Documents\SiLabs\BLE-Guide\BLE-soc-basic\platform\radio\rail_lib\autogen\librail_release\librail_module_efr32xg13_gcc_release.a(rfhal_bufc.o)
                0x0000f134                RAILINT_ea701df21b15aeabbf4f1b9be517a6fb
 .text.BUFC_Init
                0x0000f1d8       0x48 C:\Users\Sijin\Documents\SiLabs\BLE-Guide\BLE-soc-basic\platform\radio\rail_lib\autogen\librail_release\librail_module_efr32xg13_gcc_release.a(rfhal_bufc.o)
                0x0000f1d8                RAILINT_a154f20c4cb0ac49904161b332487077
 .text.BUFC_ReleaseRxPacket
                0x0000f220      0x148 C:\Users\Sijin\Documents\SiLabs\BLE-Guide\BLE-soc-basic\platform\radio\rail_lib\autogen\librail_release\librail_module_efr32xg13_gcc_release.a(rfhal_bufc.o)
                0x0000f220                RAILINT_e5f98ee4df05ffeec0898fd3dfcac7ef
 .text.BUFC_StartRxLenThrEvent
                0x0000f368       0x50 C:\Users\Sijin\Documents\SiLabs\BLE-Guide\BLE-soc-basic\platform\radio\rail_lib\autogen\librail_release\librail_module_efr32xg13_gcc_release.a(rfhal_bufc.o)
                0x0000f368                RAILINT_5028a6b9d4ee8edd2bfa4ed98465cea4
 .text.BUFC_EndRxLenThrEvent
                0x0000f3b8       0x1c C:\Users\Sijin\Documents\SiLabs\BLE-Guide\BLE-soc-basic\platform\radio\rail_lib\autogen\librail_release\librail_module_efr32xg13_gcc_release.a(rfhal_bufc.o)
                0x0000f3b8                RAILINT_c2c512a3329b63216a276e6e941de4c7
 .text.BUFC_HandleRxLenOvfEvent
                0x0000f3d4       0x30 C:\Users\Sijin\Documents\SiLabs\BLE-Guide\BLE-soc-basic\platform\radio\rail_lib\autogen\librail_release\librail_module_efr32xg13_gcc_release.a(rfhal_bufc.o)
                0x0000f3d4                RAILINT_317b2845ec8597b7fc18708aa55d49e9
 .text.BUFC_GetRxPacketInfo
                0x0000f404      0x16c C:\Users\Sijin\Documents\SiLabs\BLE-Guide\BLE-soc-basic\platform\radio\rail_lib\autogen\librail_release\librail_module_efr32xg13_gcc_release.a(rfhal_bufc.o)
                0x0000f404                RAILINT_ee328b192a18bb4569d7a778a9299c02
 .text.IRCAL_Set
                0x0000f570       0x1c C:\Users\Sijin\Documents\SiLabs\BLE-Guide\BLE-soc-basic\platform\radio\rail_lib\autogen\librail_release\librail_module_efr32xg13_gcc_release.a(rfhal_ircal.o)
                0x0000f570                RAILINT_67aee7cfdf57d15f6ecf2affca3224a0
 .text.RFHAL_ApplyIrCalibration
                0x0000f58c       0x18 C:\Users\Sijin\Documents\SiLabs\BLE-Guide\BLE-soc-basic\platform\radio\rail_lib\autogen\librail_release\librail_module_efr32xg13_gcc_release.a(rfhal_ircal.o)
                0x0000f58c                RAILINT_cdd58a3e55e8dd8d2fbbb62166e06b9f
 .text.RFHAL_LockModule
                0x0000f5a4       0x10 C:\Users\Sijin\Documents\SiLabs\BLE-Guide\BLE-soc-basic\platform\radio\rail_lib\autogen\librail_release\librail_module_efr32xg13_gcc_release.a(rfhal_module.o)
                0x0000f5a4                RAILINT_6063b5aa4967d9f3009567a70e96b700
 .text.MODULE_UnlockMask
                0x0000f5b4       0x1c C:\Users\Sijin\Documents\SiLabs\BLE-Guide\BLE-soc-basic\platform\radio\rail_lib\autogen\librail_release\librail_module_efr32xg13_gcc_release.a(rfhal_module.o)
 .text.RFHAL_UnlockModule
                0x0000f5d0       0x14 C:\Users\Sijin\Documents\SiLabs\BLE-Guide\BLE-soc-basic\platform\radio\rail_lib\autogen\librail_release\librail_module_efr32xg13_gcc_release.a(rfhal_module.o)
                0x0000f5d0                RAILINT_9e5a39b656d2a45af0b472d761e7ae36
 .text.RFHAL_ValidateTxPowerModule
                0x0000f5e4       0x1c C:\Users\Sijin\Documents\SiLabs\BLE-Guide\BLE-soc-basic\platform\radio\rail_lib\autogen\librail_release\librail_module_efr32xg13_gcc_release.a(rfhal_module.o)
                0x0000f5e4                RAILINT_b1b6d07988c2bfe6ce227a4f89bd02b6
 .text.RFHAL_VerifyTxPowerCurves
                0x0000f600       0x20 C:\Users\Sijin\Documents\SiLabs\BLE-Guide\BLE-soc-basic\platform\radio\rail_lib\autogen\librail_release\librail_module_efr32xg13_gcc_release.a(rfhal_module.o)
                0x0000f600                RAILINT_da49c243f6171fcb42b58511d90c5722
 .text.RFHAL_VerifyChannelConfig
                0x0000f620       0x20 C:\Users\Sijin\Documents\SiLabs\BLE-Guide\BLE-soc-basic\platform\radio\rail_lib\autogen\librail_release\librail_module_efr32xg13_gcc_release.a(rfhal_module.o)
                0x0000f620                RAILINT_93ff9f7864c62329282f1dfcb21c053a
 .text.getRampTimeFromLevelAndRate
                0x0000f640       0x20 C:\Users\Sijin\Documents\SiLabs\BLE-Guide\BLE-soc-basic\platform\radio\rail_lib\autogen\librail_release\librail_module_efr32xg13_gcc_release.a(rfhal_pa.o)
 .text.PA_ProtectPa
                0x0000f660       0xa0 C:\Users\Sijin\Documents\SiLabs\BLE-Guide\BLE-soc-basic\platform\radio\rail_lib\autogen\librail_release\librail_module_efr32xg13_gcc_release.a(rfhal_pa.o)
 .text.PA_GetTxPowerConfig
                0x0000f700       0x14 C:\Users\Sijin\Documents\SiLabs\BLE-Guide\BLE-soc-basic\platform\radio\rail_lib\autogen\librail_release\librail_module_efr32xg13_gcc_release.a(rfhal_pa.o)
                0x0000f700                RAILINT_932ebbe98dac87fff3c95166dfd8c7c0
 .text.PA_SetupMaxPowerLevel
                0x0000f714       0x2c C:\Users\Sijin\Documents\SiLabs\BLE-Guide\BLE-soc-basic\platform\radio\rail_lib\autogen\librail_release\librail_module_efr32xg13_gcc_release.a(rfhal_pa.o)
                0x0000f714                RAILINT_35b8763cff7a5eec3b0602741356482f
 .text.PA_GetMaxPowerLevel
                0x0000f740       0x18 C:\Users\Sijin\Documents\SiLabs\BLE-Guide\BLE-soc-basic\platform\radio\rail_lib\autogen\librail_release\librail_module_efr32xg13_gcc_release.a(rfhal_pa.o)
                0x0000f740                RAILINT_92cc3a029311f34f4b370cf65514053e
 .text.PA_SetPowerLevel
                0x0000f758      0x144 C:\Users\Sijin\Documents\SiLabs\BLE-Guide\BLE-soc-basic\platform\radio\rail_lib\autogen\librail_release\librail_module_efr32xg13_gcc_release.a(rfhal_pa.o)
                0x0000f758                RAILINT_111951cdcab0e53df3caf59855bd586f
 .text.PA_RunPeakDetectorHigh
                0x0000f89c       0x40 C:\Users\Sijin\Documents\SiLabs\BLE-Guide\BLE-soc-basic\platform\radio\rail_lib\autogen\librail_release\librail_module_efr32xg13_gcc_release.a(rfhal_pa.o)
                0x0000f89c                RAILINT_204c67562ebd95621b58d539bdea400e
 .text.PA_RunPeakDetectorLow
                0x0000f8dc        0x2 C:\Users\Sijin\Documents\SiLabs\BLE-Guide\BLE-soc-basic\platform\radio\rail_lib\autogen\librail_release\librail_module_efr32xg13_gcc_release.a(rfhal_pa.o)
                0x0000f8dc                RAILINT_04af9313654bef3ab5e8e115199470b6
 *fill*         0x0000f8de        0x2 
 .text.PA_RunBatHigh
                0x0000f8e0       0x2c C:\Users\Sijin\Documents\SiLabs\BLE-Guide\BLE-soc-basic\platform\radio\rail_lib\autogen\librail_release\librail_module_efr32xg13_gcc_release.a(rfhal_pa.o)
                0x0000f8e0                RAILINT_88c41a8a6f5616d99a71beb0476597f0
 .text.PA_GetRampTime
                0x0000f90c        0xc C:\Users\Sijin\Documents\SiLabs\BLE-Guide\BLE-soc-basic\platform\radio\rail_lib\autogen\librail_release\librail_module_efr32xg13_gcc_release.a(rfhal_pa.o)
                0x0000f90c                RAILINT_e36b7c2149b0a5f578057afe38466b6f
 .text.PA_CalcRampTime
                0x0000f918       0x30 C:\Users\Sijin\Documents\SiLabs\BLE-Guide\BLE-soc-basic\platform\radio\rail_lib\autogen\librail_release\librail_module_efr32xg13_gcc_release.a(rfhal_pa.o)
                0x0000f918                RAILINT_7f5009e9e8ae2d585591fce3b0ede158
 .text.PA_SetRampTime
                0x0000f948       0xf4 C:\Users\Sijin\Documents\SiLabs\BLE-Guide\BLE-soc-basic\platform\radio\rail_lib\autogen\librail_release\librail_module_efr32xg13_gcc_release.a(rfhal_pa.o)
                0x0000f948                RAILINT_04cbac11d3a00364f007965ea72d9ea7
 .text.PA_SetCTune
                0x0000fa3c       0x48 C:\Users\Sijin\Documents\SiLabs\BLE-Guide\BLE-soc-basic\platform\radio\rail_lib\autogen\librail_release\librail_module_efr32xg13_gcc_release.a(rfhal_pa.o)
                0x0000fa3c                RAILINT_381d199fb837968c69c779e56fcd91e4
 .text.PA_SelectBand
                0x0000fa84       0x38 C:\Users\Sijin\Documents\SiLabs\BLE-Guide\BLE-soc-basic\platform\radio\rail_lib\autogen\librail_release\librail_module_efr32xg13_gcc_release.a(rfhal_pa.o)
                0x0000fa84                RAILINT_0e606a7f698540bde52512e94cf3d9a7
 .text.PA_Config
                0x0000fabc      0x114 C:\Users\Sijin\Documents\SiLabs\BLE-Guide\BLE-soc-basic\platform\radio\rail_lib\autogen\librail_release\librail_module_efr32xg13_gcc_release.a(rfhal_pa.o)
                0x0000fabc                RAILINT_213b73c530964abd11d695e9b1ed253b
 .text.PROTIMER_Init
                0x0000fbd0       0xe4 C:\Users\Sijin\Documents\SiLabs\BLE-Guide\BLE-soc-basic\platform\radio\rail_lib\autogen\librail_release\librail_module_efr32xg13_gcc_release.a(rfhal_protimer.o)
                0x0000fbd0                RAILINT_8e105975b01e29d2917124d3a2a6edc9
 .text.PROTIMER_Start
                0x0000fcb4       0x1c C:\Users\Sijin\Documents\SiLabs\BLE-Guide\BLE-soc-basic\platform\radio\rail_lib\autogen\librail_release\librail_module_efr32xg13_gcc_release.a(rfhal_protimer.o)
                0x0000fcb4                RAILINT_16b5052241e30bfb5cd299c52e62f8ab
 .text.PROTIMER_Stop
                0x0000fcd0       0x28 C:\Users\Sijin\Documents\SiLabs\BLE-Guide\BLE-soc-basic\platform\radio\rail_lib\autogen\librail_release\librail_module_efr32xg13_gcc_release.a(rfhal_protimer.o)
                0x0000fcd0                RAILINT_d5de1ca8cdf3569f02c3a3b68a7980b1
 .text.PROTIMER_ElapsedTime
                0x0000fcf8       0x40 C:\Users\Sijin\Documents\SiLabs\BLE-Guide\BLE-soc-basic\platform\radio\rail_lib\autogen\librail_release\librail_module_efr32xg13_gcc_release.a(rfhal_protimer.o)
                0x0000fcf8                RAILINT_faf49abd7aa1ee55ef368f927cc12312
 .text.PROTIMER_CCTimerStop
                0x0000fd38       0x20 C:\Users\Sijin\Documents\SiLabs\BLE-Guide\BLE-soc-basic\platform\radio\rail_lib\autogen\librail_release\librail_module_efr32xg13_gcc_release.a(rfhal_protimer.o)
                0x0000fd38                RAILINT_a02b12e9c2bb9c2eaabcbe30bdd2b3ab
 .text.PROTIMER_CCTimerIsEnabled
                0x0000fd58       0x14 C:\Users\Sijin\Documents\SiLabs\BLE-Guide\BLE-soc-basic\platform\radio\rail_lib\autogen\librail_release\librail_module_efr32xg13_gcc_release.a(rfhal_protimer.o)
                0x0000fd58                RAILINT_d36178d195ebf16dc405b3d94462d8c7
 .text.PROTIMER_CCTimerCapture
                0x0000fd6c       0x18 C:\Users\Sijin\Documents\SiLabs\BLE-Guide\BLE-soc-basic\platform\radio\rail_lib\autogen\librail_release\librail_module_efr32xg13_gcc_release.a(rfhal_protimer.o)
                0x0000fd6c                RAILINT_0375c6c13bc042cb0fb6e2f58650d179
 .text.PROTIMER_ClearRxEnable
                0x0000fd84       0x10 C:\Users\Sijin\Documents\SiLabs\BLE-Guide\BLE-soc-basic\platform\radio\rail_lib\autogen\librail_release\librail_module_efr32xg13_gcc_release.a(rfhal_protimer.o)
                0x0000fd84                RAILINT_e179e0cd81ce6f553eab65f76ba8995f
 .text.PROTIMER_GetTime
                0x0000fd94       0x38 C:\Users\Sijin\Documents\SiLabs\BLE-Guide\BLE-soc-basic\platform\radio\rail_lib\autogen\librail_release\librail_module_efr32xg13_gcc_release.a(rfhal_protimer.o)
                0x0000fd94                RAILINT_d4d3f20345046551073e85d6afba339a
 .text.PROTIMER_GetCCTime
                0x0000fdcc       0x44 C:\Users\Sijin\Documents\SiLabs\BLE-Guide\BLE-soc-basic\platform\radio\rail_lib\autogen\librail_release\librail_module_efr32xg13_gcc_release.a(rfhal_protimer.o)
                0x0000fdcc                RAILINT_d0122fbf651c3850351f16d9746d13a1
 .text.PROTIMER_LBTStop
                0x0000fe10       0x18 C:\Users\Sijin\Documents\SiLabs\BLE-Guide\BLE-soc-basic\platform\radio\rail_lib\autogen\librail_release\librail_module_efr32xg13_gcc_release.a(rfhal_protimer.o)
                0x0000fe10                RAILINT_29c9defa35830e42db517a1c47cc114e
 .text.PROTIMER_PrecntOverflowToUs
                0x0000fe28       0x34 C:\Users\Sijin\Documents\SiLabs\BLE-Guide\BLE-soc-basic\platform\radio\rail_lib\autogen\librail_release\librail_module_efr32xg13_gcc_release.a(rfhal_protimer.o)
                0x0000fe28                RAILINT_1dfb7146b6c340088be45e5b808844a9
 .text.PROTIMER_GetUsTime
                0x0000fe5c       0x18 C:\Users\Sijin\Documents\SiLabs\BLE-Guide\BLE-soc-basic\platform\radio\rail_lib\autogen\librail_release\librail_module_efr32xg13_gcc_release.a(rfhal_protimer.o)
                0x0000fe5c                RAILINT_c5c43894280e7e5d092359ee0e4a3bcb
 .text.PROTIMER_GetUsFromRawWrap
                0x0000fe74       0x2e C:\Users\Sijin\Documents\SiLabs\BLE-Guide\BLE-soc-basic\platform\radio\rail_lib\autogen\librail_release\librail_module_efr32xg13_gcc_release.a(rfhal_protimer.o)
                0x0000fe74                RAILINT_f5e57f7db33b643d827c155e10988d10
 *fill*         0x0000fea2        0x2 
 .text.PROTIMER_UsToPrecntOverflow
                0x0000fea4       0x40 C:\Users\Sijin\Documents\SiLabs\BLE-Guide\BLE-soc-basic\platform\radio\rail_lib\autogen\librail_release\librail_module_efr32xg13_gcc_release.a(rfhal_protimer.o)
                0x0000fea4                RAILINT_ccd514e4dbf9d02a98e4bcbe2ec29d6b
 .text.PROTIMER_CCTimerStart
                0x0000fee4      0x1a8 C:\Users\Sijin\Documents\SiLabs\BLE-Guide\BLE-soc-basic\platform\radio\rail_lib\autogen\librail_release\librail_module_efr32xg13_gcc_release.a(rfhal_protimer.o)
                0x0000fee4                RAILINT_fea48c6a0a5dcb75b3cd7e0e0188d110
 .text.PROTIMER_ScheduleTxEnable
                0x0001008c       0x28 C:\Users\Sijin\Documents\SiLabs\BLE-Guide\BLE-soc-basic\platform\radio\rail_lib\autogen\librail_release\librail_module_efr32xg13_gcc_release.a(rfhal_protimer.o)
                0x0001008c                RAILINT_a118ea31f12aefa556a674d31417efb7
 .text.PROTIMER_ScheduleRxEnable
                0x000100b4       0x28 C:\Users\Sijin\Documents\SiLabs\BLE-Guide\BLE-soc-basic\platform\radio\rail_lib\autogen\librail_release\librail_module_efr32xg13_gcc_release.a(rfhal_protimer.o)
                0x000100b4                RAILINT_e89da3f2e1e076d7a6bdf9f1bf27449e
 .text.PROTIMER_ScheduleRxDisable
                0x000100dc       0x34 C:\Users\Sijin\Documents\SiLabs\BLE-Guide\BLE-soc-basic\platform\radio\rail_lib\autogen\librail_release\librail_module_efr32xg13_gcc_release.a(rfhal_protimer.o)
                0x000100dc                RAILINT_88947d7bdac61233a849a799ca9cfb74
 .text.PROTIMER_SetUsTime
                0x00010110       0x4c C:\Users\Sijin\Documents\SiLabs\BLE-Guide\BLE-soc-basic\platform\radio\rail_lib\autogen\librail_release\librail_module_efr32xg13_gcc_release.a(rfhal_protimer.o)
                0x00010110                RAILINT_481d5c40eb8faf984b1fe3f1c0edec80
 .text.PROTIMER_DelayUs
                0x0001015c       0x16 C:\Users\Sijin\Documents\SiLabs\BLE-Guide\BLE-soc-basic\platform\radio\rail_lib\autogen\librail_release\librail_module_efr32xg13_gcc_release.a(rfhal_protimer.o)
                0x0001015c                RAILINT_a3bef6a1689acfc8f4c844439ceb733c
 *fill*         0x00010172        0x2 
 .text.PTI_Config
                0x00010174       0xc0 C:\Users\Sijin\Documents\SiLabs\BLE-Guide\BLE-soc-basic\platform\radio\rail_lib\autogen\librail_release\librail_module_efr32xg13_gcc_release.a(rfhal_pti.o)
                0x00010174                RAILINT_cbcf41e99870520336197879a607a640
 .text.PTI_EnableAppendedInfo
                0x00010234       0x18 C:\Users\Sijin\Documents\SiLabs\BLE-Guide\BLE-soc-basic\platform\radio\rail_lib\autogen\librail_release\librail_module_efr32xg13_gcc_release.a(rfhal_pti.o)
                0x00010234                RAILINT_24a8a45a4a53cfb85f6ffa15e68f8787
 .text.PTI_Enable
                0x0001024c       0x50 C:\Users\Sijin\Documents\SiLabs\BLE-Guide\BLE-soc-basic\platform\radio\rail_lib\autogen\librail_release\librail_module_efr32xg13_gcc_release.a(rfhal_pti.o)
                0x0001024c                RAILINT_9fd746c1b0bdb9ddab1c3b0ce76b12dd
 .text.PTI_AuxdataOutput
                0x0001029c       0x1c C:\Users\Sijin\Documents\SiLabs\BLE-Guide\BLE-soc-basic\platform\radio\rail_lib\autogen\librail_release\librail_module_efr32xg13_gcc_release.a(rfhal_pti.o)
                0x0001029c                PTI_AuxdataOutput
 .text.PTI_EnableSyncword
                0x000102b8       0x18 C:\Users\Sijin\Documents\SiLabs\BLE-Guide\BLE-soc-basic\platform\radio\rail_lib\autogen\librail_release\librail_module_efr32xg13_gcc_release.a(rfhal_pti.o)
                0x000102b8                RAILINT_fc6b62c1b704b734494b785d25e03ad9
 .text.RADIO_GetOpcodeAddress
                0x000102d0       0x18 C:\Users\Sijin\Documents\SiLabs\BLE-Guide\BLE-soc-basic\platform\radio\rail_lib\autogen\librail_release\librail_module_efr32xg13_gcc_release.a(rfhal_radio.o)
                0x000102d0                RAILINT_887611763de1cbf6e85d5b354bcca426
 .text.RADIO_SetAndForgetWrite
                0x000102e8       0x74 C:\Users\Sijin\Documents\SiLabs\BLE-Guide\BLE-soc-basic\platform\radio\rail_lib\autogen\librail_release\librail_module_efr32xg13_gcc_release.a(rfhal_radio.o)
                0x000102e8                RAILINT_89727e3a666e4c7176188d30b8bafda4
 .text.RADIO_RewriteCcTableData
                0x0001035c       0x34 C:\Users\Sijin\Documents\SiLabs\BLE-Guide\BLE-soc-basic\platform\radio\rail_lib\autogen\librail_release\librail_module_efr32xg13_gcc_release.a(rfhal_radio.o)
                0x0001035c                RAILINT_603e1b7aab794606fde2f6f893967a07
 .text.RADIO_SeqInit
                0x00010390       0x40 C:\Users\Sijin\Documents\SiLabs\BLE-Guide\BLE-soc-basic\platform\radio\rail_lib\autogen\librail_release\librail_module_efr32xg13_gcc_release.a(rfhal_radio.o)
                0x00010390                RAILINT_0742fb6d07f3bc6569a4f853fab6d13b
 .text.RADIO_ClockEnable
                0x000103d0       0x14 C:\Users\Sijin\Documents\SiLabs\BLE-Guide\BLE-soc-basic\platform\radio\rail_lib\autogen\librail_release\librail_module_efr32xg13_gcc_release.a(rfhal_radio.o)
                0x000103d0                RAILINT_2f59d45cdf711c2da6f6c18c53307062
 .text.RADIO_Init
                0x000103e4       0x50 C:\Users\Sijin\Documents\SiLabs\BLE-Guide\BLE-soc-basic\platform\radio\rail_lib\autogen\librail_release\librail_module_efr32xg13_gcc_release.a(rfhal_radio.o)
                0x000103e4                RAILINT_3847d509158789abf28c8f309e81ccb4
 .text.RADIO_ClockFreqGet
                0x00010434       0x1c C:\Users\Sijin\Documents\SiLabs\BLE-Guide\BLE-soc-basic\platform\radio\rail_lib\autogen\librail_release\librail_module_efr32xg13_gcc_release.a(rfhal_radio.o)
                0x00010434                RAILINT_61072351127ca861ab3b792c81e2416a
 .text.RADIO_Config
                0x00010450       0x80 C:\Users\Sijin\Documents\SiLabs\BLE-Guide\BLE-soc-basic\platform\radio\rail_lib\autogen\librail_release\librail_module_efr32xg13_gcc_release.a(rfhal_radio.o)
                0x00010450                RAILINT_fba63741bb147dec4868880dd5d9d63b
 .text.RADIO_IsRxOnForRssi
                0x000104d0       0x18 C:\Users\Sijin\Documents\SiLabs\BLE-Guide\BLE-soc-basic\platform\radio\rail_lib\autogen\librail_release\librail_module_efr32xg13_gcc_release.a(rfhal_radio.o)
                0x000104d0                RAILINT_583160a38ded29811f0bca4a5d912643
 .text.RADIO_RxTrailDataLength
                0x000104e8       0x3c C:\Users\Sijin\Documents\SiLabs\BLE-Guide\BLE-soc-basic\platform\radio\rail_lib\autogen\librail_release\librail_module_efr32xg13_gcc_release.a(rfhal_radio.o)
                0x000104e8                RAILINT_5a04132ce805a59a193609f39293693e
 .text.RADIO_ComputeTxBaudrate
                0x00010524       0x24 C:\Users\Sijin\Documents\SiLabs\BLE-Guide\BLE-soc-basic\platform\radio\rail_lib\autogen\librail_release\librail_module_efr32xg13_gcc_release.a(rfhal_radio.o)
                0x00010524                RAILINT_b494240258c762f2a0b1205382bd1fb8
 .text.RADIO_ComputeTxSymbolRate
                0x00010548       0x54 C:\Users\Sijin\Documents\SiLabs\BLE-Guide\BLE-soc-basic\platform\radio\rail_lib\autogen\librail_release\librail_module_efr32xg13_gcc_release.a(rfhal_radio.o)
                0x00010548                RAILINT_169261901d85d559dfe41fa25954b0ac
 .text.RADIO_ComputeTxBitRate
                0x0001059c       0x44 C:\Users\Sijin\Documents\SiLabs\BLE-Guide\BLE-soc-basic\platform\radio\rail_lib\autogen\librail_release\librail_module_efr32xg13_gcc_release.a(rfhal_radio.o)
                0x0001059c                RAILINT_8d5ef3d5fbac807521da6706684ec428
 .text.RADIO_GetRssi
                0x000105e0       0x64 C:\Users\Sijin\Documents\SiLabs\BLE-Guide\BLE-soc-basic\platform\radio\rail_lib\autogen\librail_release\librail_module_efr32xg13_gcc_release.a(rfhal_radio.o)
                0x000105e0                RAILINT_49c1638648869baaf18ca93f541e7dd3
 .text.RADIO_SetCRCInitVal
                0x00010644       0x10 C:\Users\Sijin\Documents\SiLabs\BLE-Guide\BLE-soc-basic\platform\radio\rail_lib\autogen\librail_release\librail_module_efr32xg13_gcc_release.a(rfhal_radio.o)
                0x00010644                RAILINT_7a60cef4872b4c8ff86f7346719e565a
 .text.RFSENSE_IRQHandler
                0x00010654       0x10 C:\Users\Sijin\Documents\SiLabs\BLE-Guide\BLE-soc-basic\platform\radio\rail_lib\autogen\librail_release\librail_module_efr32xg13_gcc_release.a(rfhal_rfsense.o)
                0x00010654                RFSENSE_IRQHandler
 .text.RTCCSYNC_RTCCClockFreqGet